Build output check failed:
    Regex: 'command[- ]line option .* is valid for .* but not for C'
    Output line: 'cc1: warning: command-line option '-Wnon-virtual-dtor' is valid for C++/ObjC++ but not for C'
Compilation failed:
    source file: '/home/debix/ase-gocv/opencv/opencv-4.8.1/build/CMakeFiles/CMakeTmp/src.c'
    check option: ' -fsigned-char -W -Wall -Wreturn-type  -Wnon-virtual-dtor'
===== BUILD LOG =====
Change Dir: /home/debix/ase-gocv/opencv/opencv-4.8.1/build/CMakeFiles/CMakeTmp

Run Build Command(s):/usr/bin/gmake -f Makefile cmTC_c68e5/fast && gmake[1]: Entering directory '/home/debix/ase-gocv/opencv/opencv-4.8.1/build/CMakeFiles/CMakeTmp'
/usr/bin/gmake  -f CMakeFiles/cmTC_c68e5.dir/build.make CMakeFiles/cmTC_c68e5.dir/build
gmake[2]: Entering directory '/home/debix/ase-gocv/opencv/opencv-4.8.1/build/CMakeFiles/CMakeTmp'
/usr/bin/cmake: /usr/lib/libcurl.so.4: no version information available (required by /usr/bin/cmake)
Building C object CMakeFiles/cmTC_c68e5.dir/src.c.o
/usr/bin/cc   -O3 -DNDEBUG -fPIE    -fsigned-char -W -Wall -Wreturn-type  -Wnon-virtual-dtor -o CMakeFiles/cmTC_c68e5.dir/src.c.o -c /home/debix/ase-gocv/opencv/opencv-4.8.1/build/CMakeFiles/CMakeTmp/src.c
cc1: warning: command-line option '-Wnon-virtual-dtor' is valid for C++/ObjC++ but not for C
/home/debix/ase-gocv/opencv/opencv-4.8.1/build/CMakeFiles/CMakeTmp/src.c:1: warning: ignoring '#pragma  ' [-Wunknown-pragmas]
    1 | #pragma
      | 
/usr/bin/cmake: /usr/lib/libcurl.so.4: no version information available (required by /usr/bin/cmake)
Linking C executable cmTC_c68e5
/usr/bin/cmake -E cmake_link_script CMakeFiles/cmTC_c68e5.dir/link.txt --verbose=1
/usr/bin/cmake: /usr/lib/libcurl.so.4: no version information available (required by /usr/bin/cmake)
/usr/bin/cc -O3 -DNDEBUG CMakeFiles/cmTC_c68e5.dir/src.c.o -o cmTC_c68e5 
gmake[2]: Leaving directory '/home/debix/ase-gocv/opencv/opencv-4.8.1/build/CMakeFiles/CMakeTmp'
gmake[1]: Leaving directory '/home/debix/ase-gocv/opencv/opencv-4.8.1/build/CMakeFiles/CMakeTmp'


===== END =====

Build output check failed:
    Regex: 'command[- ]line option .* is valid for .* but not for C\+\+'
    Output line: 'cc1plus: warning: command-line option '-Wmissing-prototypes' is valid for C/ObjC but not for C++'
Compilation failed:
    source file: '/home/debix/ase-gocv/opencv/opencv-4.8.1/build/CMakeFiles/CMakeTmp/src.cxx'
    check option: ' -fsigned-char -W -Wall -Wreturn-type -Wnon-virtual-dtor -Waddress -Wsequence-point -Wformat -Wformat-security -Wmissing-declarations  -Wmissing-prototypes'
===== BUILD LOG =====
Change Dir: /home/debix/ase-gocv/opencv/opencv-4.8.1/build/CMakeFiles/CMakeTmp

Run Build Command(s):/usr/bin/gmake -f Makefile cmTC_6ea15/fast && gmake[1]: Entering directory '/home/debix/ase-gocv/opencv/opencv-4.8.1/build/CMakeFiles/CMakeTmp'
/usr/bin/gmake  -f CMakeFiles/cmTC_6ea15.dir/build.make CMakeFiles/cmTC_6ea15.dir/build
gmake[2]: Entering directory '/home/debix/ase-gocv/opencv/opencv-4.8.1/build/CMakeFiles/CMakeTmp'
/usr/bin/cmake: /usr/lib/libcurl.so.4: no version information available (required by /usr/bin/cmake)
Building CXX object CMakeFiles/cmTC_6ea15.dir/src.cxx.o
/usr/bin/c++   -O3 -DNDEBUG -fPIE    -fsigned-char -W -Wall -Wreturn-type -Wnon-virtual-dtor -Waddress -Wsequence-point -Wformat -Wformat-security -Wmissing-declarations  -Wmissing-prototypes -std=c++11 -o CMakeFiles/cmTC_6ea15.dir/src.cxx.o -c /home/debix/ase-gocv/opencv/opencv-4.8.1/build/CMakeFiles/CMakeTmp/src.cxx
cc1plus: warning: command-line option '-Wmissing-prototypes' is valid for C/ObjC but not for C++
/home/debix/ase-gocv/opencv/opencv-4.8.1/build/CMakeFiles/CMakeTmp/src.cxx:1: warning: ignoring '#pragma  ' [-Wunknown-pragmas]
    1 | #pragma
      | 
/usr/bin/cmake: /usr/lib/libcurl.so.4: no version information available (required by /usr/bin/cmake)
Linking CXX executable cmTC_6ea15
/usr/bin/cmake -E cmake_link_script CMakeFiles/cmTC_6ea15.dir/link.txt --verbose=1
/usr/bin/cmake: /usr/lib/libcurl.so.4: no version information available (required by /usr/bin/cmake)
/usr/bin/c++ -O3 -DNDEBUG CMakeFiles/cmTC_6ea15.dir/src.cxx.o -o cmTC_6ea15 
gmake[2]: Leaving directory '/home/debix/ase-gocv/opencv/opencv-4.8.1/build/CMakeFiles/CMakeTmp'
gmake[1]: Leaving directory '/home/debix/ase-gocv/opencv/opencv-4.8.1/build/CMakeFiles/CMakeTmp'


===== END =====

Build output check failed:
    Regex: 'command[- ]line option .* is valid for .* but not for C\+\+'
    Output line: 'cc1plus: warning: command-line option '-Wstrict-prototypes' is valid for C/ObjC but not for C++'
Compilation failed:
    source file: '/home/debix/ase-gocv/opencv/opencv-4.8.1/build/CMakeFiles/CMakeTmp/src.cxx'
    check option: ' -fsigned-char -W -Wall -Wreturn-type -Wnon-virtual-dtor -Waddress -Wsequence-point -Wformat -Wformat-security -Wmissing-declarations  -Wstrict-prototypes'
===== BUILD LOG =====
Change Dir: /home/debix/ase-gocv/opencv/opencv-4.8.1/build/CMakeFiles/CMakeTmp

Run Build Command(s):/usr/bin/gmake -f Makefile cmTC_9383a/fast && gmake[1]: Entering directory '/home/debix/ase-gocv/opencv/opencv-4.8.1/build/CMakeFiles/CMakeTmp'
/usr/bin/gmake  -f CMakeFiles/cmTC_9383a.dir/build.make CMakeFiles/cmTC_9383a.dir/build
gmake[2]: Entering directory '/home/debix/ase-gocv/opencv/opencv-4.8.1/build/CMakeFiles/CMakeTmp'
/usr/bin/cmake: /usr/lib/libcurl.so.4: no version information available (required by /usr/bin/cmake)
Building CXX object CMakeFiles/cmTC_9383a.dir/src.cxx.o
/usr/bin/c++   -O3 -DNDEBUG -fPIE    -fsigned-char -W -Wall -Wreturn-type -Wnon-virtual-dtor -Waddress -Wsequence-point -Wformat -Wformat-security -Wmissing-declarations  -Wstrict-prototypes -std=c++11 -o CMakeFiles/cmTC_9383a.dir/src.cxx.o -c /home/debix/ase-gocv/opencv/opencv-4.8.1/build/CMakeFiles/CMakeTmp/src.cxx
cc1plus: warning: command-line option '-Wstrict-prototypes' is valid for C/ObjC but not for C++
/home/debix/ase-gocv/opencv/opencv-4.8.1/build/CMakeFiles/CMakeTmp/src.cxx:1: warning: ignoring '#pragma  ' [-Wunknown-pragmas]
    1 | #pragma
      | 
/usr/bin/cmake: /usr/lib/libcurl.so.4: no version information available (required by /usr/bin/cmake)
Linking CXX executable cmTC_9383a
/usr/bin/cmake -E cmake_link_script CMakeFiles/cmTC_9383a.dir/link.txt --verbose=1
/usr/bin/cmake: /usr/lib/libcurl.so.4: no version information available (required by /usr/bin/cmake)
/usr/bin/c++ -O3 -DNDEBUG CMakeFiles/cmTC_9383a.dir/src.cxx.o -o cmTC_9383a 
gmake[2]: Leaving directory '/home/debix/ase-gocv/opencv/opencv-4.8.1/build/CMakeFiles/CMakeTmp'
gmake[1]: Leaving directory '/home/debix/ase-gocv/opencv/opencv-4.8.1/build/CMakeFiles/CMakeTmp'


===== END =====

Build output check failed:
    Regex: 'command[- ]line option .* is valid for .* but not for C'
    Output line: 'cc1: warning: command-line option '-Wsign-promo' is valid for C++/ObjC++ but not for C'
Compilation failed:
    source file: '/home/debix/ase-gocv/opencv/opencv-4.8.1/build/CMakeFiles/CMakeTmp/src.c'
    check option: ' -fsigned-char -W -Wall -Wreturn-type -Waddress -Wsequence-point -Wformat -Wformat-security -Wmissing-declarations -Wmissing-prototypes -Wstrict-prototypes -Wundef -Winit-self -Wpointer-arith -Wshadow  -Wsign-promo'
===== BUILD LOG =====
Change Dir: /home/debix/ase-gocv/opencv/opencv-4.8.1/build/CMakeFiles/CMakeTmp

Run Build Command(s):/usr/bin/gmake -f Makefile cmTC_bdc12/fast && gmake[1]: Entering directory '/home/debix/ase-gocv/opencv/opencv-4.8.1/build/CMakeFiles/CMakeTmp'
/usr/bin/gmake  -f CMakeFiles/cmTC_bdc12.dir/build.make CMakeFiles/cmTC_bdc12.dir/build
gmake[2]: Entering directory '/home/debix/ase-gocv/opencv/opencv-4.8.1/build/CMakeFiles/CMakeTmp'
/usr/bin/cmake: /usr/lib/libcurl.so.4: no version information available (required by /usr/bin/cmake)
Building C object CMakeFiles/cmTC_bdc12.dir/src.c.o
/usr/bin/cc   -O3 -DNDEBUG -fPIE    -fsigned-char -W -Wall -Wreturn-type -Waddress -Wsequence-point -Wformat -Wformat-security -Wmissing-declarations -Wmissing-prototypes -Wstrict-prototypes -Wundef -Winit-self -Wpointer-arith -Wshadow  -Wsign-promo -o CMakeFiles/cmTC_bdc12.dir/src.c.o -c /home/debix/ase-gocv/opencv/opencv-4.8.1/build/CMakeFiles/CMakeTmp/src.c
cc1: warning: command-line option '-Wsign-promo' is valid for C++/ObjC++ but not for C
/home/debix/ase-gocv/opencv/opencv-4.8.1/build/CMakeFiles/CMakeTmp/src.c:1: warning: ignoring '#pragma  ' [-Wunknown-pragmas]
    1 | #pragma
      | 
/usr/bin/cmake: /usr/lib/libcurl.so.4: no version information available (required by /usr/bin/cmake)
Linking C executable cmTC_bdc12
/usr/bin/cmake -E cmake_link_script CMakeFiles/cmTC_bdc12.dir/link.txt --verbose=1
/usr/bin/cmake: /usr/lib/libcurl.so.4: no version information available (required by /usr/bin/cmake)
/usr/bin/cc -O3 -DNDEBUG CMakeFiles/cmTC_bdc12.dir/src.c.o -o cmTC_bdc12 
gmake[2]: Leaving directory '/home/debix/ase-gocv/opencv/opencv-4.8.1/build/CMakeFiles/CMakeTmp'
gmake[1]: Leaving directory '/home/debix/ase-gocv/opencv/opencv-4.8.1/build/CMakeFiles/CMakeTmp'


===== END =====

Build output check failed:
    Regex: 'command[- ]line option .* is valid for .* but not for C'
    Output line: 'cc1: warning: command-line option '-Wsuggest-override' is valid for C++/ObjC++ but not for C'
Compilation failed:
    source file: '/home/debix/ase-gocv/opencv/opencv-4.8.1/build/CMakeFiles/CMakeTmp/src.c'
    check option: ' -fsigned-char -W -Wall -Wreturn-type -Waddress -Wsequence-point -Wformat -Wformat-security -Wmissing-declarations -Wmissing-prototypes -Wstrict-prototypes -Wundef -Winit-self -Wpointer-arith -Wshadow -Wuninitialized  -Wsuggest-override'
===== BUILD LOG =====
Change Dir: /home/debix/ase-gocv/opencv/opencv-4.8.1/build/CMakeFiles/CMakeTmp

Run Build Command(s):/usr/bin/gmake -f Makefile cmTC_1fd3e/fast && gmake[1]: Entering directory '/home/debix/ase-gocv/opencv/opencv-4.8.1/build/CMakeFiles/CMakeTmp'
/usr/bin/gmake  -f CMakeFiles/cmTC_1fd3e.dir/build.make CMakeFiles/cmTC_1fd3e.dir/build
gmake[2]: Entering directory '/home/debix/ase-gocv/opencv/opencv-4.8.1/build/CMakeFiles/CMakeTmp'
/usr/bin/cmake: /usr/lib/libcurl.so.4: no version information available (required by /usr/bin/cmake)
Building C object CMakeFiles/cmTC_1fd3e.dir/src.c.o
/usr/bin/cc   -O3 -DNDEBUG -fPIE    -fsigned-char -W -Wall -Wreturn-type -Waddress -Wsequence-point -Wformat -Wformat-security -Wmissing-declarations -Wmissing-prototypes -Wstrict-prototypes -Wundef -Winit-self -Wpointer-arith -Wshadow -Wuninitialized  -Wsuggest-override -o CMakeFiles/cmTC_1fd3e.dir/src.c.o -c /home/debix/ase-gocv/opencv/opencv-4.8.1/build/CMakeFiles/CMakeTmp/src.c
cc1: warning: command-line option '-Wsuggest-override' is valid for C++/ObjC++ but not for C
/home/debix/ase-gocv/opencv/opencv-4.8.1/build/CMakeFiles/CMakeTmp/src.c:1: warning: ignoring '#pragma  ' [-Wunknown-pragmas]
    1 | #pragma
      | 
/usr/bin/cmake: /usr/lib/libcurl.so.4: no version information available (required by /usr/bin/cmake)
Linking C executable cmTC_1fd3e
/usr/bin/cmake -E cmake_link_script CMakeFiles/cmTC_1fd3e.dir/link.txt --verbose=1
/usr/bin/cmake: /usr/lib/libcurl.so.4: no version information available (required by /usr/bin/cmake)
/usr/bin/cc -O3 -DNDEBUG CMakeFiles/cmTC_1fd3e.dir/src.c.o -o cmTC_1fd3e 
gmake[2]: Leaving directory '/home/debix/ase-gocv/opencv/opencv-4.8.1/build/CMakeFiles/CMakeTmp'
gmake[1]: Leaving directory '/home/debix/ase-gocv/opencv/opencv-4.8.1/build/CMakeFiles/CMakeTmp'


===== END =====

Build output check failed:
    Regex: 'command[- ]line option .* is valid for .* but not for C'
    Output line: 'cc1: warning: command-line option '-Wno-delete-non-virtual-dtor' is valid for C++/ObjC++ but not for C'
Compilation failed:
    source file: '/home/debix/ase-gocv/opencv/opencv-4.8.1/build/CMakeFiles/CMakeTmp/src.c'
    check option: ' -fsigned-char -W -Wall -Wreturn-type -Waddress -Wsequence-point -Wformat -Wformat-security -Wmissing-declarations -Wmissing-prototypes -Wstrict-prototypes -Wundef -Winit-self -Wpointer-arith -Wshadow -Wuninitialized  -Wno-delete-non-virtual-dtor'
===== BUILD LOG =====
Change Dir: /home/debix/ase-gocv/opencv/opencv-4.8.1/build/CMakeFiles/CMakeTmp

Run Build Command(s):/usr/bin/gmake -f Makefile cmTC_6067a/fast && gmake[1]: Entering directory '/home/debix/ase-gocv/opencv/opencv-4.8.1/build/CMakeFiles/CMakeTmp'
/usr/bin/gmake  -f CMakeFiles/cmTC_6067a.dir/build.make CMakeFiles/cmTC_6067a.dir/build
gmake[2]: Entering directory '/home/debix/ase-gocv/opencv/opencv-4.8.1/build/CMakeFiles/CMakeTmp'
/usr/bin/cmake: /usr/lib/libcurl.so.4: no version information available (required by /usr/bin/cmake)
Building C object CMakeFiles/cmTC_6067a.dir/src.c.o
/usr/bin/cc   -O3 -DNDEBUG -fPIE    -fsigned-char -W -Wall -Wreturn-type -Waddress -Wsequence-point -Wformat -Wformat-security -Wmissing-declarations -Wmissing-prototypes -Wstrict-prototypes -Wundef -Winit-self -Wpointer-arith -Wshadow -Wuninitialized  -Wno-delete-non-virtual-dtor -o CMakeFiles/cmTC_6067a.dir/src.c.o -c /home/debix/ase-gocv/opencv/opencv-4.8.1/build/CMakeFiles/CMakeTmp/src.c
cc1: warning: command-line option '-Wno-delete-non-virtual-dtor' is valid for C++/ObjC++ but not for C
/home/debix/ase-gocv/opencv/opencv-4.8.1/build/CMakeFiles/CMakeTmp/src.c:1: warning: ignoring '#pragma  ' [-Wunknown-pragmas]
    1 | #pragma
      | 
/usr/bin/cmake: /usr/lib/libcurl.so.4: no version information available (required by /usr/bin/cmake)
Linking C executable cmTC_6067a
/usr/bin/cmake -E cmake_link_script CMakeFiles/cmTC_6067a.dir/link.txt --verbose=1
/usr/bin/cmake: /usr/lib/libcurl.so.4: no version information available (required by /usr/bin/cmake)
/usr/bin/cc -O3 -DNDEBUG CMakeFiles/cmTC_6067a.dir/src.c.o -o cmTC_6067a 
gmake[2]: Leaving directory '/home/debix/ase-gocv/opencv/opencv-4.8.1/build/CMakeFiles/CMakeTmp'
gmake[1]: Leaving directory '/home/debix/ase-gocv/opencv/opencv-4.8.1/build/CMakeFiles/CMakeTmp'


===== END =====

Build output check failed:
    Regex: 'unrecognized .*option'
    Output line: 'cc1plus: note: unrecognized command-line option '-Wno-unnamed-type-template-args' may have been intended to silence earlier diagnostics'
Compilation failed:
    source file: '/home/debix/ase-gocv/opencv/opencv-4.8.1/build/CMakeFiles/CMakeTmp/src.cxx'
    check option: ' -fsigned-char -W -Wall -Wreturn-type -Wnon-virtual-dtor -Waddress -Wsequence-point -Wformat -Wformat-security -Wmissing-declarations -Wundef -Winit-self -Wpointer-arith -Wshadow -Wsign-promo -Wuninitialized -Wsuggest-override -Wno-delete-non-virtual-dtor  -Wno-unnamed-type-template-args'
===== BUILD LOG =====
Change Dir: /home/debix/ase-gocv/opencv/opencv-4.8.1/build/CMakeFiles/CMakeTmp

Run Build Command(s):/usr/bin/gmake -f Makefile cmTC_fa245/fast && gmake[1]: Entering directory '/home/debix/ase-gocv/opencv/opencv-4.8.1/build/CMakeFiles/CMakeTmp'
/usr/bin/gmake  -f CMakeFiles/cmTC_fa245.dir/build.make CMakeFiles/cmTC_fa245.dir/build
gmake[2]: Entering directory '/home/debix/ase-gocv/opencv/opencv-4.8.1/build/CMakeFiles/CMakeTmp'
/usr/bin/cmake: /usr/lib/libcurl.so.4: no version information available (required by /usr/bin/cmake)
Building CXX object CMakeFiles/cmTC_fa245.dir/src.cxx.o
/usr/bin/c++   -O3 -DNDEBUG -fPIE    -fsigned-char -W -Wall -Wreturn-type -Wnon-virtual-dtor -Waddress -Wsequence-point -Wformat -Wformat-security -Wmissing-declarations -Wundef -Winit-self -Wpointer-arith -Wshadow -Wsign-promo -Wuninitialized -Wsuggest-override -Wno-delete-non-virtual-dtor  -Wno-unnamed-type-template-args -std=c++11 -o CMakeFiles/cmTC_fa245.dir/src.cxx.o -c /home/debix/ase-gocv/opencv/opencv-4.8.1/build/CMakeFiles/CMakeTmp/src.cxx
/home/debix/ase-gocv/opencv/opencv-4.8.1/build/CMakeFiles/CMakeTmp/src.cxx:1: warning: ignoring '#pragma  ' [-Wunknown-pragmas]
    1 | #pragma
      | 
cc1plus: note: unrecognized command-line option '-Wno-unnamed-type-template-args' may have been intended to silence earlier diagnostics
/usr/bin/cmake: /usr/lib/libcurl.so.4: no version information available (required by /usr/bin/cmake)
Linking CXX executable cmTC_fa245
/usr/bin/cmake -E cmake_link_script CMakeFiles/cmTC_fa245.dir/link.txt --verbose=1
/usr/bin/cmake: /usr/lib/libcurl.so.4: no version information available (required by /usr/bin/cmake)
/usr/bin/c++ -O3 -DNDEBUG CMakeFiles/cmTC_fa245.dir/src.cxx.o -o cmTC_fa245 
gmake[2]: Leaving directory '/home/debix/ase-gocv/opencv/opencv-4.8.1/build/CMakeFiles/CMakeTmp'
gmake[1]: Leaving directory '/home/debix/ase-gocv/opencv/opencv-4.8.1/build/CMakeFiles/CMakeTmp'


===== END =====

Build output check failed:
    Regex: 'unrecognized .*option'
    Output line: 'cc1: note: unrecognized command-line option '-Wno-unnamed-type-template-args' may have been intended to silence earlier diagnostics'
Compilation failed:
    source file: '/home/debix/ase-gocv/opencv/opencv-4.8.1/build/CMakeFiles/CMakeTmp/src.c'
    check option: ' -fsigned-char -W -Wall -Wreturn-type -Waddress -Wsequence-point -Wformat -Wformat-security -Wmissing-declarations -Wmissing-prototypes -Wstrict-prototypes -Wundef -Winit-self -Wpointer-arith -Wshadow -Wuninitialized  -Wno-unnamed-type-template-args'
===== BUILD LOG =====
Change Dir: /home/debix/ase-gocv/opencv/opencv-4.8.1/build/CMakeFiles/CMakeTmp

Run Build Command(s):/usr/bin/gmake -f Makefile cmTC_5b7fe/fast && gmake[1]: Entering directory '/home/debix/ase-gocv/opencv/opencv-4.8.1/build/CMakeFiles/CMakeTmp'
/usr/bin/gmake  -f CMakeFiles/cmTC_5b7fe.dir/build.make CMakeFiles/cmTC_5b7fe.dir/build
gmake[2]: Entering directory '/home/debix/ase-gocv/opencv/opencv-4.8.1/build/CMakeFiles/CMakeTmp'
/usr/bin/cmake: /usr/lib/libcurl.so.4: no version information available (required by /usr/bin/cmake)
Building C object CMakeFiles/cmTC_5b7fe.dir/src.c.o
/usr/bin/cc   -O3 -DNDEBUG -fPIE    -fsigned-char -W -Wall -Wreturn-type -Waddress -Wsequence-point -Wformat -Wformat-security -Wmissing-declarations -Wmissing-prototypes -Wstrict-prototypes -Wundef -Winit-self -Wpointer-arith -Wshadow -Wuninitialized  -Wno-unnamed-type-template-args -o CMakeFiles/cmTC_5b7fe.dir/src.c.o -c /home/debix/ase-gocv/opencv/opencv-4.8.1/build/CMakeFiles/CMakeTmp/src.c
/home/debix/ase-gocv/opencv/opencv-4.8.1/build/CMakeFiles/CMakeTmp/src.c:1: warning: ignoring '#pragma  ' [-Wunknown-pragmas]
    1 | #pragma
      | 
cc1: note: unrecognized command-line option '-Wno-unnamed-type-template-args' may have been intended to silence earlier diagnostics
/usr/bin/cmake: /usr/lib/libcurl.so.4: no version information available (required by /usr/bin/cmake)
Linking C executable cmTC_5b7fe
/usr/bin/cmake -E cmake_link_script CMakeFiles/cmTC_5b7fe.dir/link.txt --verbose=1
/usr/bin/cmake: /usr/lib/libcurl.so.4: no version information available (required by /usr/bin/cmake)
/usr/bin/cc -O3 -DNDEBUG CMakeFiles/cmTC_5b7fe.dir/src.c.o -o cmTC_5b7fe 
gmake[2]: Leaving directory '/home/debix/ase-gocv/opencv/opencv-4.8.1/build/CMakeFiles/CMakeTmp'
gmake[1]: Leaving directory '/home/debix/ase-gocv/opencv/opencv-4.8.1/build/CMakeFiles/CMakeTmp'


===== END =====

Build output check failed:
    Regex: 'command[- ]line option .* is valid for .* but not for C'
    Output line: 'cc1: warning: command-line option '-fvisibility-inlines-hidden' is valid for C++/ObjC++ but not for C'
Compilation failed:
    source file: '/home/debix/ase-gocv/opencv/opencv-4.8.1/build/CMakeFiles/CMakeTmp/src.c'
    check option: ' -fsigned-char -W -Wall -Wreturn-type -Waddress -Wsequence-point -Wformat -Wformat-security -Wmissing-declarations -Wmissing-prototypes -Wstrict-prototypes -Wundef -Winit-self -Wpointer-arith -Wshadow -Wuninitialized -Wno-comment -Wimplicit-fallthrough=3 -Wno-strict-overflow -fdiagnostics-show-option -pthread -fomit-frame-pointer -ffunction-sections -fdata-sections    -fvisibility=hidden  -fvisibility-inlines-hidden'
===== BUILD LOG =====
Change Dir: /home/debix/ase-gocv/opencv/opencv-4.8.1/build/CMakeFiles/CMakeTmp

Run Build Command(s):/usr/bin/gmake -f Makefile cmTC_b203d/fast && gmake[1]: Entering directory '/home/debix/ase-gocv/opencv/opencv-4.8.1/build/CMakeFiles/CMakeTmp'
/usr/bin/gmake  -f CMakeFiles/cmTC_b203d.dir/build.make CMakeFiles/cmTC_b203d.dir/build
gmake[2]: Entering directory '/home/debix/ase-gocv/opencv/opencv-4.8.1/build/CMakeFiles/CMakeTmp'
/usr/bin/cmake: /usr/lib/libcurl.so.4: no version information available (required by /usr/bin/cmake)
Building C object CMakeFiles/cmTC_b203d.dir/src.c.o
/usr/bin/cc   -O3 -DNDEBUG -fPIE    -fsigned-char -W -Wall -Wreturn-type -Waddress -Wsequence-point -Wformat -Wformat-security -Wmissing-declarations -Wmissing-prototypes -Wstrict-prototypes -Wundef -Winit-self -Wpointer-arith -Wshadow -Wuninitialized -Wno-comment -Wimplicit-fallthrough=3 -Wno-strict-overflow -fdiagnostics-show-option -pthread -fomit-frame-pointer -ffunction-sections -fdata-sections    -fvisibility=hidden  -fvisibility-inlines-hidden -o CMakeFiles/cmTC_b203d.dir/src.c.o -c /home/debix/ase-gocv/opencv/opencv-4.8.1/build/CMakeFiles/CMakeTmp/src.c
cc1: warning: command-line option '-fvisibility-inlines-hidden' is valid for C++/ObjC++ but not for C
/home/debix/ase-gocv/opencv/opencv-4.8.1/build/CMakeFiles/CMakeTmp/src.c:1: warning: ignoring '#pragma  ' [-Wunknown-pragmas]
    1 | #pragma
      | 
/usr/bin/cmake: /usr/lib/libcurl.so.4: no version information available (required by /usr/bin/cmake)
Linking C executable cmTC_b203d
/usr/bin/cmake -E cmake_link_script CMakeFiles/cmTC_b203d.dir/link.txt --verbose=1
/usr/bin/cmake: /usr/lib/libcurl.so.4: no version information available (required by /usr/bin/cmake)
/usr/bin/cc -O3 -DNDEBUG CMakeFiles/cmTC_b203d.dir/src.c.o -o cmTC_b203d 
gmake[2]: Leaving directory '/home/debix/ase-gocv/opencv/opencv-4.8.1/build/CMakeFiles/CMakeTmp'
gmake[1]: Leaving directory '/home/debix/ase-gocv/opencv/opencv-4.8.1/build/CMakeFiles/CMakeTmp'


===== END =====

Build output check failed:
    Regex: 'unrecognized .*option'
    Output line: 'cc1: note: unrecognized command-line option '-Wno-implicit-const-int-float-conversion' may have been intended to silence earlier diagnostics'
Compilation failed:
    source file: '/home/debix/ase-gocv/opencv/opencv-4.8.1/build/CMakeFiles/CMakeTmp/src.c'
    check option: ' -Wno-implicit-const-int-float-conversion'
===== BUILD LOG =====
Change Dir: /home/debix/ase-gocv/opencv/opencv-4.8.1/build/CMakeFiles/CMakeTmp

Run Build Command(s):/usr/bin/gmake -f Makefile cmTC_d6669/fast && gmake[1]: Entering directory '/home/debix/ase-gocv/opencv/opencv-4.8.1/build/CMakeFiles/CMakeTmp'
/usr/bin/gmake  -f CMakeFiles/cmTC_d6669.dir/build.make CMakeFiles/cmTC_d6669.dir/build
gmake[2]: Entering directory '/home/debix/ase-gocv/opencv/opencv-4.8.1/build/CMakeFiles/CMakeTmp'
/usr/bin/cmake: /usr/lib/libcurl.so.4: no version information available (required by /usr/bin/cmake)
Building C object CMakeFiles/cmTC_d6669.dir/src.c.o
/usr/bin/cc   -fsigned-char -W -Wall -Wreturn-type -Waddress -Wsequence-point -Wformat -Wformat-security -Wmissing-declarations -Wmissing-prototypes -Wstrict-prototypes -Wundef -Winit-self -Wpointer-arith -Wshadow -Wuninitialized -Wno-comment -Wimplicit-fallthrough=3 -Wno-strict-overflow -fdiagnostics-show-option -pthread -fomit-frame-pointer -ffunction-sections -fdata-sections    -fvisibility=hidden  -O3 -DNDEBUG  -DNDEBUG -fPIE    -Wno-implicit-const-int-float-conversion -o CMakeFiles/cmTC_d6669.dir/src.c.o -c /home/debix/ase-gocv/opencv/opencv-4.8.1/build/CMakeFiles/CMakeTmp/src.c
/home/debix/ase-gocv/opencv/opencv-4.8.1/build/CMakeFiles/CMakeTmp/src.c:1: warning: ignoring '#pragma  ' [-Wunknown-pragmas]
    1 | #pragma
      | 
cc1: note: unrecognized command-line option '-Wno-implicit-const-int-float-conversion' may have been intended to silence earlier diagnostics
/usr/bin/cmake: /usr/lib/libcurl.so.4: no version information available (required by /usr/bin/cmake)
Linking C executable cmTC_d6669
/usr/bin/cmake -E cmake_link_script CMakeFiles/cmTC_d6669.dir/link.txt --verbose=1
/usr/bin/cmake: /usr/lib/libcurl.so.4: no version information available (required by /usr/bin/cmake)
/usr/bin/cc    -fsigned-char -W -Wall -Wreturn-type -Waddress -Wsequence-point -Wformat -Wformat-security -Wmissing-declarations -Wmissing-prototypes -Wstrict-prototypes -Wundef -Winit-self -Wpointer-arith -Wshadow -Wuninitialized -Wno-comment -Wimplicit-fallthrough=3 -Wno-strict-overflow -fdiagnostics-show-option -pthread -fomit-frame-pointer -ffunction-sections -fdata-sections    -fvisibility=hidden  -O3 -DNDEBUG  -DNDEBUG   -Wl,--gc-sections -Wl,--as-needed -Wl,--no-undefined  CMakeFiles/cmTC_d6669.dir/src.c.o -o cmTC_d6669 
gmake[2]: Leaving directory '/home/debix/ase-gocv/opencv/opencv-4.8.1/build/CMakeFiles/CMakeTmp'
gmake[1]: Leaving directory '/home/debix/ase-gocv/opencv/opencv-4.8.1/build/CMakeFiles/CMakeTmp'


===== END =====

Determining if the _aligned_malloc exist failed with the following output:
Change Dir: /home/debix/ase-gocv/opencv/opencv-4.8.1/build/CMakeFiles/CMakeTmp

Run Build Command(s):/usr/bin/gmake -f Makefile cmTC_ae8c9/fast && gmake[1]: Entering directory '/home/debix/ase-gocv/opencv/opencv-4.8.1/build/CMakeFiles/CMakeTmp'
/usr/bin/gmake  -f CMakeFiles/cmTC_ae8c9.dir/build.make CMakeFiles/cmTC_ae8c9.dir/build
gmake[2]: Entering directory '/home/debix/ase-gocv/opencv/opencv-4.8.1/build/CMakeFiles/CMakeTmp'
/usr/bin/cmake: /usr/lib/libcurl.so.4: no version information available (required by /usr/bin/cmake)
Building C object CMakeFiles/cmTC_ae8c9.dir/CheckSymbolExists.c.o
/usr/bin/cc   -fsigned-char -W -Wall -Wreturn-type -Waddress -Wsequence-point -Wformat -Wformat-security -Wstrict-prototypes -Wundef -Winit-self -Wpointer-arith -Wshadow -Wuninitialized -Wno-comment -Wimplicit-fallthrough=3 -Wno-strict-overflow -fdiagnostics-show-option -pthread -fomit-frame-pointer -ffunction-sections -fdata-sections    -fvisibility=hidden -Wno-unused-but-set-variable -Wno-missing-prototypes -Wno-missing-declarations  -O3 -DNDEBUG  -DNDEBUG -fPIE -o CMakeFiles/cmTC_ae8c9.dir/CheckSymbolExists.c.o -c /home/debix/ase-gocv/opencv/opencv-4.8.1/build/CMakeFiles/CMakeTmp/CheckSymbolExists.c
/home/debix/ase-gocv/opencv/opencv-4.8.1/build/CMakeFiles/CMakeTmp/CheckSymbolExists.c: In function 'main':
/home/debix/ase-gocv/opencv/opencv-4.8.1/build/CMakeFiles/CMakeTmp/CheckSymbolExists.c:8:19: error: '_aligned_malloc' undeclared (first use in this function)
    8 |   return ((int*)(&_aligned_malloc))[argc];
      |                   ^~~~~~~~~~~~~~~
/home/debix/ase-gocv/opencv/opencv-4.8.1/build/CMakeFiles/CMakeTmp/CheckSymbolExists.c:8:19: note: each undeclared identifier is reported only once for each function it appears in
/home/debix/ase-gocv/opencv/opencv-4.8.1/build/CMakeFiles/CMakeTmp/CheckSymbolExists.c:4:14: warning: parameter 'argc' set but not used [-Wunused-but-set-parameter]
    4 | int main(int argc, char** argv)
      |          ~~~~^~~~
gmake[2]: *** [CMakeFiles/cmTC_ae8c9.dir/build.make:78: CMakeFiles/cmTC_ae8c9.dir/CheckSymbolExists.c.o] Error 1
gmake[2]: Leaving directory '/home/debix/ase-gocv/opencv/opencv-4.8.1/build/CMakeFiles/CMakeTmp'
gmake[1]: *** [Makefile:127: cmTC_ae8c9/fast] Error 2
gmake[1]: Leaving directory '/home/debix/ase-gocv/opencv/opencv-4.8.1/build/CMakeFiles/CMakeTmp'


File /home/debix/ase-gocv/opencv/opencv-4.8.1/build/CMakeFiles/CMakeTmp/CheckSymbolExists.c:
/* */
#include <malloc.h>

int main(int argc, char** argv)
{
  (void)argv;
#ifndef _aligned_malloc
  return ((int*)(&_aligned_malloc))[argc];
#else
  (void)argc;
  return 0;
#endif
}
Build output check failed:
    Regex: 'unrecognized .*option'
    Output line: 'cc1plus: note: unrecognized command-line option '-Wno-inconsistent-missing-override' may have been intended to silence earlier diagnostics'
Compilation failed:
    source file: '/home/debix/ase-gocv/opencv/opencv-4.8.1/build/CMakeFiles/CMakeTmp/src.cxx'
    check option: ' -Wno-inconsistent-missing-override'
===== BUILD LOG =====
Change Dir: /home/debix/ase-gocv/opencv/opencv-4.8.1/build/CMakeFiles/CMakeTmp

Run Build Command(s):/usr/bin/gmake -f Makefile cmTC_b92ce/fast && gmake[1]: Entering directory '/home/debix/ase-gocv/opencv/opencv-4.8.1/build/CMakeFiles/CMakeTmp'
/usr/bin/gmake  -f CMakeFiles/cmTC_b92ce.dir/build.make CMakeFiles/cmTC_b92ce.dir/build
gmake[2]: Entering directory '/home/debix/ase-gocv/opencv/opencv-4.8.1/build/CMakeFiles/CMakeTmp'
/usr/bin/cmake: /usr/lib/libcurl.so.4: no version information available (required by /usr/bin/cmake)
Building CXX object CMakeFiles/cmTC_b92ce.dir/src.cxx.o
/usr/bin/c++   -fsigned-char -W -Wall -Wreturn-type -Wnon-virtual-dtor -Waddress -Wsequence-point -Wformat -Wformat-security -Winit-self -Wpointer-arith -Wsign-promo -Wno-delete-non-virtual-dtor -Wno-comment -Wimplicit-fallthrough=3 -Wno-strict-overflow -fdiagnostics-show-option -pthread -fomit-frame-pointer -ffunction-sections -fdata-sections    -fvisibility=hidden -fvisibility-inlines-hidden -Wno-shadow -Wno-unused -Wno-sign-compare -Wno-undef -Wno-missing-declarations -Wno-uninitialized -Wno-switch -Wno-parentheses -Wno-array-bounds -Wno-extra -Wno-deprecated-declarations -Wno-misleading-indentation -Wno-deprecated -Wno-suggest-override  -O3 -DNDEBUG  -DNDEBUG -fPIE    -Wno-inconsistent-missing-override -std=c++11 -o CMakeFiles/cmTC_b92ce.dir/src.cxx.o -c /home/debix/ase-gocv/opencv/opencv-4.8.1/build/CMakeFiles/CMakeTmp/src.cxx
/home/debix/ase-gocv/opencv/opencv-4.8.1/build/CMakeFiles/CMakeTmp/src.cxx:1: warning: ignoring '#pragma  ' [-Wunknown-pragmas]
    1 | #pragma
      | 
cc1plus: note: unrecognized command-line option '-Wno-inconsistent-missing-override' may have been intended to silence earlier diagnostics
/usr/bin/cmake: /usr/lib/libcurl.so.4: no version information available (required by /usr/bin/cmake)
Linking CXX executable cmTC_b92ce
/usr/bin/cmake -E cmake_link_script CMakeFiles/cmTC_b92ce.dir/link.txt --verbose=1
/usr/bin/cmake: /usr/lib/libcurl.so.4: no version information available (required by /usr/bin/cmake)
/usr/bin/c++    -fsigned-char -W -Wall -Wreturn-type -Wnon-virtual-dtor -Waddress -Wsequence-point -Wformat -Wformat-security -Winit-self -Wpointer-arith -Wsign-promo -Wno-delete-non-virtual-dtor -Wno-comment -Wimplicit-fallthrough=3 -Wno-strict-overflow -fdiagnostics-show-option -pthread -fomit-frame-pointer -ffunction-sections -fdata-sections    -fvisibility=hidden -fvisibility-inlines-hidden -Wno-shadow -Wno-unused -Wno-sign-compare -Wno-undef -Wno-missing-declarations -Wno-uninitialized -Wno-switch -Wno-parentheses -Wno-array-bounds -Wno-extra -Wno-deprecated-declarations -Wno-misleading-indentation -Wno-deprecated -Wno-suggest-override  -O3 -DNDEBUG  -DNDEBUG   -Wl,--gc-sections -Wl,--as-needed -Wl,--no-undefined  CMakeFiles/cmTC_b92ce.dir/src.cxx.o -o cmTC_b92ce 
gmake[2]: Leaving directory '/home/debix/ase-gocv/opencv/opencv-4.8.1/build/CMakeFiles/CMakeTmp'
gmake[1]: Leaving directory '/home/debix/ase-gocv/opencv/opencv-4.8.1/build/CMakeFiles/CMakeTmp'


===== END =====

Build output check failed:
    Regex: 'command[- ]line option .* is valid for .* but not for C\+\+'
    Output line: 'cc1plus: warning: command-line option '-Wno-missing-prototypes' is valid for C/ObjC but not for C++'
Compilation failed:
    source file: '/home/debix/ase-gocv/opencv/opencv-4.8.1/build/CMakeFiles/CMakeTmp/src.cxx'
    check option: ' -Wno-missing-prototypes'
===== BUILD LOG =====
Change Dir: /home/debix/ase-gocv/opencv/opencv-4.8.1/build/CMakeFiles/CMakeTmp

Run Build Command(s):/usr/bin/gmake -f Makefile cmTC_bb424/fast && gmake[1]: Entering directory '/home/debix/ase-gocv/opencv/opencv-4.8.1/build/CMakeFiles/CMakeTmp'
/usr/bin/gmake  -f CMakeFiles/cmTC_bb424.dir/build.make CMakeFiles/cmTC_bb424.dir/build
gmake[2]: Entering directory '/home/debix/ase-gocv/opencv/opencv-4.8.1/build/CMakeFiles/CMakeTmp'
/usr/bin/cmake: /usr/lib/libcurl.so.4: no version information available (required by /usr/bin/cmake)
Building CXX object CMakeFiles/cmTC_bb424.dir/src.cxx.o
/usr/bin/c++   -fsigned-char -W -Wall -Wreturn-type -Wnon-virtual-dtor -Waddress -Wsequence-point -Wformat -Wformat-security -Winit-self -Wpointer-arith -Wsign-promo -Wno-delete-non-virtual-dtor -Wno-comment -Wno-strict-overflow -fdiagnostics-show-option -pthread -fomit-frame-pointer -ffunction-sections -fdata-sections    -fvisibility=hidden -fvisibility-inlines-hidden -Wno-shadow -Wno-unused -Wno-sign-compare -Wno-undef -Wno-missing-declarations -Wno-uninitialized -Wno-switch -Wno-parentheses -Wno-array-bounds -Wno-extra -Wno-deprecated-declarations -Wno-misleading-indentation -Wno-deprecated -Wno-suggest-override -Wno-implicit-fallthrough -Wno-tautological-compare  -O3 -DNDEBUG  -DNDEBUG -fPIE    -Wno-missing-prototypes -std=c++11 -o CMakeFiles/cmTC_bb424.dir/src.cxx.o -c /home/debix/ase-gocv/opencv/opencv-4.8.1/build/CMakeFiles/CMakeTmp/src.cxx
cc1plus: warning: command-line option '-Wno-missing-prototypes' is valid for C/ObjC but not for C++
/home/debix/ase-gocv/opencv/opencv-4.8.1/build/CMakeFiles/CMakeTmp/src.cxx:1: warning: ignoring '#pragma  ' [-Wunknown-pragmas]
    1 | #pragma
      | 
/usr/bin/cmake: /usr/lib/libcurl.so.4: no version information available (required by /usr/bin/cmake)
Linking CXX executable cmTC_bb424
/usr/bin/cmake -E cmake_link_script CMakeFiles/cmTC_bb424.dir/link.txt --verbose=1
/usr/bin/cmake: /usr/lib/libcurl.so.4: no version information available (required by /usr/bin/cmake)
/usr/bin/c++    -fsigned-char -W -Wall -Wreturn-type -Wnon-virtual-dtor -Waddress -Wsequence-point -Wformat -Wformat-security -Winit-self -Wpointer-arith -Wsign-promo -Wno-delete-non-virtual-dtor -Wno-comment -Wno-strict-overflow -fdiagnostics-show-option -pthread -fomit-frame-pointer -ffunction-sections -fdata-sections    -fvisibility=hidden -fvisibility-inlines-hidden -Wno-shadow -Wno-unused -Wno-sign-compare -Wno-undef -Wno-missing-declarations -Wno-uninitialized -Wno-switch -Wno-parentheses -Wno-array-bounds -Wno-extra -Wno-deprecated-declarations -Wno-misleading-indentation -Wno-deprecated -Wno-suggest-override -Wno-implicit-fallthrough -Wno-tautological-compare  -O3 -DNDEBUG  -DNDEBUG   -Wl,--gc-sections -Wl,--as-needed -Wl,--no-undefined  CMakeFiles/cmTC_bb424.dir/src.cxx.o -o cmTC_bb424 
gmake[2]: Leaving directory '/home/debix/ase-gocv/opencv/opencv-4.8.1/build/CMakeFiles/CMakeTmp'
gmake[1]: Leaving directory '/home/debix/ase-gocv/opencv/opencv-4.8.1/build/CMakeFiles/CMakeTmp'


===== END =====

Build output check failed:
    Regex: 'unrecognized .*option'
    Output line: 'cc1plus: note: unrecognized command-line option '-Wno-implicit-const-int-float-conversion' may have been intended to silence earlier diagnostics'
Compilation failed:
    source file: '/home/debix/ase-gocv/opencv/opencv-4.8.1/build/CMakeFiles/CMakeTmp/src.cxx'
    check option: ' -Wno-implicit-const-int-float-conversion'
===== BUILD LOG =====
Change Dir: /home/debix/ase-gocv/opencv/opencv-4.8.1/build/CMakeFiles/CMakeTmp

Run Build Command(s):/usr/bin/gmake -f Makefile cmTC_c2247/fast && gmake[1]: Entering directory '/home/debix/ase-gocv/opencv/opencv-4.8.1/build/CMakeFiles/CMakeTmp'
/usr/bin/gmake  -f CMakeFiles/cmTC_c2247.dir/build.make CMakeFiles/cmTC_c2247.dir/build
gmake[2]: Entering directory '/home/debix/ase-gocv/opencv/opencv-4.8.1/build/CMakeFiles/CMakeTmp'
/usr/bin/cmake: /usr/lib/libcurl.so.4: no version information available (required by /usr/bin/cmake)
Building CXX object CMakeFiles/cmTC_c2247.dir/src.cxx.o
/usr/bin/c++   -fsigned-char -W -Wall -Wreturn-type -Wnon-virtual-dtor -Waddress -Wsequence-point -Wformat -Wformat-security -Winit-self -Wpointer-arith -Wsign-promo -Wno-delete-non-virtual-dtor -Wno-comment -Wno-strict-overflow -fdiagnostics-show-option -pthread -fomit-frame-pointer -ffunction-sections -fdata-sections    -fvisibility=hidden -fvisibility-inlines-hidden -Wno-shadow -Wno-unused -Wno-sign-compare -Wno-undef -Wno-missing-declarations -Wno-uninitialized -Wno-switch -Wno-parentheses -Wno-array-bounds -Wno-extra -Wno-deprecated-declarations -Wno-misleading-indentation -Wno-deprecated -Wno-suggest-override -Wno-implicit-fallthrough -Wno-tautological-compare -Wno-reorder -Wno-unused-result  -O3 -DNDEBUG  -DNDEBUG -fPIE    -Wno-implicit-const-int-float-conversion -std=c++11 -o CMakeFiles/cmTC_c2247.dir/src.cxx.o -c /home/debix/ase-gocv/opencv/opencv-4.8.1/build/CMakeFiles/CMakeTmp/src.cxx
/home/debix/ase-gocv/opencv/opencv-4.8.1/build/CMakeFiles/CMakeTmp/src.cxx:1: warning: ignoring '#pragma  ' [-Wunknown-pragmas]
    1 | #pragma
      | 
cc1plus: note: unrecognized command-line option '-Wno-implicit-const-int-float-conversion' may have been intended to silence earlier diagnostics
/usr/bin/cmake: /usr/lib/libcurl.so.4: no version information available (required by /usr/bin/cmake)
Linking CXX executable cmTC_c2247
/usr/bin/cmake -E cmake_link_script CMakeFiles/cmTC_c2247.dir/link.txt --verbose=1
/usr/bin/cmake: /usr/lib/libcurl.so.4: no version information available (required by /usr/bin/cmake)
/usr/bin/c++    -fsigned-char -W -Wall -Wreturn-type -Wnon-virtual-dtor -Waddress -Wsequence-point -Wformat -Wformat-security -Winit-self -Wpointer-arith -Wsign-promo -Wno-delete-non-virtual-dtor -Wno-comment -Wno-strict-overflow -fdiagnostics-show-option -pthread -fomit-frame-pointer -ffunction-sections -fdata-sections    -fvisibility=hidden -fvisibility-inlines-hidden -Wno-shadow -Wno-unused -Wno-sign-compare -Wno-undef -Wno-missing-declarations -Wno-uninitialized -Wno-switch -Wno-parentheses -Wno-array-bounds -Wno-extra -Wno-deprecated-declarations -Wno-misleading-indentation -Wno-deprecated -Wno-suggest-override -Wno-implicit-fallthrough -Wno-tautological-compare -Wno-reorder -Wno-unused-result  -O3 -DNDEBUG  -DNDEBUG   -Wl,--gc-sections -Wl,--as-needed -Wl,--no-undefined  CMakeFiles/cmTC_c2247.dir/src.cxx.o -o cmTC_c2247 
gmake[2]: Leaving directory '/home/debix/ase-gocv/opencv/opencv-4.8.1/build/CMakeFiles/CMakeTmp'
gmake[1]: Leaving directory '/home/debix/ase-gocv/opencv/opencv-4.8.1/build/CMakeFiles/CMakeTmp'


===== END =====

Determining if the function sgemm_ exists failed with the following output:
Change Dir: /home/debix/ase-gocv/opencv/opencv-4.8.1/build/CMakeFiles/CMakeTmp

Run Build Command(s):/usr/bin/gmake -f Makefile cmTC_b39c7/fast && gmake[1]: Entering directory '/home/debix/ase-gocv/opencv/opencv-4.8.1/build/CMakeFiles/CMakeTmp'
/usr/bin/gmake  -f CMakeFiles/cmTC_b39c7.dir/build.make CMakeFiles/cmTC_b39c7.dir/build
gmake[2]: Entering directory '/home/debix/ase-gocv/opencv/opencv-4.8.1/build/CMakeFiles/CMakeTmp'
/usr/bin/cmake: /usr/lib/libcurl.so.4: no version information available (required by /usr/bin/cmake)
Building C object CMakeFiles/cmTC_b39c7.dir/CheckFunctionExists.c.o
/usr/bin/cc   -fsigned-char -W -Wall -Wreturn-type -Waddress -Wsequence-point -Wformat -Wformat-security -Wmissing-declarations -Wmissing-prototypes -Wstrict-prototypes -Wundef -Winit-self -Wpointer-arith -Wshadow -Wuninitialized -Wno-comment -Wimplicit-fallthrough=3 -Wno-strict-overflow -fdiagnostics-show-option -pthread -fomit-frame-pointer -ffunction-sections -fdata-sections    -fvisibility=hidden -DCHECK_FUNCTION_EXISTS=sgemm_ -O3 -DNDEBUG  -DNDEBUG -fPIE -o CMakeFiles/cmTC_b39c7.dir/CheckFunctionExists.c.o -c /usr/share/cmake-3.22/Modules/CheckFunctionExists.c
/usr/bin/cmake: /usr/lib/libcurl.so.4: no version information available (required by /usr/bin/cmake)
Linking C executable cmTC_b39c7
/usr/bin/cmake -E cmake_link_script CMakeFiles/cmTC_b39c7.dir/link.txt --verbose=1
/usr/bin/cmake: /usr/lib/libcurl.so.4: no version information available (required by /usr/bin/cmake)
/usr/bin/cc    -fsigned-char -W -Wall -Wreturn-type -Waddress -Wsequence-point -Wformat -Wformat-security -Wmissing-declarations -Wmissing-prototypes -Wstrict-prototypes -Wundef -Winit-self -Wpointer-arith -Wshadow -Wuninitialized -Wno-comment -Wimplicit-fallthrough=3 -Wno-strict-overflow -fdiagnostics-show-option -pthread -fomit-frame-pointer -ffunction-sections -fdata-sections    -fvisibility=hidden -DCHECK_FUNCTION_EXISTS=sgemm_ -O3 -DNDEBUG  -DNDEBUG   -Wl,--gc-sections -Wl,--as-needed -Wl,--no-undefined  CMakeFiles/cmTC_b39c7.dir/CheckFunctionExists.c.o -o cmTC_b39c7 
/usr/bin/ld: CMakeFiles/cmTC_b39c7.dir/CheckFunctionExists.c.o: in function `main':
CheckFunctionExists.c:(.text.startup.main+0x10): undefined reference to `sgemm_'
collect2: error: ld returned 1 exit status
gmake[2]: *** [CMakeFiles/cmTC_b39c7.dir/build.make:99: cmTC_b39c7] Error 1
gmake[2]: Leaving directory '/home/debix/ase-gocv/opencv/opencv-4.8.1/build/CMakeFiles/CMakeTmp'
gmake[1]: *** [Makefile:127: cmTC_b39c7/fast] Error 2
gmake[1]: Leaving directory '/home/debix/ase-gocv/opencv/opencv-4.8.1/build/CMakeFiles/CMakeTmp'



Build output check failed:
    Regex: 'unrecognized .*option'
    Output line: 'cc1plus: note: unrecognized command-line option '-Wno-tautological-undefined-compare' may have been intended to silence earlier diagnostics'
Compilation failed:
    source file: '/home/debix/ase-gocv/opencv/opencv-4.8.1/build/CMakeFiles/CMakeTmp/src.cxx'
    check option: ' -Wno-tautological-undefined-compare'
===== BUILD LOG =====
Change Dir: /home/debix/ase-gocv/opencv/opencv-4.8.1/build/CMakeFiles/CMakeTmp

Run Build Command(s):/usr/bin/gmake -f Makefile cmTC_9699e/fast && gmake[1]: Entering directory '/home/debix/ase-gocv/opencv/opencv-4.8.1/build/CMakeFiles/CMakeTmp'
/usr/bin/gmake  -f CMakeFiles/cmTC_9699e.dir/build.make CMakeFiles/cmTC_9699e.dir/build
gmake[2]: Entering directory '/home/debix/ase-gocv/opencv/opencv-4.8.1/build/CMakeFiles/CMakeTmp'
/usr/bin/cmake: /usr/lib/libcurl.so.4: no version information available (required by /usr/bin/cmake)
Building CXX object CMakeFiles/cmTC_9699e.dir/src.cxx.o
/usr/bin/c++   -fsigned-char -W -Wall -Wreturn-type -Wnon-virtual-dtor -Waddress -Wsequence-point -Wformat -Wformat-security -Winit-self -Wpointer-arith -Wuninitialized -Wsuggest-override -Wno-delete-non-virtual-dtor -Wno-comment -Wimplicit-fallthrough=3 -Wno-strict-overflow -fdiagnostics-show-option -pthread -fomit-frame-pointer -ffunction-sections -fdata-sections    -fvisibility=hidden -fvisibility-inlines-hidden -Wno-deprecated -Wno-missing-declarations -Wno-shadow -Wno-unused-parameter -Wno-unused-local-typedefs -Wno-sign-compare -Wno-sign-promo -Wno-undef  -O3 -DNDEBUG  -DNDEBUG -fPIE    -Wno-tautological-undefined-compare -std=c++11 -o CMakeFiles/cmTC_9699e.dir/src.cxx.o -c /home/debix/ase-gocv/opencv/opencv-4.8.1/build/CMakeFiles/CMakeTmp/src.cxx
/home/debix/ase-gocv/opencv/opencv-4.8.1/build/CMakeFiles/CMakeTmp/src.cxx:1: warning: ignoring '#pragma  ' [-Wunknown-pragmas]
    1 | #pragma
      | 
cc1plus: note: unrecognized command-line option '-Wno-tautological-undefined-compare' may have been intended to silence earlier diagnostics
/usr/bin/cmake: /usr/lib/libcurl.so.4: no version information available (required by /usr/bin/cmake)
Linking CXX executable cmTC_9699e
/usr/bin/cmake -E cmake_link_script CMakeFiles/cmTC_9699e.dir/link.txt --verbose=1
/usr/bin/cmake: /usr/lib/libcurl.so.4: no version information available (required by /usr/bin/cmake)
/usr/bin/c++    -fsigned-char -W -Wall -Wreturn-type -Wnon-virtual-dtor -Waddress -Wsequence-point -Wformat -Wformat-security -Winit-self -Wpointer-arith -Wuninitialized -Wsuggest-override -Wno-delete-non-virtual-dtor -Wno-comment -Wimplicit-fallthrough=3 -Wno-strict-overflow -fdiagnostics-show-option -pthread -fomit-frame-pointer -ffunction-sections -fdata-sections    -fvisibility=hidden -fvisibility-inlines-hidden -Wno-deprecated -Wno-missing-declarations -Wno-shadow -Wno-unused-parameter -Wno-unused-local-typedefs -Wno-sign-compare -Wno-sign-promo -Wno-undef  -O3 -DNDEBUG  -DNDEBUG   -Wl,--gc-sections -Wl,--as-needed -Wl,--no-undefined  CMakeFiles/cmTC_9699e.dir/src.cxx.o -o cmTC_9699e 
gmake[2]: Leaving directory '/home/debix/ase-gocv/opencv/opencv-4.8.1/build/CMakeFiles/CMakeTmp'
gmake[1]: Leaving directory '/home/debix/ase-gocv/opencv/opencv-4.8.1/build/CMakeFiles/CMakeTmp'


===== END =====

Build output check failed:
    Regex: 'unrecognized .*option'
    Output line: 'cc1plus: note: unrecognized command-line option '-Wno-shorten-64-to-32' may have been intended to silence earlier diagnostics'
Compilation failed:
    source file: '/home/debix/ase-gocv/opencv/opencv-4.8.1/build/CMakeFiles/CMakeTmp/src.cxx'
    check option: ' -Wno-shorten-64-to-32'
===== BUILD LOG =====
Change Dir: /home/debix/ase-gocv/opencv/opencv-4.8.1/build/CMakeFiles/CMakeTmp

Run Build Command(s):/usr/bin/gmake -f Makefile cmTC_2f42f/fast && gmake[1]: Entering directory '/home/debix/ase-gocv/opencv/opencv-4.8.1/build/CMakeFiles/CMakeTmp'
/usr/bin/gmake  -f CMakeFiles/cmTC_2f42f.dir/build.make CMakeFiles/cmTC_2f42f.dir/build
gmake[2]: Entering directory '/home/debix/ase-gocv/opencv/opencv-4.8.1/build/CMakeFiles/CMakeTmp'
/usr/bin/cmake: /usr/lib/libcurl.so.4: no version information available (required by /usr/bin/cmake)
Building CXX object CMakeFiles/cmTC_2f42f.dir/src.cxx.o
/usr/bin/c++   -fsigned-char -W -Wall -Wreturn-type -Wnon-virtual-dtor -Waddress -Wsequence-point -Wformat -Wformat-security -Winit-self -Wpointer-arith -Wuninitialized -Wsuggest-override -Wno-delete-non-virtual-dtor -Wno-comment -Wimplicit-fallthrough=3 -Wno-strict-overflow -fdiagnostics-show-option -pthread -fomit-frame-pointer -ffunction-sections -fdata-sections    -fvisibility=hidden -fvisibility-inlines-hidden -Wno-deprecated -Wno-missing-declarations -Wno-shadow -Wno-unused-parameter -Wno-unused-local-typedefs -Wno-sign-compare -Wno-sign-promo -Wno-undef -Wno-ignored-qualifiers -Wno-extra -Wno-unused-function -Wno-unused-const-variable  -O3 -DNDEBUG  -DNDEBUG -fPIE    -Wno-shorten-64-to-32 -std=c++11 -o CMakeFiles/cmTC_2f42f.dir/src.cxx.o -c /home/debix/ase-gocv/opencv/opencv-4.8.1/build/CMakeFiles/CMakeTmp/src.cxx
/home/debix/ase-gocv/opencv/opencv-4.8.1/build/CMakeFiles/CMakeTmp/src.cxx:1: warning: ignoring '#pragma  ' [-Wunknown-pragmas]
    1 | #pragma
      | 
cc1plus: note: unrecognized command-line option '-Wno-shorten-64-to-32' may have been intended to silence earlier diagnostics
/usr/bin/cmake: /usr/lib/libcurl.so.4: no version information available (required by /usr/bin/cmake)
Linking CXX executable cmTC_2f42f
/usr/bin/cmake -E cmake_link_script CMakeFiles/cmTC_2f42f.dir/link.txt --verbose=1
/usr/bin/cmake: /usr/lib/libcurl.so.4: no version information available (required by /usr/bin/cmake)
/usr/bin/c++    -fsigned-char -W -Wall -Wreturn-type -Wnon-virtual-dtor -Waddress -Wsequence-point -Wformat -Wformat-security -Winit-self -Wpointer-arith -Wuninitialized -Wsuggest-override -Wno-delete-non-virtual-dtor -Wno-comment -Wimplicit-fallthrough=3 -Wno-strict-overflow -fdiagnostics-show-option -pthread -fomit-frame-pointer -ffunction-sections -fdata-sections    -fvisibility=hidden -fvisibility-inlines-hidden -Wno-deprecated -Wno-missing-declarations -Wno-shadow -Wno-unused-parameter -Wno-unused-local-typedefs -Wno-sign-compare -Wno-sign-promo -Wno-undef -Wno-ignored-qualifiers -Wno-extra -Wno-unused-function -Wno-unused-const-variable  -O3 -DNDEBUG  -DNDEBUG   -Wl,--gc-sections -Wl,--as-needed -Wl,--no-undefined  CMakeFiles/cmTC_2f42f.dir/src.cxx.o -o cmTC_2f42f 
gmake[2]: Leaving directory '/home/debix/ase-gocv/opencv/opencv-4.8.1/build/CMakeFiles/CMakeTmp'
gmake[1]: Leaving directory '/home/debix/ase-gocv/opencv/opencv-4.8.1/build/CMakeFiles/CMakeTmp'


===== END =====

Build output check failed:
    Regex: 'unrecognized .*option'
    Output line: 'cc1plus: note: unrecognized command-line option '-Wno-enum-compare-switch' may have been intended to silence earlier diagnostics'
Compilation failed:
    source file: '/home/debix/ase-gocv/opencv/opencv-4.8.1/build/CMakeFiles/CMakeTmp/src.cxx'
    check option: ' -Wno-enum-compare-switch'
===== BUILD LOG =====
Change Dir: /home/debix/ase-gocv/opencv/opencv-4.8.1/build/CMakeFiles/CMakeTmp

Run Build Command(s):/usr/bin/gmake -f Makefile cmTC_3df35/fast && gmake[1]: Entering directory '/home/debix/ase-gocv/opencv/opencv-4.8.1/build/CMakeFiles/CMakeTmp'
/usr/bin/gmake  -f CMakeFiles/cmTC_3df35.dir/build.make CMakeFiles/cmTC_3df35.dir/build
gmake[2]: Entering directory '/home/debix/ase-gocv/opencv/opencv-4.8.1/build/CMakeFiles/CMakeTmp'
/usr/bin/cmake: /usr/lib/libcurl.so.4: no version information available (required by /usr/bin/cmake)
Building CXX object CMakeFiles/cmTC_3df35.dir/src.cxx.o
/usr/bin/c++   -fsigned-char -W -Wall -Wreturn-type -Wnon-virtual-dtor -Waddress -Wsequence-point -Wformat -Wformat-security -Winit-self -Wpointer-arith -Wuninitialized -Wsuggest-override -Wno-delete-non-virtual-dtor -Wno-comment -Wimplicit-fallthrough=3 -Wno-strict-overflow -fdiagnostics-show-option -pthread -fomit-frame-pointer -ffunction-sections -fdata-sections    -fvisibility=hidden -fvisibility-inlines-hidden -Wno-deprecated -Wno-missing-declarations -Wno-shadow -Wno-unused-parameter -Wno-unused-local-typedefs -Wno-sign-compare -Wno-sign-promo -Wno-undef -Wno-ignored-qualifiers -Wno-extra -Wno-unused-function -Wno-unused-const-variable -Wno-invalid-offsetof  -O3 -DNDEBUG  -DNDEBUG -fPIE    -Wno-enum-compare-switch -std=c++11 -o CMakeFiles/cmTC_3df35.dir/src.cxx.o -c /home/debix/ase-gocv/opencv/opencv-4.8.1/build/CMakeFiles/CMakeTmp/src.cxx
/home/debix/ase-gocv/opencv/opencv-4.8.1/build/CMakeFiles/CMakeTmp/src.cxx:1: warning: ignoring '#pragma  ' [-Wunknown-pragmas]
    1 | #pragma
      | 
cc1plus: note: unrecognized command-line option '-Wno-enum-compare-switch' may have been intended to silence earlier diagnostics
/usr/bin/cmake: /usr/lib/libcurl.so.4: no version information available (required by /usr/bin/cmake)
Linking CXX executable cmTC_3df35
/usr/bin/cmake -E cmake_link_script CMakeFiles/cmTC_3df35.dir/link.txt --verbose=1
/usr/bin/cmake: /usr/lib/libcurl.so.4: no version information available (required by /usr/bin/cmake)
/usr/bin/c++    -fsigned-char -W -Wall -Wreturn-type -Wnon-virtual-dtor -Waddress -Wsequence-point -Wformat -Wformat-security -Winit-self -Wpointer-arith -Wuninitialized -Wsuggest-override -Wno-delete-non-virtual-dtor -Wno-comment -Wimplicit-fallthrough=3 -Wno-strict-overflow -fdiagnostics-show-option -pthread -fomit-frame-pointer -ffunction-sections -fdata-sections    -fvisibility=hidden -fvisibility-inlines-hidden -Wno-deprecated -Wno-missing-declarations -Wno-shadow -Wno-unused-parameter -Wno-unused-local-typedefs -Wno-sign-compare -Wno-sign-promo -Wno-undef -Wno-ignored-qualifiers -Wno-extra -Wno-unused-function -Wno-unused-const-variable -Wno-invalid-offsetof  -O3 -DNDEBUG  -DNDEBUG   -Wl,--gc-sections -Wl,--as-needed -Wl,--no-undefined  CMakeFiles/cmTC_3df35.dir/src.cxx.o -o cmTC_3df35 
gmake[2]: Leaving directory '/home/debix/ase-gocv/opencv/opencv-4.8.1/build/CMakeFiles/CMakeTmp'
gmake[1]: Leaving directory '/home/debix/ase-gocv/opencv/opencv-4.8.1/build/CMakeFiles/CMakeTmp'


===== END =====

Determining if the include file sys/videoio.h exists failed with the following output:
Change Dir: /home/debix/ase-gocv/opencv/opencv-4.8.1/build/CMakeFiles/CMakeTmp

Run Build Command(s):/usr/bin/gmake -f Makefile cmTC_f1fb8/fast && gmake[1]: Entering directory '/home/debix/ase-gocv/opencv/opencv-4.8.1/build/CMakeFiles/CMakeTmp'
/usr/bin/gmake  -f CMakeFiles/cmTC_f1fb8.dir/build.make CMakeFiles/cmTC_f1fb8.dir/build
gmake[2]: Entering directory '/home/debix/ase-gocv/opencv/opencv-4.8.1/build/CMakeFiles/CMakeTmp'
/usr/bin/cmake: /usr/lib/libcurl.so.4: no version information available (required by /usr/bin/cmake)
Building C object CMakeFiles/cmTC_f1fb8.dir/CheckIncludeFile.c.o
/usr/bin/cc   -fsigned-char -W -Wall -Wreturn-type -Waddress -Wsequence-point -Wformat -Wformat-security -Wmissing-declarations -Wmissing-prototypes -Wstrict-prototypes -Wundef -Winit-self -Wpointer-arith -Wshadow -Wuninitialized -Wno-comment -Wimplicit-fallthrough=3 -Wno-strict-overflow -fdiagnostics-show-option -pthread -fomit-frame-pointer -ffunction-sections -fdata-sections    -fvisibility=hidden  -O3 -DNDEBUG  -DNDEBUG -fPIE -o CMakeFiles/cmTC_f1fb8.dir/CheckIncludeFile.c.o -c /home/debix/ase-gocv/opencv/opencv-4.8.1/build/CMakeFiles/CMakeTmp/CheckIncludeFile.c
/home/debix/ase-gocv/opencv/opencv-4.8.1/build/CMakeFiles/CMakeTmp/CheckIncludeFile.c:1:10: fatal error: sys/videoio.h: No such file or directory
    1 | #include <sys/videoio.h>
      |          ^~~~~~~~~~~~~~~
compilation terminated.
gmake[2]: *** [CMakeFiles/cmTC_f1fb8.dir/build.make:78: CMakeFiles/cmTC_f1fb8.dir/CheckIncludeFile.c.o] Error 1
gmake[2]: Leaving directory '/home/debix/ase-gocv/opencv/opencv-4.8.1/build/CMakeFiles/CMakeTmp'
gmake[1]: *** [Makefile:127: cmTC_f1fb8/fast] Error 2
gmake[1]: Leaving directory '/home/debix/ase-gocv/opencv/opencv-4.8.1/build/CMakeFiles/CMakeTmp'



