Build output check failed:
    Regex: 'command[- ]line option .* is valid for .* but not for C'
    Output line: 'cc1: warning: command-line option '-Wnon-virtual-dtor' is valid for C++/ObjC++ but not for C'
Compilation failed:
    source file: '/tmp/opencv/opencv-4.8.1/build/CMakeFiles/CMakeTmp/src.c'
    check option: ' -fsigned-char -W -Wall -Wreturn-type  -Wnon-virtual-dtor'
===== BUILD LOG =====
Change Dir: /tmp/opencv/opencv-4.8.1/build/CMakeFiles/CMakeTmp

Run Build Command(s):/usr/bin/gmake -f Makefile cmTC_7a3d5/fast && gmake[1]: Entering directory '/tmp/opencv/opencv-4.8.1/build/CMakeFiles/CMakeTmp'
/usr/bin/gmake  -f CMakeFiles/cmTC_7a3d5.dir/build.make CMakeFiles/cmTC_7a3d5.dir/build
gmake[2]: Entering directory '/tmp/opencv/opencv-4.8.1/build/CMakeFiles/CMakeTmp'
/usr/bin/cmake: /usr/lib/libcurl.so.4: no version information available (required by /usr/bin/cmake)
Building C object CMakeFiles/cmTC_7a3d5.dir/src.c.o
/usr/bin/cc   -O3 -DNDEBUG -fPIE    -fsigned-char -W -Wall -Wreturn-type  -Wnon-virtual-dtor -o CMakeFiles/cmTC_7a3d5.dir/src.c.o -c /tmp/opencv/opencv-4.8.1/build/CMakeFiles/CMakeTmp/src.c
cc1: warning: command-line option '-Wnon-virtual-dtor' is valid for C++/ObjC++ but not for C
/tmp/opencv/opencv-4.8.1/build/CMakeFiles/CMakeTmp/src.c:1: warning: ignoring '#pragma  ' [-Wunknown-pragmas]
    1 | #pragma
      | 
/usr/bin/cmake: /usr/lib/libcurl.so.4: no version information available (required by /usr/bin/cmake)
Linking C executable cmTC_7a3d5
/usr/bin/cmake -E cmake_link_script CMakeFiles/cmTC_7a3d5.dir/link.txt --verbose=1
/usr/bin/cmake: /usr/lib/libcurl.so.4: no version information available (required by /usr/bin/cmake)
/usr/bin/cc -O3 -DNDEBUG CMakeFiles/cmTC_7a3d5.dir/src.c.o -o cmTC_7a3d5 
gmake[2]: Leaving directory '/tmp/opencv/opencv-4.8.1/build/CMakeFiles/CMakeTmp'
gmake[1]: Leaving directory '/tmp/opencv/opencv-4.8.1/build/CMakeFiles/CMakeTmp'


===== END =====

Build output check failed:
    Regex: 'command[- ]line option .* is valid for .* but not for C\+\+'
    Output line: 'cc1plus: warning: command-line option '-Wmissing-prototypes' is valid for C/ObjC but not for C++'
Compilation failed:
    source file: '/tmp/opencv/opencv-4.8.1/build/CMakeFiles/CMakeTmp/src.cxx'
    check option: ' -fsigned-char -W -Wall -Wreturn-type -Wnon-virtual-dtor -Waddress -Wsequence-point -Wformat -Wformat-security -Wmissing-declarations  -Wmissing-prototypes'
===== BUILD LOG =====
Change Dir: /tmp/opencv/opencv-4.8.1/build/CMakeFiles/CMakeTmp

Run Build Command(s):/usr/bin/gmake -f Makefile cmTC_a2d5e/fast && gmake[1]: Entering directory '/tmp/opencv/opencv-4.8.1/build/CMakeFiles/CMakeTmp'
/usr/bin/gmake  -f CMakeFiles/cmTC_a2d5e.dir/build.make CMakeFiles/cmTC_a2d5e.dir/build
gmake[2]: Entering directory '/tmp/opencv/opencv-4.8.1/build/CMakeFiles/CMakeTmp'
/usr/bin/cmake: /usr/lib/libcurl.so.4: no version information available (required by /usr/bin/cmake)
Building CXX object CMakeFiles/cmTC_a2d5e.dir/src.cxx.o
/usr/bin/c++   -O3 -DNDEBUG -fPIE    -fsigned-char -W -Wall -Wreturn-type -Wnon-virtual-dtor -Waddress -Wsequence-point -Wformat -Wformat-security -Wmissing-declarations  -Wmissing-prototypes -std=c++11 -o CMakeFiles/cmTC_a2d5e.dir/src.cxx.o -c /tmp/opencv/opencv-4.8.1/build/CMakeFiles/CMakeTmp/src.cxx
cc1plus: warning: command-line option '-Wmissing-prototypes' is valid for C/ObjC but not for C++
/tmp/opencv/opencv-4.8.1/build/CMakeFiles/CMakeTmp/src.cxx:1: warning: ignoring '#pragma  ' [-Wunknown-pragmas]
    1 | #pragma
      | 
/usr/bin/cmake: /usr/lib/libcurl.so.4: no version information available (required by /usr/bin/cmake)
Linking CXX executable cmTC_a2d5e
/usr/bin/cmake -E cmake_link_script CMakeFiles/cmTC_a2d5e.dir/link.txt --verbose=1
/usr/bin/cmake: /usr/lib/libcurl.so.4: no version information available (required by /usr/bin/cmake)
/usr/bin/c++ -O3 -DNDEBUG CMakeFiles/cmTC_a2d5e.dir/src.cxx.o -o cmTC_a2d5e 
gmake[2]: Leaving directory '/tmp/opencv/opencv-4.8.1/build/CMakeFiles/CMakeTmp'
gmake[1]: Leaving directory '/tmp/opencv/opencv-4.8.1/build/CMakeFiles/CMakeTmp'


===== END =====

Build output check failed:
    Regex: 'command[- ]line option .* is valid for .* but not for C\+\+'
    Output line: 'cc1plus: warning: command-line option '-Wstrict-prototypes' is valid for C/ObjC but not for C++'
Compilation failed:
    source file: '/tmp/opencv/opencv-4.8.1/build/CMakeFiles/CMakeTmp/src.cxx'
    check option: ' -fsigned-char -W -Wall -Wreturn-type -Wnon-virtual-dtor -Waddress -Wsequence-point -Wformat -Wformat-security -Wmissing-declarations  -Wstrict-prototypes'
===== BUILD LOG =====
Change Dir: /tmp/opencv/opencv-4.8.1/build/CMakeFiles/CMakeTmp

Run Build Command(s):/usr/bin/gmake -f Makefile cmTC_cc019/fast && gmake[1]: Entering directory '/tmp/opencv/opencv-4.8.1/build/CMakeFiles/CMakeTmp'
/usr/bin/gmake  -f CMakeFiles/cmTC_cc019.dir/build.make CMakeFiles/cmTC_cc019.dir/build
gmake[2]: Entering directory '/tmp/opencv/opencv-4.8.1/build/CMakeFiles/CMakeTmp'
/usr/bin/cmake: /usr/lib/libcurl.so.4: no version information available (required by /usr/bin/cmake)
Building CXX object CMakeFiles/cmTC_cc019.dir/src.cxx.o
/usr/bin/c++   -O3 -DNDEBUG -fPIE    -fsigned-char -W -Wall -Wreturn-type -Wnon-virtual-dtor -Waddress -Wsequence-point -Wformat -Wformat-security -Wmissing-declarations  -Wstrict-prototypes -std=c++11 -o CMakeFiles/cmTC_cc019.dir/src.cxx.o -c /tmp/opencv/opencv-4.8.1/build/CMakeFiles/CMakeTmp/src.cxx
cc1plus: warning: command-line option '-Wstrict-prototypes' is valid for C/ObjC but not for C++
/tmp/opencv/opencv-4.8.1/build/CMakeFiles/CMakeTmp/src.cxx:1: warning: ignoring '#pragma  ' [-Wunknown-pragmas]
    1 | #pragma
      | 
/usr/bin/cmake: /usr/lib/libcurl.so.4: no version information available (required by /usr/bin/cmake)
Linking CXX executable cmTC_cc019
/usr/bin/cmake -E cmake_link_script CMakeFiles/cmTC_cc019.dir/link.txt --verbose=1
/usr/bin/cmake: /usr/lib/libcurl.so.4: no version information available (required by /usr/bin/cmake)
/usr/bin/c++ -O3 -DNDEBUG CMakeFiles/cmTC_cc019.dir/src.cxx.o -o cmTC_cc019 
gmake[2]: Leaving directory '/tmp/opencv/opencv-4.8.1/build/CMakeFiles/CMakeTmp'
gmake[1]: Leaving directory '/tmp/opencv/opencv-4.8.1/build/CMakeFiles/CMakeTmp'


===== END =====

Build output check failed:
    Regex: 'command[- ]line option .* is valid for .* but not for C'
    Output line: 'cc1: warning: command-line option '-Wsign-promo' is valid for C++/ObjC++ but not for C'
Compilation failed:
    source file: '/tmp/opencv/opencv-4.8.1/build/CMakeFiles/CMakeTmp/src.c'
    check option: ' -fsigned-char -W -Wall -Wreturn-type -Waddress -Wsequence-point -Wformat -Wformat-security -Wmissing-declarations -Wmissing-prototypes -Wstrict-prototypes -Wundef -Winit-self -Wpointer-arith -Wshadow  -Wsign-promo'
===== BUILD LOG =====
Change Dir: /tmp/opencv/opencv-4.8.1/build/CMakeFiles/CMakeTmp

Run Build Command(s):/usr/bin/gmake -f Makefile cmTC_ca8ef/fast && gmake[1]: Entering directory '/tmp/opencv/opencv-4.8.1/build/CMakeFiles/CMakeTmp'
/usr/bin/gmake  -f CMakeFiles/cmTC_ca8ef.dir/build.make CMakeFiles/cmTC_ca8ef.dir/build
gmake[2]: Entering directory '/tmp/opencv/opencv-4.8.1/build/CMakeFiles/CMakeTmp'
/usr/bin/cmake: /usr/lib/libcurl.so.4: no version information available (required by /usr/bin/cmake)
Building C object CMakeFiles/cmTC_ca8ef.dir/src.c.o
/usr/bin/cc   -O3 -DNDEBUG -fPIE    -fsigned-char -W -Wall -Wreturn-type -Waddress -Wsequence-point -Wformat -Wformat-security -Wmissing-declarations -Wmissing-prototypes -Wstrict-prototypes -Wundef -Winit-self -Wpointer-arith -Wshadow  -Wsign-promo -o CMakeFiles/cmTC_ca8ef.dir/src.c.o -c /tmp/opencv/opencv-4.8.1/build/CMakeFiles/CMakeTmp/src.c
cc1: warning: command-line option '-Wsign-promo' is valid for C++/ObjC++ but not for C
/tmp/opencv/opencv-4.8.1/build/CMakeFiles/CMakeTmp/src.c:1: warning: ignoring '#pragma  ' [-Wunknown-pragmas]
    1 | #pragma
      | 
/usr/bin/cmake: /usr/lib/libcurl.so.4: no version information available (required by /usr/bin/cmake)
Linking C executable cmTC_ca8ef
/usr/bin/cmake -E cmake_link_script CMakeFiles/cmTC_ca8ef.dir/link.txt --verbose=1
/usr/bin/cmake: /usr/lib/libcurl.so.4: no version information available (required by /usr/bin/cmake)
/usr/bin/cc -O3 -DNDEBUG CMakeFiles/cmTC_ca8ef.dir/src.c.o -o cmTC_ca8ef 
gmake[2]: Leaving directory '/tmp/opencv/opencv-4.8.1/build/CMakeFiles/CMakeTmp'
gmake[1]: Leaving directory '/tmp/opencv/opencv-4.8.1/build/CMakeFiles/CMakeTmp'


===== END =====

Build output check failed:
    Regex: 'command[- ]line option .* is valid for .* but not for C'
    Output line: 'cc1: warning: command-line option '-Wsuggest-override' is valid for C++/ObjC++ but not for C'
Compilation failed:
    source file: '/tmp/opencv/opencv-4.8.1/build/CMakeFiles/CMakeTmp/src.c'
    check option: ' -fsigned-char -W -Wall -Wreturn-type -Waddress -Wsequence-point -Wformat -Wformat-security -Wmissing-declarations -Wmissing-prototypes -Wstrict-prototypes -Wundef -Winit-self -Wpointer-arith -Wshadow -Wuninitialized  -Wsuggest-override'
===== BUILD LOG =====
Change Dir: /tmp/opencv/opencv-4.8.1/build/CMakeFiles/CMakeTmp

Run Build Command(s):/usr/bin/gmake -f Makefile cmTC_e2e63/fast && gmake[1]: Entering directory '/tmp/opencv/opencv-4.8.1/build/CMakeFiles/CMakeTmp'
/usr/bin/gmake  -f CMakeFiles/cmTC_e2e63.dir/build.make CMakeFiles/cmTC_e2e63.dir/build
gmake[2]: Entering directory '/tmp/opencv/opencv-4.8.1/build/CMakeFiles/CMakeTmp'
/usr/bin/cmake: /usr/lib/libcurl.so.4: no version information available (required by /usr/bin/cmake)
Building C object CMakeFiles/cmTC_e2e63.dir/src.c.o
/usr/bin/cc   -O3 -DNDEBUG -fPIE    -fsigned-char -W -Wall -Wreturn-type -Waddress -Wsequence-point -Wformat -Wformat-security -Wmissing-declarations -Wmissing-prototypes -Wstrict-prototypes -Wundef -Winit-self -Wpointer-arith -Wshadow -Wuninitialized  -Wsuggest-override -o CMakeFiles/cmTC_e2e63.dir/src.c.o -c /tmp/opencv/opencv-4.8.1/build/CMakeFiles/CMakeTmp/src.c
cc1: warning: command-line option '-Wsuggest-override' is valid for C++/ObjC++ but not for C
/tmp/opencv/opencv-4.8.1/build/CMakeFiles/CMakeTmp/src.c:1: warning: ignoring '#pragma  ' [-Wunknown-pragmas]
    1 | #pragma
      | 
/usr/bin/cmake: /usr/lib/libcurl.so.4: no version information available (required by /usr/bin/cmake)
Linking C executable cmTC_e2e63
/usr/bin/cmake -E cmake_link_script CMakeFiles/cmTC_e2e63.dir/link.txt --verbose=1
/usr/bin/cmake: /usr/lib/libcurl.so.4: no version information available (required by /usr/bin/cmake)
/usr/bin/cc -O3 -DNDEBUG CMakeFiles/cmTC_e2e63.dir/src.c.o -o cmTC_e2e63 
gmake[2]: Leaving directory '/tmp/opencv/opencv-4.8.1/build/CMakeFiles/CMakeTmp'
gmake[1]: Leaving directory '/tmp/opencv/opencv-4.8.1/build/CMakeFiles/CMakeTmp'


===== END =====

Build output check failed:
    Regex: 'command[- ]line option .* is valid for .* but not for C'
    Output line: 'cc1: warning: command-line option '-Wno-delete-non-virtual-dtor' is valid for C++/ObjC++ but not for C'
Compilation failed:
    source file: '/tmp/opencv/opencv-4.8.1/build/CMakeFiles/CMakeTmp/src.c'
    check option: ' -fsigned-char -W -Wall -Wreturn-type -Waddress -Wsequence-point -Wformat -Wformat-security -Wmissing-declarations -Wmissing-prototypes -Wstrict-prototypes -Wundef -Winit-self -Wpointer-arith -Wshadow -Wuninitialized  -Wno-delete-non-virtual-dtor'
===== BUILD LOG =====
Change Dir: /tmp/opencv/opencv-4.8.1/build/CMakeFiles/CMakeTmp

Run Build Command(s):/usr/bin/gmake -f Makefile cmTC_5dbd0/fast && gmake[1]: Entering directory '/tmp/opencv/opencv-4.8.1/build/CMakeFiles/CMakeTmp'
/usr/bin/gmake  -f CMakeFiles/cmTC_5dbd0.dir/build.make CMakeFiles/cmTC_5dbd0.dir/build
gmake[2]: Entering directory '/tmp/opencv/opencv-4.8.1/build/CMakeFiles/CMakeTmp'
/usr/bin/cmake: /usr/lib/libcurl.so.4: no version information available (required by /usr/bin/cmake)
Building C object CMakeFiles/cmTC_5dbd0.dir/src.c.o
/usr/bin/cc   -O3 -DNDEBUG -fPIE    -fsigned-char -W -Wall -Wreturn-type -Waddress -Wsequence-point -Wformat -Wformat-security -Wmissing-declarations -Wmissing-prototypes -Wstrict-prototypes -Wundef -Winit-self -Wpointer-arith -Wshadow -Wuninitialized  -Wno-delete-non-virtual-dtor -o CMakeFiles/cmTC_5dbd0.dir/src.c.o -c /tmp/opencv/opencv-4.8.1/build/CMakeFiles/CMakeTmp/src.c
cc1: warning: command-line option '-Wno-delete-non-virtual-dtor' is valid for C++/ObjC++ but not for C
/tmp/opencv/opencv-4.8.1/build/CMakeFiles/CMakeTmp/src.c:1: warning: ignoring '#pragma  ' [-Wunknown-pragmas]
    1 | #pragma
      | 
/usr/bin/cmake: /usr/lib/libcurl.so.4: no version information available (required by /usr/bin/cmake)
Linking C executable cmTC_5dbd0
/usr/bin/cmake -E cmake_link_script CMakeFiles/cmTC_5dbd0.dir/link.txt --verbose=1
/usr/bin/cmake: /usr/lib/libcurl.so.4: no version information available (required by /usr/bin/cmake)
/usr/bin/cc -O3 -DNDEBUG CMakeFiles/cmTC_5dbd0.dir/src.c.o -o cmTC_5dbd0 
gmake[2]: Leaving directory '/tmp/opencv/opencv-4.8.1/build/CMakeFiles/CMakeTmp'
gmake[1]: Leaving directory '/tmp/opencv/opencv-4.8.1/build/CMakeFiles/CMakeTmp'


===== END =====

Build output check failed:
    Regex: 'unrecognized .*option'
    Output line: 'cc1plus: note: unrecognized command-line option '-Wno-unnamed-type-template-args' may have been intended to silence earlier diagnostics'
Compilation failed:
    source file: '/tmp/opencv/opencv-4.8.1/build/CMakeFiles/CMakeTmp/src.cxx'
    check option: ' -fsigned-char -W -Wall -Wreturn-type -Wnon-virtual-dtor -Waddress -Wsequence-point -Wformat -Wformat-security -Wmissing-declarations -Wundef -Winit-self -Wpointer-arith -Wshadow -Wsign-promo -Wuninitialized -Wsuggest-override -Wno-delete-non-virtual-dtor  -Wno-unnamed-type-template-args'
===== BUILD LOG =====
Change Dir: /tmp/opencv/opencv-4.8.1/build/CMakeFiles/CMakeTmp

Run Build Command(s):/usr/bin/gmake -f Makefile cmTC_ba775/fast && gmake[1]: Entering directory '/tmp/opencv/opencv-4.8.1/build/CMakeFiles/CMakeTmp'
/usr/bin/gmake  -f CMakeFiles/cmTC_ba775.dir/build.make CMakeFiles/cmTC_ba775.dir/build
gmake[2]: Entering directory '/tmp/opencv/opencv-4.8.1/build/CMakeFiles/CMakeTmp'
/usr/bin/cmake: /usr/lib/libcurl.so.4: no version information available (required by /usr/bin/cmake)
Building CXX object CMakeFiles/cmTC_ba775.dir/src.cxx.o
/usr/bin/c++   -O3 -DNDEBUG -fPIE    -fsigned-char -W -Wall -Wreturn-type -Wnon-virtual-dtor -Waddress -Wsequence-point -Wformat -Wformat-security -Wmissing-declarations -Wundef -Winit-self -Wpointer-arith -Wshadow -Wsign-promo -Wuninitialized -Wsuggest-override -Wno-delete-non-virtual-dtor  -Wno-unnamed-type-template-args -std=c++11 -o CMakeFiles/cmTC_ba775.dir/src.cxx.o -c /tmp/opencv/opencv-4.8.1/build/CMakeFiles/CMakeTmp/src.cxx
/tmp/opencv/opencv-4.8.1/build/CMakeFiles/CMakeTmp/src.cxx:1: warning: ignoring '#pragma  ' [-Wunknown-pragmas]
    1 | #pragma
      | 
cc1plus: note: unrecognized command-line option '-Wno-unnamed-type-template-args' may have been intended to silence earlier diagnostics
/usr/bin/cmake: /usr/lib/libcurl.so.4: no version information available (required by /usr/bin/cmake)
Linking CXX executable cmTC_ba775
/usr/bin/cmake -E cmake_link_script CMakeFiles/cmTC_ba775.dir/link.txt --verbose=1
/usr/bin/cmake: /usr/lib/libcurl.so.4: no version information available (required by /usr/bin/cmake)
/usr/bin/c++ -O3 -DNDEBUG CMakeFiles/cmTC_ba775.dir/src.cxx.o -o cmTC_ba775 
gmake[2]: Leaving directory '/tmp/opencv/opencv-4.8.1/build/CMakeFiles/CMakeTmp'
gmake[1]: Leaving directory '/tmp/opencv/opencv-4.8.1/build/CMakeFiles/CMakeTmp'


===== END =====

Build output check failed:
    Regex: 'unrecognized .*option'
    Output line: 'cc1: note: unrecognized command-line option '-Wno-unnamed-type-template-args' may have been intended to silence earlier diagnostics'
Compilation failed:
    source file: '/tmp/opencv/opencv-4.8.1/build/CMakeFiles/CMakeTmp/src.c'
    check option: ' -fsigned-char -W -Wall -Wreturn-type -Waddress -Wsequence-point -Wformat -Wformat-security -Wmissing-declarations -Wmissing-prototypes -Wstrict-prototypes -Wundef -Winit-self -Wpointer-arith -Wshadow -Wuninitialized  -Wno-unnamed-type-template-args'
===== BUILD LOG =====
Change Dir: /tmp/opencv/opencv-4.8.1/build/CMakeFiles/CMakeTmp

Run Build Command(s):/usr/bin/gmake -f Makefile cmTC_a4013/fast && gmake[1]: Entering directory '/tmp/opencv/opencv-4.8.1/build/CMakeFiles/CMakeTmp'
/usr/bin/gmake  -f CMakeFiles/cmTC_a4013.dir/build.make CMakeFiles/cmTC_a4013.dir/build
gmake[2]: Entering directory '/tmp/opencv/opencv-4.8.1/build/CMakeFiles/CMakeTmp'
/usr/bin/cmake: /usr/lib/libcurl.so.4: no version information available (required by /usr/bin/cmake)
Building C object CMakeFiles/cmTC_a4013.dir/src.c.o
/usr/bin/cc   -O3 -DNDEBUG -fPIE    -fsigned-char -W -Wall -Wreturn-type -Waddress -Wsequence-point -Wformat -Wformat-security -Wmissing-declarations -Wmissing-prototypes -Wstrict-prototypes -Wundef -Winit-self -Wpointer-arith -Wshadow -Wuninitialized  -Wno-unnamed-type-template-args -o CMakeFiles/cmTC_a4013.dir/src.c.o -c /tmp/opencv/opencv-4.8.1/build/CMakeFiles/CMakeTmp/src.c
/tmp/opencv/opencv-4.8.1/build/CMakeFiles/CMakeTmp/src.c:1: warning: ignoring '#pragma  ' [-Wunknown-pragmas]
    1 | #pragma
      | 
cc1: note: unrecognized command-line option '-Wno-unnamed-type-template-args' may have been intended to silence earlier diagnostics
/usr/bin/cmake: /usr/lib/libcurl.so.4: no version information available (required by /usr/bin/cmake)
Linking C executable cmTC_a4013
/usr/bin/cmake -E cmake_link_script CMakeFiles/cmTC_a4013.dir/link.txt --verbose=1
/usr/bin/cmake: /usr/lib/libcurl.so.4: no version information available (required by /usr/bin/cmake)
/usr/bin/cc -O3 -DNDEBUG CMakeFiles/cmTC_a4013.dir/src.c.o -o cmTC_a4013 
gmake[2]: Leaving directory '/tmp/opencv/opencv-4.8.1/build/CMakeFiles/CMakeTmp'
gmake[1]: Leaving directory '/tmp/opencv/opencv-4.8.1/build/CMakeFiles/CMakeTmp'


===== END =====

Build output check failed:
    Regex: 'command[- ]line option .* is valid for .* but not for C'
    Output line: 'cc1: warning: command-line option '-fvisibility-inlines-hidden' is valid for C++/ObjC++ but not for C'
Compilation failed:
    source file: '/tmp/opencv/opencv-4.8.1/build/CMakeFiles/CMakeTmp/src.c'
    check option: ' -fsigned-char -W -Wall -Wreturn-type -Waddress -Wsequence-point -Wformat -Wformat-security -Wmissing-declarations -Wmissing-prototypes -Wstrict-prototypes -Wundef -Winit-self -Wpointer-arith -Wshadow -Wuninitialized -Wno-comment -Wimplicit-fallthrough=3 -Wno-strict-overflow -fdiagnostics-show-option -pthread -fomit-frame-pointer -ffunction-sections -fdata-sections    -fvisibility=hidden  -fvisibility-inlines-hidden'
===== BUILD LOG =====
Change Dir: /tmp/opencv/opencv-4.8.1/build/CMakeFiles/CMakeTmp

Run Build Command(s):/usr/bin/gmake -f Makefile cmTC_be0b5/fast && gmake[1]: Entering directory '/tmp/opencv/opencv-4.8.1/build/CMakeFiles/CMakeTmp'
/usr/bin/gmake  -f CMakeFiles/cmTC_be0b5.dir/build.make CMakeFiles/cmTC_be0b5.dir/build
gmake[2]: Entering directory '/tmp/opencv/opencv-4.8.1/build/CMakeFiles/CMakeTmp'
/usr/bin/cmake: /usr/lib/libcurl.so.4: no version information available (required by /usr/bin/cmake)
Building C object CMakeFiles/cmTC_be0b5.dir/src.c.o
/usr/bin/cc   -O3 -DNDEBUG -fPIE    -fsigned-char -W -Wall -Wreturn-type -Waddress -Wsequence-point -Wformat -Wformat-security -Wmissing-declarations -Wmissing-prototypes -Wstrict-prototypes -Wundef -Winit-self -Wpointer-arith -Wshadow -Wuninitialized -Wno-comment -Wimplicit-fallthrough=3 -Wno-strict-overflow -fdiagnostics-show-option -pthread -fomit-frame-pointer -ffunction-sections -fdata-sections    -fvisibility=hidden  -fvisibility-inlines-hidden -o CMakeFiles/cmTC_be0b5.dir/src.c.o -c /tmp/opencv/opencv-4.8.1/build/CMakeFiles/CMakeTmp/src.c
cc1: warning: command-line option '-fvisibility-inlines-hidden' is valid for C++/ObjC++ but not for C
/tmp/opencv/opencv-4.8.1/build/CMakeFiles/CMakeTmp/src.c:1: warning: ignoring '#pragma  ' [-Wunknown-pragmas]
    1 | #pragma
      | 
/usr/bin/cmake: /usr/lib/libcurl.so.4: no version information available (required by /usr/bin/cmake)
Linking C executable cmTC_be0b5
/usr/bin/cmake -E cmake_link_script CMakeFiles/cmTC_be0b5.dir/link.txt --verbose=1
/usr/bin/cmake: /usr/lib/libcurl.so.4: no version information available (required by /usr/bin/cmake)
/usr/bin/cc -O3 -DNDEBUG CMakeFiles/cmTC_be0b5.dir/src.c.o -o cmTC_be0b5 
gmake[2]: Leaving directory '/tmp/opencv/opencv-4.8.1/build/CMakeFiles/CMakeTmp'
gmake[1]: Leaving directory '/tmp/opencv/opencv-4.8.1/build/CMakeFiles/CMakeTmp'


===== END =====

Build output check failed:
    Regex: 'unrecognized .*option'
    Output line: 'cc1: note: unrecognized command-line option '-Wno-implicit-const-int-float-conversion' may have been intended to silence earlier diagnostics'
Compilation failed:
    source file: '/tmp/opencv/opencv-4.8.1/build/CMakeFiles/CMakeTmp/src.c'
    check option: ' -Wno-implicit-const-int-float-conversion'
===== BUILD LOG =====
Change Dir: /tmp/opencv/opencv-4.8.1/build/CMakeFiles/CMakeTmp

Run Build Command(s):/usr/bin/gmake -f Makefile cmTC_bba1f/fast && gmake[1]: Entering directory '/tmp/opencv/opencv-4.8.1/build/CMakeFiles/CMakeTmp'
/usr/bin/gmake  -f CMakeFiles/cmTC_bba1f.dir/build.make CMakeFiles/cmTC_bba1f.dir/build
gmake[2]: Entering directory '/tmp/opencv/opencv-4.8.1/build/CMakeFiles/CMakeTmp'
/usr/bin/cmake: /usr/lib/libcurl.so.4: no version information available (required by /usr/bin/cmake)
Building C object CMakeFiles/cmTC_bba1f.dir/src.c.o
/usr/bin/cc   -fsigned-char -W -Wall -Wreturn-type -Waddress -Wsequence-point -Wformat -Wformat-security -Wmissing-declarations -Wmissing-prototypes -Wstrict-prototypes -Wundef -Winit-self -Wpointer-arith -Wshadow -Wuninitialized -Wno-comment -Wimplicit-fallthrough=3 -Wno-strict-overflow -fdiagnostics-show-option -pthread -fomit-frame-pointer -ffunction-sections -fdata-sections    -fvisibility=hidden  -O3 -DNDEBUG  -DNDEBUG -fPIE    -Wno-implicit-const-int-float-conversion -o CMakeFiles/cmTC_bba1f.dir/src.c.o -c /tmp/opencv/opencv-4.8.1/build/CMakeFiles/CMakeTmp/src.c
/tmp/opencv/opencv-4.8.1/build/CMakeFiles/CMakeTmp/src.c:1: warning: ignoring '#pragma  ' [-Wunknown-pragmas]
    1 | #pragma
      | 
cc1: note: unrecognized command-line option '-Wno-implicit-const-int-float-conversion' may have been intended to silence earlier diagnostics
/usr/bin/cmake: /usr/lib/libcurl.so.4: no version information available (required by /usr/bin/cmake)
Linking C executable cmTC_bba1f
/usr/bin/cmake -E cmake_link_script CMakeFiles/cmTC_bba1f.dir/link.txt --verbose=1
/usr/bin/cmake: /usr/lib/libcurl.so.4: no version information available (required by /usr/bin/cmake)
/usr/bin/cc    -fsigned-char -W -Wall -Wreturn-type -Waddress -Wsequence-point -Wformat -Wformat-security -Wmissing-declarations -Wmissing-prototypes -Wstrict-prototypes -Wundef -Winit-self -Wpointer-arith -Wshadow -Wuninitialized -Wno-comment -Wimplicit-fallthrough=3 -Wno-strict-overflow -fdiagnostics-show-option -pthread -fomit-frame-pointer -ffunction-sections -fdata-sections    -fvisibility=hidden  -O3 -DNDEBUG  -DNDEBUG   -Wl,--gc-sections -Wl,--as-needed -Wl,--no-undefined  CMakeFiles/cmTC_bba1f.dir/src.c.o -o cmTC_bba1f 
gmake[2]: Leaving directory '/tmp/opencv/opencv-4.8.1/build/CMakeFiles/CMakeTmp'
gmake[1]: Leaving directory '/tmp/opencv/opencv-4.8.1/build/CMakeFiles/CMakeTmp'


===== END =====

Determining if the _aligned_malloc exist failed with the following output:
Change Dir: /tmp/opencv/opencv-4.8.1/build/CMakeFiles/CMakeTmp

Run Build Command(s):/usr/bin/gmake -f Makefile cmTC_f1305/fast && gmake[1]: Entering directory '/tmp/opencv/opencv-4.8.1/build/CMakeFiles/CMakeTmp'
/usr/bin/gmake  -f CMakeFiles/cmTC_f1305.dir/build.make CMakeFiles/cmTC_f1305.dir/build
gmake[2]: Entering directory '/tmp/opencv/opencv-4.8.1/build/CMakeFiles/CMakeTmp'
/usr/bin/cmake: /usr/lib/libcurl.so.4: no version information available (required by /usr/bin/cmake)
Building C object CMakeFiles/cmTC_f1305.dir/CheckSymbolExists.c.o
/usr/bin/cc   -fsigned-char -W -Wall -Wreturn-type -Waddress -Wsequence-point -Wformat -Wformat-security -Wstrict-prototypes -Wundef -Winit-self -Wpointer-arith -Wshadow -Wuninitialized -Wno-comment -Wimplicit-fallthrough=3 -Wno-strict-overflow -fdiagnostics-show-option -pthread -fomit-frame-pointer -ffunction-sections -fdata-sections    -fvisibility=hidden -Wno-unused-but-set-variable -Wno-missing-prototypes -Wno-missing-declarations  -O3 -DNDEBUG  -DNDEBUG -fPIE -o CMakeFiles/cmTC_f1305.dir/CheckSymbolExists.c.o -c /tmp/opencv/opencv-4.8.1/build/CMakeFiles/CMakeTmp/CheckSymbolExists.c
/tmp/opencv/opencv-4.8.1/build/CMakeFiles/CMakeTmp/CheckSymbolExists.c: In function 'main':
/tmp/opencv/opencv-4.8.1/build/CMakeFiles/CMakeTmp/CheckSymbolExists.c:8:19: error: '_aligned_malloc' undeclared (first use in this function)
    8 |   return ((int*)(&_aligned_malloc))[argc];
      |                   ^~~~~~~~~~~~~~~
/tmp/opencv/opencv-4.8.1/build/CMakeFiles/CMakeTmp/CheckSymbolExists.c:8:19: note: each undeclared identifier is reported only once for each function it appears in
/tmp/opencv/opencv-4.8.1/build/CMakeFiles/CMakeTmp/CheckSymbolExists.c:4:14: warning: parameter 'argc' set but not used [-Wunused-but-set-parameter]
    4 | int main(int argc, char** argv)
      |          ~~~~^~~~
gmake[2]: *** [CMakeFiles/cmTC_f1305.dir/build.make:78: CMakeFiles/cmTC_f1305.dir/CheckSymbolExists.c.o] Error 1
gmake[2]: Leaving directory '/tmp/opencv/opencv-4.8.1/build/CMakeFiles/CMakeTmp'
gmake[1]: *** [Makefile:127: cmTC_f1305/fast] Error 2
gmake[1]: Leaving directory '/tmp/opencv/opencv-4.8.1/build/CMakeFiles/CMakeTmp'


File /tmp/opencv/opencv-4.8.1/build/CMakeFiles/CMakeTmp/CheckSymbolExists.c:
/* */
#include <malloc.h>

int main(int argc, char** argv)
{
  (void)argv;
#ifndef _aligned_malloc
  return ((int*)(&_aligned_malloc))[argc];
#else
  (void)argc;
  return 0;
#endif
}
Build output check failed:
    Regex: 'unrecognized .*option'
    Output line: 'cc1plus: note: unrecognized command-line option '-Wno-inconsistent-missing-override' may have been intended to silence earlier diagnostics'
Compilation failed:
    source file: '/tmp/opencv/opencv-4.8.1/build/CMakeFiles/CMakeTmp/src.cxx'
    check option: ' -Wno-inconsistent-missing-override'
===== BUILD LOG =====
Change Dir: /tmp/opencv/opencv-4.8.1/build/CMakeFiles/CMakeTmp

Run Build Command(s):/usr/bin/gmake -f Makefile cmTC_c2960/fast && gmake[1]: Entering directory '/tmp/opencv/opencv-4.8.1/build/CMakeFiles/CMakeTmp'
/usr/bin/gmake  -f CMakeFiles/cmTC_c2960.dir/build.make CMakeFiles/cmTC_c2960.dir/build
gmake[2]: Entering directory '/tmp/opencv/opencv-4.8.1/build/CMakeFiles/CMakeTmp'
/usr/bin/cmake: /usr/lib/libcurl.so.4: no version information available (required by /usr/bin/cmake)
Building CXX object CMakeFiles/cmTC_c2960.dir/src.cxx.o
/usr/bin/c++   -fsigned-char -W -Wall -Wreturn-type -Wnon-virtual-dtor -Waddress -Wsequence-point -Wformat -Wformat-security -Winit-self -Wpointer-arith -Wsign-promo -Wno-delete-non-virtual-dtor -Wno-comment -Wimplicit-fallthrough=3 -Wno-strict-overflow -fdiagnostics-show-option -pthread -fomit-frame-pointer -ffunction-sections -fdata-sections    -fvisibility=hidden -fvisibility-inlines-hidden -Wno-shadow -Wno-unused -Wno-sign-compare -Wno-undef -Wno-missing-declarations -Wno-uninitialized -Wno-switch -Wno-parentheses -Wno-array-bounds -Wno-extra -Wno-deprecated-declarations -Wno-misleading-indentation -Wno-deprecated -Wno-suggest-override  -O3 -DNDEBUG  -DNDEBUG -fPIE    -Wno-inconsistent-missing-override -std=c++11 -o CMakeFiles/cmTC_c2960.dir/src.cxx.o -c /tmp/opencv/opencv-4.8.1/build/CMakeFiles/CMakeTmp/src.cxx
/tmp/opencv/opencv-4.8.1/build/CMakeFiles/CMakeTmp/src.cxx:1: warning: ignoring '#pragma  ' [-Wunknown-pragmas]
    1 | #pragma
      | 
cc1plus: note: unrecognized command-line option '-Wno-inconsistent-missing-override' may have been intended to silence earlier diagnostics
/usr/bin/cmake: /usr/lib/libcurl.so.4: no version information available (required by /usr/bin/cmake)
Linking CXX executable cmTC_c2960
/usr/bin/cmake -E cmake_link_script CMakeFiles/cmTC_c2960.dir/link.txt --verbose=1
/usr/bin/cmake: /usr/lib/libcurl.so.4: no version information available (required by /usr/bin/cmake)
/usr/bin/c++    -fsigned-char -W -Wall -Wreturn-type -Wnon-virtual-dtor -Waddress -Wsequence-point -Wformat -Wformat-security -Winit-self -Wpointer-arith -Wsign-promo -Wno-delete-non-virtual-dtor -Wno-comment -Wimplicit-fallthrough=3 -Wno-strict-overflow -fdiagnostics-show-option -pthread -fomit-frame-pointer -ffunction-sections -fdata-sections    -fvisibility=hidden -fvisibility-inlines-hidden -Wno-shadow -Wno-unused -Wno-sign-compare -Wno-undef -Wno-missing-declarations -Wno-uninitialized -Wno-switch -Wno-parentheses -Wno-array-bounds -Wno-extra -Wno-deprecated-declarations -Wno-misleading-indentation -Wno-deprecated -Wno-suggest-override  -O3 -DNDEBUG  -DNDEBUG   -Wl,--gc-sections -Wl,--as-needed -Wl,--no-undefined  CMakeFiles/cmTC_c2960.dir/src.cxx.o -o cmTC_c2960 
gmake[2]: Leaving directory '/tmp/opencv/opencv-4.8.1/build/CMakeFiles/CMakeTmp'
gmake[1]: Leaving directory '/tmp/opencv/opencv-4.8.1/build/CMakeFiles/CMakeTmp'


===== END =====

Build output check failed:
    Regex: 'command[- ]line option .* is valid for .* but not for C\+\+'
    Output line: 'cc1plus: warning: command-line option '-Wno-missing-prototypes' is valid for C/ObjC but not for C++'
Compilation failed:
    source file: '/tmp/opencv/opencv-4.8.1/build/CMakeFiles/CMakeTmp/src.cxx'
    check option: ' -Wno-missing-prototypes'
===== BUILD LOG =====
Change Dir: /tmp/opencv/opencv-4.8.1/build/CMakeFiles/CMakeTmp

Run Build Command(s):/usr/bin/gmake -f Makefile cmTC_b820f/fast && gmake[1]: Entering directory '/tmp/opencv/opencv-4.8.1/build/CMakeFiles/CMakeTmp'
/usr/bin/gmake  -f CMakeFiles/cmTC_b820f.dir/build.make CMakeFiles/cmTC_b820f.dir/build
gmake[2]: Entering directory '/tmp/opencv/opencv-4.8.1/build/CMakeFiles/CMakeTmp'
/usr/bin/cmake: /usr/lib/libcurl.so.4: no version information available (required by /usr/bin/cmake)
Building CXX object CMakeFiles/cmTC_b820f.dir/src.cxx.o
/usr/bin/c++   -fsigned-char -W -Wall -Wreturn-type -Wnon-virtual-dtor -Waddress -Wsequence-point -Wformat -Wformat-security -Winit-self -Wpointer-arith -Wsign-promo -Wno-delete-non-virtual-dtor -Wno-comment -Wno-strict-overflow -fdiagnostics-show-option -pthread -fomit-frame-pointer -ffunction-sections -fdata-sections    -fvisibility=hidden -fvisibility-inlines-hidden -Wno-shadow -Wno-unused -Wno-sign-compare -Wno-undef -Wno-missing-declarations -Wno-uninitialized -Wno-switch -Wno-parentheses -Wno-array-bounds -Wno-extra -Wno-deprecated-declarations -Wno-misleading-indentation -Wno-deprecated -Wno-suggest-override -Wno-implicit-fallthrough -Wno-tautological-compare  -O3 -DNDEBUG  -DNDEBUG -fPIE    -Wno-missing-prototypes -std=c++11 -o CMakeFiles/cmTC_b820f.dir/src.cxx.o -c /tmp/opencv/opencv-4.8.1/build/CMakeFiles/CMakeTmp/src.cxx
cc1plus: warning: command-line option '-Wno-missing-prototypes' is valid for C/ObjC but not for C++
/tmp/opencv/opencv-4.8.1/build/CMakeFiles/CMakeTmp/src.cxx:1: warning: ignoring '#pragma  ' [-Wunknown-pragmas]
    1 | #pragma
      | 
/usr/bin/cmake: /usr/lib/libcurl.so.4: no version information available (required by /usr/bin/cmake)
Linking CXX executable cmTC_b820f
/usr/bin/cmake -E cmake_link_script CMakeFiles/cmTC_b820f.dir/link.txt --verbose=1
/usr/bin/cmake: /usr/lib/libcurl.so.4: no version information available (required by /usr/bin/cmake)
/usr/bin/c++    -fsigned-char -W -Wall -Wreturn-type -Wnon-virtual-dtor -Waddress -Wsequence-point -Wformat -Wformat-security -Winit-self -Wpointer-arith -Wsign-promo -Wno-delete-non-virtual-dtor -Wno-comment -Wno-strict-overflow -fdiagnostics-show-option -pthread -fomit-frame-pointer -ffunction-sections -fdata-sections    -fvisibility=hidden -fvisibility-inlines-hidden -Wno-shadow -Wno-unused -Wno-sign-compare -Wno-undef -Wno-missing-declarations -Wno-uninitialized -Wno-switch -Wno-parentheses -Wno-array-bounds -Wno-extra -Wno-deprecated-declarations -Wno-misleading-indentation -Wno-deprecated -Wno-suggest-override -Wno-implicit-fallthrough -Wno-tautological-compare  -O3 -DNDEBUG  -DNDEBUG   -Wl,--gc-sections -Wl,--as-needed -Wl,--no-undefined  CMakeFiles/cmTC_b820f.dir/src.cxx.o -o cmTC_b820f 
gmake[2]: Leaving directory '/tmp/opencv/opencv-4.8.1/build/CMakeFiles/CMakeTmp'
gmake[1]: Leaving directory '/tmp/opencv/opencv-4.8.1/build/CMakeFiles/CMakeTmp'


===== END =====

Build output check failed:
    Regex: 'unrecognized .*option'
    Output line: 'cc1plus: note: unrecognized command-line option '-Wno-implicit-const-int-float-conversion' may have been intended to silence earlier diagnostics'
Compilation failed:
    source file: '/tmp/opencv/opencv-4.8.1/build/CMakeFiles/CMakeTmp/src.cxx'
    check option: ' -Wno-implicit-const-int-float-conversion'
===== BUILD LOG =====
Change Dir: /tmp/opencv/opencv-4.8.1/build/CMakeFiles/CMakeTmp

Run Build Command(s):/usr/bin/gmake -f Makefile cmTC_2ca07/fast && gmake[1]: Entering directory '/tmp/opencv/opencv-4.8.1/build/CMakeFiles/CMakeTmp'
/usr/bin/gmake  -f CMakeFiles/cmTC_2ca07.dir/build.make CMakeFiles/cmTC_2ca07.dir/build
gmake[2]: Entering directory '/tmp/opencv/opencv-4.8.1/build/CMakeFiles/CMakeTmp'
/usr/bin/cmake: /usr/lib/libcurl.so.4: no version information available (required by /usr/bin/cmake)
Building CXX object CMakeFiles/cmTC_2ca07.dir/src.cxx.o
/usr/bin/c++   -fsigned-char -W -Wall -Wreturn-type -Wnon-virtual-dtor -Waddress -Wsequence-point -Wformat -Wformat-security -Winit-self -Wpointer-arith -Wsign-promo -Wno-delete-non-virtual-dtor -Wno-comment -Wno-strict-overflow -fdiagnostics-show-option -pthread -fomit-frame-pointer -ffunction-sections -fdata-sections    -fvisibility=hidden -fvisibility-inlines-hidden -Wno-shadow -Wno-unused -Wno-sign-compare -Wno-undef -Wno-missing-declarations -Wno-uninitialized -Wno-switch -Wno-parentheses -Wno-array-bounds -Wno-extra -Wno-deprecated-declarations -Wno-misleading-indentation -Wno-deprecated -Wno-suggest-override -Wno-implicit-fallthrough -Wno-tautological-compare -Wno-reorder -Wno-unused-result  -O3 -DNDEBUG  -DNDEBUG -fPIE    -Wno-implicit-const-int-float-conversion -std=c++11 -o CMakeFiles/cmTC_2ca07.dir/src.cxx.o -c /tmp/opencv/opencv-4.8.1/build/CMakeFiles/CMakeTmp/src.cxx
/tmp/opencv/opencv-4.8.1/build/CMakeFiles/CMakeTmp/src.cxx:1: warning: ignoring '#pragma  ' [-Wunknown-pragmas]
    1 | #pragma
      | 
cc1plus: note: unrecognized command-line option '-Wno-implicit-const-int-float-conversion' may have been intended to silence earlier diagnostics
/usr/bin/cmake: /usr/lib/libcurl.so.4: no version information available (required by /usr/bin/cmake)
Linking CXX executable cmTC_2ca07
/usr/bin/cmake -E cmake_link_script CMakeFiles/cmTC_2ca07.dir/link.txt --verbose=1
/usr/bin/cmake: /usr/lib/libcurl.so.4: no version information available (required by /usr/bin/cmake)
/usr/bin/c++    -fsigned-char -W -Wall -Wreturn-type -Wnon-virtual-dtor -Waddress -Wsequence-point -Wformat -Wformat-security -Winit-self -Wpointer-arith -Wsign-promo -Wno-delete-non-virtual-dtor -Wno-comment -Wno-strict-overflow -fdiagnostics-show-option -pthread -fomit-frame-pointer -ffunction-sections -fdata-sections    -fvisibility=hidden -fvisibility-inlines-hidden -Wno-shadow -Wno-unused -Wno-sign-compare -Wno-undef -Wno-missing-declarations -Wno-uninitialized -Wno-switch -Wno-parentheses -Wno-array-bounds -Wno-extra -Wno-deprecated-declarations -Wno-misleading-indentation -Wno-deprecated -Wno-suggest-override -Wno-implicit-fallthrough -Wno-tautological-compare -Wno-reorder -Wno-unused-result  -O3 -DNDEBUG  -DNDEBUG   -Wl,--gc-sections -Wl,--as-needed -Wl,--no-undefined  CMakeFiles/cmTC_2ca07.dir/src.cxx.o -o cmTC_2ca07 
gmake[2]: Leaving directory '/tmp/opencv/opencv-4.8.1/build/CMakeFiles/CMakeTmp'
gmake[1]: Leaving directory '/tmp/opencv/opencv-4.8.1/build/CMakeFiles/CMakeTmp'


===== END =====

Determining if the function sgemm_ exists failed with the following output:
Change Dir: /tmp/opencv/opencv-4.8.1/build/CMakeFiles/CMakeTmp

Run Build Command(s):/usr/bin/gmake -f Makefile cmTC_ababf/fast && gmake[1]: Entering directory '/tmp/opencv/opencv-4.8.1/build/CMakeFiles/CMakeTmp'
/usr/bin/gmake  -f CMakeFiles/cmTC_ababf.dir/build.make CMakeFiles/cmTC_ababf.dir/build
gmake[2]: Entering directory '/tmp/opencv/opencv-4.8.1/build/CMakeFiles/CMakeTmp'
/usr/bin/cmake: /usr/lib/libcurl.so.4: no version information available (required by /usr/bin/cmake)
Building C object CMakeFiles/cmTC_ababf.dir/CheckFunctionExists.c.o
/usr/bin/cc   -fsigned-char -W -Wall -Wreturn-type -Waddress -Wsequence-point -Wformat -Wformat-security -Wmissing-declarations -Wmissing-prototypes -Wstrict-prototypes -Wundef -Winit-self -Wpointer-arith -Wshadow -Wuninitialized -Wno-comment -Wimplicit-fallthrough=3 -Wno-strict-overflow -fdiagnostics-show-option -pthread -fomit-frame-pointer -ffunction-sections -fdata-sections    -fvisibility=hidden -DCHECK_FUNCTION_EXISTS=sgemm_ -O3 -DNDEBUG  -DNDEBUG -fPIE -o CMakeFiles/cmTC_ababf.dir/CheckFunctionExists.c.o -c /usr/share/cmake-3.22/Modules/CheckFunctionExists.c
/usr/bin/cmake: /usr/lib/libcurl.so.4: no version information available (required by /usr/bin/cmake)
Linking C executable cmTC_ababf
/usr/bin/cmake -E cmake_link_script CMakeFiles/cmTC_ababf.dir/link.txt --verbose=1
/usr/bin/cmake: /usr/lib/libcurl.so.4: no version information available (required by /usr/bin/cmake)
/usr/bin/cc    -fsigned-char -W -Wall -Wreturn-type -Waddress -Wsequence-point -Wformat -Wformat-security -Wmissing-declarations -Wmissing-prototypes -Wstrict-prototypes -Wundef -Winit-self -Wpointer-arith -Wshadow -Wuninitialized -Wno-comment -Wimplicit-fallthrough=3 -Wno-strict-overflow -fdiagnostics-show-option -pthread -fomit-frame-pointer -ffunction-sections -fdata-sections    -fvisibility=hidden -DCHECK_FUNCTION_EXISTS=sgemm_ -O3 -DNDEBUG  -DNDEBUG   -Wl,--gc-sections -Wl,--as-needed -Wl,--no-undefined  CMakeFiles/cmTC_ababf.dir/CheckFunctionExists.c.o -o cmTC_ababf 
/usr/bin/ld: CMakeFiles/cmTC_ababf.dir/CheckFunctionExists.c.o: in function `main':
CheckFunctionExists.c:(.text.startup.main+0x10): undefined reference to `sgemm_'
collect2: error: ld returned 1 exit status
gmake[2]: *** [CMakeFiles/cmTC_ababf.dir/build.make:99: cmTC_ababf] Error 1
gmake[2]: Leaving directory '/tmp/opencv/opencv-4.8.1/build/CMakeFiles/CMakeTmp'
gmake[1]: *** [Makefile:127: cmTC_ababf/fast] Error 2
gmake[1]: Leaving directory '/tmp/opencv/opencv-4.8.1/build/CMakeFiles/CMakeTmp'



Build output check failed:
    Regex: 'unrecognized .*option'
    Output line: 'cc1plus: note: unrecognized command-line option '-Wno-tautological-undefined-compare' may have been intended to silence earlier diagnostics'
Compilation failed:
    source file: '/tmp/opencv/opencv-4.8.1/build/CMakeFiles/CMakeTmp/src.cxx'
    check option: ' -Wno-tautological-undefined-compare'
===== BUILD LOG =====
Change Dir: /tmp/opencv/opencv-4.8.1/build/CMakeFiles/CMakeTmp

Run Build Command(s):/usr/bin/gmake -f Makefile cmTC_eb2df/fast && gmake[1]: Entering directory '/tmp/opencv/opencv-4.8.1/build/CMakeFiles/CMakeTmp'
/usr/bin/gmake  -f CMakeFiles/cmTC_eb2df.dir/build.make CMakeFiles/cmTC_eb2df.dir/build
gmake[2]: Entering directory '/tmp/opencv/opencv-4.8.1/build/CMakeFiles/CMakeTmp'
/usr/bin/cmake: /usr/lib/libcurl.so.4: no version information available (required by /usr/bin/cmake)
Building CXX object CMakeFiles/cmTC_eb2df.dir/src.cxx.o
/usr/bin/c++   -fsigned-char -W -Wall -Wreturn-type -Wnon-virtual-dtor -Waddress -Wsequence-point -Wformat -Wformat-security -Winit-self -Wpointer-arith -Wuninitialized -Wsuggest-override -Wno-delete-non-virtual-dtor -Wno-comment -Wimplicit-fallthrough=3 -Wno-strict-overflow -fdiagnostics-show-option -pthread -fomit-frame-pointer -ffunction-sections -fdata-sections    -fvisibility=hidden -fvisibility-inlines-hidden -Wno-deprecated -Wno-missing-declarations -Wno-shadow -Wno-unused-parameter -Wno-unused-local-typedefs -Wno-sign-compare -Wno-sign-promo -Wno-undef  -O3 -DNDEBUG  -DNDEBUG -fPIE    -Wno-tautological-undefined-compare -std=c++11 -o CMakeFiles/cmTC_eb2df.dir/src.cxx.o -c /tmp/opencv/opencv-4.8.1/build/CMakeFiles/CMakeTmp/src.cxx
/tmp/opencv/opencv-4.8.1/build/CMakeFiles/CMakeTmp/src.cxx:1: warning: ignoring '#pragma  ' [-Wunknown-pragmas]
    1 | #pragma
      | 
cc1plus: note: unrecognized command-line option '-Wno-tautological-undefined-compare' may have been intended to silence earlier diagnostics
/usr/bin/cmake: /usr/lib/libcurl.so.4: no version information available (required by /usr/bin/cmake)
Linking CXX executable cmTC_eb2df
/usr/bin/cmake -E cmake_link_script CMakeFiles/cmTC_eb2df.dir/link.txt --verbose=1
/usr/bin/cmake: /usr/lib/libcurl.so.4: no version information available (required by /usr/bin/cmake)
/usr/bin/c++    -fsigned-char -W -Wall -Wreturn-type -Wnon-virtual-dtor -Waddress -Wsequence-point -Wformat -Wformat-security -Winit-self -Wpointer-arith -Wuninitialized -Wsuggest-override -Wno-delete-non-virtual-dtor -Wno-comment -Wimplicit-fallthrough=3 -Wno-strict-overflow -fdiagnostics-show-option -pthread -fomit-frame-pointer -ffunction-sections -fdata-sections    -fvisibility=hidden -fvisibility-inlines-hidden -Wno-deprecated -Wno-missing-declarations -Wno-shadow -Wno-unused-parameter -Wno-unused-local-typedefs -Wno-sign-compare -Wno-sign-promo -Wno-undef  -O3 -DNDEBUG  -DNDEBUG   -Wl,--gc-sections -Wl,--as-needed -Wl,--no-undefined  CMakeFiles/cmTC_eb2df.dir/src.cxx.o -o cmTC_eb2df 
gmake[2]: Leaving directory '/tmp/opencv/opencv-4.8.1/build/CMakeFiles/CMakeTmp'
gmake[1]: Leaving directory '/tmp/opencv/opencv-4.8.1/build/CMakeFiles/CMakeTmp'


===== END =====

Build output check failed:
    Regex: 'unrecognized .*option'
    Output line: 'cc1plus: note: unrecognized command-line option '-Wno-shorten-64-to-32' may have been intended to silence earlier diagnostics'
Compilation failed:
    source file: '/tmp/opencv/opencv-4.8.1/build/CMakeFiles/CMakeTmp/src.cxx'
    check option: ' -Wno-shorten-64-to-32'
===== BUILD LOG =====
Change Dir: /tmp/opencv/opencv-4.8.1/build/CMakeFiles/CMakeTmp

Run Build Command(s):/usr/bin/gmake -f Makefile cmTC_e268a/fast && gmake[1]: Entering directory '/tmp/opencv/opencv-4.8.1/build/CMakeFiles/CMakeTmp'
/usr/bin/gmake  -f CMakeFiles/cmTC_e268a.dir/build.make CMakeFiles/cmTC_e268a.dir/build
gmake[2]: Entering directory '/tmp/opencv/opencv-4.8.1/build/CMakeFiles/CMakeTmp'
/usr/bin/cmake: /usr/lib/libcurl.so.4: no version information available (required by /usr/bin/cmake)
Building CXX object CMakeFiles/cmTC_e268a.dir/src.cxx.o
/usr/bin/c++   -fsigned-char -W -Wall -Wreturn-type -Wnon-virtual-dtor -Waddress -Wsequence-point -Wformat -Wformat-security -Winit-self -Wpointer-arith -Wuninitialized -Wsuggest-override -Wno-delete-non-virtual-dtor -Wno-comment -Wimplicit-fallthrough=3 -Wno-strict-overflow -fdiagnostics-show-option -pthread -fomit-frame-pointer -ffunction-sections -fdata-sections    -fvisibility=hidden -fvisibility-inlines-hidden -Wno-deprecated -Wno-missing-declarations -Wno-shadow -Wno-unused-parameter -Wno-unused-local-typedefs -Wno-sign-compare -Wno-sign-promo -Wno-undef -Wno-ignored-qualifiers -Wno-extra -Wno-unused-function -Wno-unused-const-variable  -O3 -DNDEBUG  -DNDEBUG -fPIE    -Wno-shorten-64-to-32 -std=c++11 -o CMakeFiles/cmTC_e268a.dir/src.cxx.o -c /tmp/opencv/opencv-4.8.1/build/CMakeFiles/CMakeTmp/src.cxx
/tmp/opencv/opencv-4.8.1/build/CMakeFiles/CMakeTmp/src.cxx:1: warning: ignoring '#pragma  ' [-Wunknown-pragmas]
    1 | #pragma
      | 
cc1plus: note: unrecognized command-line option '-Wno-shorten-64-to-32' may have been intended to silence earlier diagnostics
/usr/bin/cmake: /usr/lib/libcurl.so.4: no version information available (required by /usr/bin/cmake)
Linking CXX executable cmTC_e268a
/usr/bin/cmake -E cmake_link_script CMakeFiles/cmTC_e268a.dir/link.txt --verbose=1
/usr/bin/cmake: /usr/lib/libcurl.so.4: no version information available (required by /usr/bin/cmake)
/usr/bin/c++    -fsigned-char -W -Wall -Wreturn-type -Wnon-virtual-dtor -Waddress -Wsequence-point -Wformat -Wformat-security -Winit-self -Wpointer-arith -Wuninitialized -Wsuggest-override -Wno-delete-non-virtual-dtor -Wno-comment -Wimplicit-fallthrough=3 -Wno-strict-overflow -fdiagnostics-show-option -pthread -fomit-frame-pointer -ffunction-sections -fdata-sections    -fvisibility=hidden -fvisibility-inlines-hidden -Wno-deprecated -Wno-missing-declarations -Wno-shadow -Wno-unused-parameter -Wno-unused-local-typedefs -Wno-sign-compare -Wno-sign-promo -Wno-undef -Wno-ignored-qualifiers -Wno-extra -Wno-unused-function -Wno-unused-const-variable  -O3 -DNDEBUG  -DNDEBUG   -Wl,--gc-sections -Wl,--as-needed -Wl,--no-undefined  CMakeFiles/cmTC_e268a.dir/src.cxx.o -o cmTC_e268a 
gmake[2]: Leaving directory '/tmp/opencv/opencv-4.8.1/build/CMakeFiles/CMakeTmp'
gmake[1]: Leaving directory '/tmp/opencv/opencv-4.8.1/build/CMakeFiles/CMakeTmp'


===== END =====

Build output check failed:
    Regex: 'unrecognized .*option'
    Output line: 'cc1plus: note: unrecognized command-line option '-Wno-enum-compare-switch' may have been intended to silence earlier diagnostics'
Compilation failed:
    source file: '/tmp/opencv/opencv-4.8.1/build/CMakeFiles/CMakeTmp/src.cxx'
    check option: ' -Wno-enum-compare-switch'
===== BUILD LOG =====
Change Dir: /tmp/opencv/opencv-4.8.1/build/CMakeFiles/CMakeTmp

Run Build Command(s):/usr/bin/gmake -f Makefile cmTC_98633/fast && gmake[1]: Entering directory '/tmp/opencv/opencv-4.8.1/build/CMakeFiles/CMakeTmp'
/usr/bin/gmake  -f CMakeFiles/cmTC_98633.dir/build.make CMakeFiles/cmTC_98633.dir/build
gmake[2]: Entering directory '/tmp/opencv/opencv-4.8.1/build/CMakeFiles/CMakeTmp'
/usr/bin/cmake: /usr/lib/libcurl.so.4: no version information available (required by /usr/bin/cmake)
Building CXX object CMakeFiles/cmTC_98633.dir/src.cxx.o
/usr/bin/c++   -fsigned-char -W -Wall -Wreturn-type -Wnon-virtual-dtor -Waddress -Wsequence-point -Wformat -Wformat-security -Winit-self -Wpointer-arith -Wuninitialized -Wsuggest-override -Wno-delete-non-virtual-dtor -Wno-comment -Wimplicit-fallthrough=3 -Wno-strict-overflow -fdiagnostics-show-option -pthread -fomit-frame-pointer -ffunction-sections -fdata-sections    -fvisibility=hidden -fvisibility-inlines-hidden -Wno-deprecated -Wno-missing-declarations -Wno-shadow -Wno-unused-parameter -Wno-unused-local-typedefs -Wno-sign-compare -Wno-sign-promo -Wno-undef -Wno-ignored-qualifiers -Wno-extra -Wno-unused-function -Wno-unused-const-variable -Wno-invalid-offsetof  -O3 -DNDEBUG  -DNDEBUG -fPIE    -Wno-enum-compare-switch -std=c++11 -o CMakeFiles/cmTC_98633.dir/src.cxx.o -c /tmp/opencv/opencv-4.8.1/build/CMakeFiles/CMakeTmp/src.cxx
/tmp/opencv/opencv-4.8.1/build/CMakeFiles/CMakeTmp/src.cxx:1: warning: ignoring '#pragma  ' [-Wunknown-pragmas]
    1 | #pragma
      | 
cc1plus: note: unrecognized command-line option '-Wno-enum-compare-switch' may have been intended to silence earlier diagnostics
/usr/bin/cmake: /usr/lib/libcurl.so.4: no version information available (required by /usr/bin/cmake)
Linking CXX executable cmTC_98633
/usr/bin/cmake -E cmake_link_script CMakeFiles/cmTC_98633.dir/link.txt --verbose=1
/usr/bin/cmake: /usr/lib/libcurl.so.4: no version information available (required by /usr/bin/cmake)
/usr/bin/c++    -fsigned-char -W -Wall -Wreturn-type -Wnon-virtual-dtor -Waddress -Wsequence-point -Wformat -Wformat-security -Winit-self -Wpointer-arith -Wuninitialized -Wsuggest-override -Wno-delete-non-virtual-dtor -Wno-comment -Wimplicit-fallthrough=3 -Wno-strict-overflow -fdiagnostics-show-option -pthread -fomit-frame-pointer -ffunction-sections -fdata-sections    -fvisibility=hidden -fvisibility-inlines-hidden -Wno-deprecated -Wno-missing-declarations -Wno-shadow -Wno-unused-parameter -Wno-unused-local-typedefs -Wno-sign-compare -Wno-sign-promo -Wno-undef -Wno-ignored-qualifiers -Wno-extra -Wno-unused-function -Wno-unused-const-variable -Wno-invalid-offsetof  -O3 -DNDEBUG  -DNDEBUG   -Wl,--gc-sections -Wl,--as-needed -Wl,--no-undefined  CMakeFiles/cmTC_98633.dir/src.cxx.o -o cmTC_98633 
gmake[2]: Leaving directory '/tmp/opencv/opencv-4.8.1/build/CMakeFiles/CMakeTmp'
gmake[1]: Leaving directory '/tmp/opencv/opencv-4.8.1/build/CMakeFiles/CMakeTmp'


===== END =====

Determining if the include file sys/videoio.h exists failed with the following output:
Change Dir: /tmp/opencv/opencv-4.8.1/build/CMakeFiles/CMakeTmp

Run Build Command(s):/usr/bin/gmake -f Makefile cmTC_ad87b/fast && gmake[1]: Entering directory '/tmp/opencv/opencv-4.8.1/build/CMakeFiles/CMakeTmp'
/usr/bin/gmake  -f CMakeFiles/cmTC_ad87b.dir/build.make CMakeFiles/cmTC_ad87b.dir/build
gmake[2]: Entering directory '/tmp/opencv/opencv-4.8.1/build/CMakeFiles/CMakeTmp'
/usr/bin/cmake: /usr/lib/libcurl.so.4: no version information available (required by /usr/bin/cmake)
Building C object CMakeFiles/cmTC_ad87b.dir/CheckIncludeFile.c.o
/usr/bin/cc   -fsigned-char -W -Wall -Wreturn-type -Waddress -Wsequence-point -Wformat -Wformat-security -Wmissing-declarations -Wmissing-prototypes -Wstrict-prototypes -Wundef -Winit-self -Wpointer-arith -Wshadow -Wuninitialized -Wno-comment -Wimplicit-fallthrough=3 -Wno-strict-overflow -fdiagnostics-show-option -pthread -fomit-frame-pointer -ffunction-sections -fdata-sections    -fvisibility=hidden  -O3 -DNDEBUG  -DNDEBUG -fPIE -o CMakeFiles/cmTC_ad87b.dir/CheckIncludeFile.c.o -c /tmp/opencv/opencv-4.8.1/build/CMakeFiles/CMakeTmp/CheckIncludeFile.c
/tmp/opencv/opencv-4.8.1/build/CMakeFiles/CMakeTmp/CheckIncludeFile.c:1:10: fatal error: sys/videoio.h: No such file or directory
    1 | #include <sys/videoio.h>
      |          ^~~~~~~~~~~~~~~
compilation terminated.
gmake[2]: *** [CMakeFiles/cmTC_ad87b.dir/build.make:78: CMakeFiles/cmTC_ad87b.dir/CheckIncludeFile.c.o] Error 1
gmake[2]: Leaving directory '/tmp/opencv/opencv-4.8.1/build/CMakeFiles/CMakeTmp'
gmake[1]: *** [Makefile:127: cmTC_ad87b/fast] Error 2
gmake[1]: Leaving directory '/tmp/opencv/opencv-4.8.1/build/CMakeFiles/CMakeTmp'



