Build output check failed:
    Regex: 'command[- ]line option .* is valid for .* but not for C'
    Output line: 'cc1: warning: command-line option '-Wnon-virtual-dtor' is valid for C++/ObjC++ but not for C'
Compilation failed:
    source file: '/home/debix/gocv-buildopencv/opencv-4.10.0/build/CMakeFiles/CMakeTmp/src.c'
    check option: ' -fsigned-char -W -Wall -Wreturn-type  -Wnon-virtual-dtor'
===== BUILD LOG =====
Change Dir: /home/debix/gocv-buildopencv/opencv-4.10.0/build/CMakeFiles/CMakeTmp

Run Build Command(s):/usr/bin/gmake -f Makefile cmTC_5420b/fast && gmake[1]: Entering directory '/home/debix/gocv-buildopencv/opencv-4.10.0/build/CMakeFiles/CMakeTmp'
/usr/bin/gmake  -f CMakeFiles/cmTC_5420b.dir/build.make CMakeFiles/cmTC_5420b.dir/build
gmake[2]: Entering directory '/home/debix/gocv-buildopencv/opencv-4.10.0/build/CMakeFiles/CMakeTmp'
/usr/bin/cmake: /usr/lib/libcurl.so.4: no version information available (required by /usr/bin/cmake)
Building C object CMakeFiles/cmTC_5420b.dir/src.c.o
/usr/bin/cc   -O3 -DNDEBUG -fPIE    -fsigned-char -W -Wall -Wreturn-type  -Wnon-virtual-dtor -o CMakeFiles/cmTC_5420b.dir/src.c.o -c /home/debix/gocv-buildopencv/opencv-4.10.0/build/CMakeFiles/CMakeTmp/src.c
cc1: warning: command-line option '-Wnon-virtual-dtor' is valid for C++/ObjC++ but not for C
/home/debix/gocv-buildopencv/opencv-4.10.0/build/CMakeFiles/CMakeTmp/src.c:1: warning: ignoring '#pragma  ' [-Wunknown-pragmas]
    1 | #pragma
      | 
/usr/bin/cmake: /usr/lib/libcurl.so.4: no version information available (required by /usr/bin/cmake)
Linking C executable cmTC_5420b
/usr/bin/cmake -E cmake_link_script CMakeFiles/cmTC_5420b.dir/link.txt --verbose=1
/usr/bin/cmake: /usr/lib/libcurl.so.4: no version information available (required by /usr/bin/cmake)
/usr/bin/cc -O3 -DNDEBUG CMakeFiles/cmTC_5420b.dir/src.c.o -o cmTC_5420b 
gmake[2]: Leaving directory '/home/debix/gocv-buildopencv/opencv-4.10.0/build/CMakeFiles/CMakeTmp'
gmake[1]: Leaving directory '/home/debix/gocv-buildopencv/opencv-4.10.0/build/CMakeFiles/CMakeTmp'


===== END =====

Build output check failed:
    Regex: 'command[- ]line option .* is valid for .* but not for C\+\+'
    Output line: 'cc1plus: warning: command-line option '-Wmissing-prototypes' is valid for C/ObjC but not for C++'
Compilation failed:
    source file: '/home/debix/gocv-buildopencv/opencv-4.10.0/build/CMakeFiles/CMakeTmp/src.cxx'
    check option: ' -fsigned-char -W -Wall -Wreturn-type -Wnon-virtual-dtor -Waddress -Wsequence-point -Wformat -Wformat-security -Wmissing-declarations  -Wmissing-prototypes'
===== BUILD LOG =====
Change Dir: /home/debix/gocv-buildopencv/opencv-4.10.0/build/CMakeFiles/CMakeTmp

Run Build Command(s):/usr/bin/gmake -f Makefile cmTC_04649/fast && gmake[1]: Entering directory '/home/debix/gocv-buildopencv/opencv-4.10.0/build/CMakeFiles/CMakeTmp'
/usr/bin/gmake  -f CMakeFiles/cmTC_04649.dir/build.make CMakeFiles/cmTC_04649.dir/build
gmake[2]: Entering directory '/home/debix/gocv-buildopencv/opencv-4.10.0/build/CMakeFiles/CMakeTmp'
/usr/bin/cmake: /usr/lib/libcurl.so.4: no version information available (required by /usr/bin/cmake)
Building CXX object CMakeFiles/cmTC_04649.dir/src.cxx.o
/usr/bin/c++   -O3 -DNDEBUG -fPIE    -fsigned-char -W -Wall -Wreturn-type -Wnon-virtual-dtor -Waddress -Wsequence-point -Wformat -Wformat-security -Wmissing-declarations  -Wmissing-prototypes -std=c++11 -o CMakeFiles/cmTC_04649.dir/src.cxx.o -c /home/debix/gocv-buildopencv/opencv-4.10.0/build/CMakeFiles/CMakeTmp/src.cxx
cc1plus: warning: command-line option '-Wmissing-prototypes' is valid for C/ObjC but not for C++
/home/debix/gocv-buildopencv/opencv-4.10.0/build/CMakeFiles/CMakeTmp/src.cxx:1: warning: ignoring '#pragma  ' [-Wunknown-pragmas]
    1 | #pragma
      | 
/usr/bin/cmake: /usr/lib/libcurl.so.4: no version information available (required by /usr/bin/cmake)
Linking CXX executable cmTC_04649
/usr/bin/cmake -E cmake_link_script CMakeFiles/cmTC_04649.dir/link.txt --verbose=1
/usr/bin/cmake: /usr/lib/libcurl.so.4: no version information available (required by /usr/bin/cmake)
/usr/bin/c++ -O3 -DNDEBUG CMakeFiles/cmTC_04649.dir/src.cxx.o -o cmTC_04649 
gmake[2]: Leaving directory '/home/debix/gocv-buildopencv/opencv-4.10.0/build/CMakeFiles/CMakeTmp'
gmake[1]: Leaving directory '/home/debix/gocv-buildopencv/opencv-4.10.0/build/CMakeFiles/CMakeTmp'


===== END =====

Build output check failed:
    Regex: 'command[- ]line option .* is valid for .* but not for C\+\+'
    Output line: 'cc1plus: warning: command-line option '-Wstrict-prototypes' is valid for C/ObjC but not for C++'
Compilation failed:
    source file: '/home/debix/gocv-buildopencv/opencv-4.10.0/build/CMakeFiles/CMakeTmp/src.cxx'
    check option: ' -fsigned-char -W -Wall -Wreturn-type -Wnon-virtual-dtor -Waddress -Wsequence-point -Wformat -Wformat-security -Wmissing-declarations  -Wstrict-prototypes'
===== BUILD LOG =====
Change Dir: /home/debix/gocv-buildopencv/opencv-4.10.0/build/CMakeFiles/CMakeTmp

Run Build Command(s):/usr/bin/gmake -f Makefile cmTC_68564/fast && gmake[1]: Entering directory '/home/debix/gocv-buildopencv/opencv-4.10.0/build/CMakeFiles/CMakeTmp'
/usr/bin/gmake  -f CMakeFiles/cmTC_68564.dir/build.make CMakeFiles/cmTC_68564.dir/build
gmake[2]: Entering directory '/home/debix/gocv-buildopencv/opencv-4.10.0/build/CMakeFiles/CMakeTmp'
/usr/bin/cmake: /usr/lib/libcurl.so.4: no version information available (required by /usr/bin/cmake)
Building CXX object CMakeFiles/cmTC_68564.dir/src.cxx.o
/usr/bin/c++   -O3 -DNDEBUG -fPIE    -fsigned-char -W -Wall -Wreturn-type -Wnon-virtual-dtor -Waddress -Wsequence-point -Wformat -Wformat-security -Wmissing-declarations  -Wstrict-prototypes -std=c++11 -o CMakeFiles/cmTC_68564.dir/src.cxx.o -c /home/debix/gocv-buildopencv/opencv-4.10.0/build/CMakeFiles/CMakeTmp/src.cxx
cc1plus: warning: command-line option '-Wstrict-prototypes' is valid for C/ObjC but not for C++
/home/debix/gocv-buildopencv/opencv-4.10.0/build/CMakeFiles/CMakeTmp/src.cxx:1: warning: ignoring '#pragma  ' [-Wunknown-pragmas]
    1 | #pragma
      | 
/usr/bin/cmake: /usr/lib/libcurl.so.4: no version information available (required by /usr/bin/cmake)
Linking CXX executable cmTC_68564
/usr/bin/cmake -E cmake_link_script CMakeFiles/cmTC_68564.dir/link.txt --verbose=1
/usr/bin/cmake: /usr/lib/libcurl.so.4: no version information available (required by /usr/bin/cmake)
/usr/bin/c++ -O3 -DNDEBUG CMakeFiles/cmTC_68564.dir/src.cxx.o -o cmTC_68564 
gmake[2]: Leaving directory '/home/debix/gocv-buildopencv/opencv-4.10.0/build/CMakeFiles/CMakeTmp'
gmake[1]: Leaving directory '/home/debix/gocv-buildopencv/opencv-4.10.0/build/CMakeFiles/CMakeTmp'


===== END =====

Build output check failed:
    Regex: 'command[- ]line option .* is valid for .* but not for C'
    Output line: 'cc1: warning: command-line option '-Wsign-promo' is valid for C++/ObjC++ but not for C'
Compilation failed:
    source file: '/home/debix/gocv-buildopencv/opencv-4.10.0/build/CMakeFiles/CMakeTmp/src.c'
    check option: ' -fsigned-char -W -Wall -Wreturn-type -Waddress -Wsequence-point -Wformat -Wformat-security -Wmissing-declarations -Wmissing-prototypes -Wstrict-prototypes -Wundef -Winit-self -Wpointer-arith -Wshadow  -Wsign-promo'
===== BUILD LOG =====
Change Dir: /home/debix/gocv-buildopencv/opencv-4.10.0/build/CMakeFiles/CMakeTmp

Run Build Command(s):/usr/bin/gmake -f Makefile cmTC_64d28/fast && gmake[1]: Entering directory '/home/debix/gocv-buildopencv/opencv-4.10.0/build/CMakeFiles/CMakeTmp'
/usr/bin/gmake  -f CMakeFiles/cmTC_64d28.dir/build.make CMakeFiles/cmTC_64d28.dir/build
gmake[2]: Entering directory '/home/debix/gocv-buildopencv/opencv-4.10.0/build/CMakeFiles/CMakeTmp'
/usr/bin/cmake: /usr/lib/libcurl.so.4: no version information available (required by /usr/bin/cmake)
Building C object CMakeFiles/cmTC_64d28.dir/src.c.o
/usr/bin/cc   -O3 -DNDEBUG -fPIE    -fsigned-char -W -Wall -Wreturn-type -Waddress -Wsequence-point -Wformat -Wformat-security -Wmissing-declarations -Wmissing-prototypes -Wstrict-prototypes -Wundef -Winit-self -Wpointer-arith -Wshadow  -Wsign-promo -o CMakeFiles/cmTC_64d28.dir/src.c.o -c /home/debix/gocv-buildopencv/opencv-4.10.0/build/CMakeFiles/CMakeTmp/src.c
cc1: warning: command-line option '-Wsign-promo' is valid for C++/ObjC++ but not for C
/home/debix/gocv-buildopencv/opencv-4.10.0/build/CMakeFiles/CMakeTmp/src.c:1: warning: ignoring '#pragma  ' [-Wunknown-pragmas]
    1 | #pragma
      | 
/usr/bin/cmake: /usr/lib/libcurl.so.4: no version information available (required by /usr/bin/cmake)
Linking C executable cmTC_64d28
/usr/bin/cmake -E cmake_link_script CMakeFiles/cmTC_64d28.dir/link.txt --verbose=1
/usr/bin/cmake: /usr/lib/libcurl.so.4: no version information available (required by /usr/bin/cmake)
/usr/bin/cc -O3 -DNDEBUG CMakeFiles/cmTC_64d28.dir/src.c.o -o cmTC_64d28 
gmake[2]: Leaving directory '/home/debix/gocv-buildopencv/opencv-4.10.0/build/CMakeFiles/CMakeTmp'
gmake[1]: Leaving directory '/home/debix/gocv-buildopencv/opencv-4.10.0/build/CMakeFiles/CMakeTmp'


===== END =====

Build output check failed:
    Regex: 'command[- ]line option .* is valid for .* but not for C'
    Output line: 'cc1: warning: command-line option '-Wsuggest-override' is valid for C++/ObjC++ but not for C'
Compilation failed:
    source file: '/home/debix/gocv-buildopencv/opencv-4.10.0/build/CMakeFiles/CMakeTmp/src.c'
    check option: ' -fsigned-char -W -Wall -Wreturn-type -Waddress -Wsequence-point -Wformat -Wformat-security -Wmissing-declarations -Wmissing-prototypes -Wstrict-prototypes -Wundef -Winit-self -Wpointer-arith -Wshadow -Wuninitialized  -Wsuggest-override'
===== BUILD LOG =====
Change Dir: /home/debix/gocv-buildopencv/opencv-4.10.0/build/CMakeFiles/CMakeTmp

Run Build Command(s):/usr/bin/gmake -f Makefile cmTC_32f17/fast && gmake[1]: Entering directory '/home/debix/gocv-buildopencv/opencv-4.10.0/build/CMakeFiles/CMakeTmp'
/usr/bin/gmake  -f CMakeFiles/cmTC_32f17.dir/build.make CMakeFiles/cmTC_32f17.dir/build
gmake[2]: Entering directory '/home/debix/gocv-buildopencv/opencv-4.10.0/build/CMakeFiles/CMakeTmp'
/usr/bin/cmake: /usr/lib/libcurl.so.4: no version information available (required by /usr/bin/cmake)
Building C object CMakeFiles/cmTC_32f17.dir/src.c.o
/usr/bin/cc   -O3 -DNDEBUG -fPIE    -fsigned-char -W -Wall -Wreturn-type -Waddress -Wsequence-point -Wformat -Wformat-security -Wmissing-declarations -Wmissing-prototypes -Wstrict-prototypes -Wundef -Winit-self -Wpointer-arith -Wshadow -Wuninitialized  -Wsuggest-override -o CMakeFiles/cmTC_32f17.dir/src.c.o -c /home/debix/gocv-buildopencv/opencv-4.10.0/build/CMakeFiles/CMakeTmp/src.c
cc1: warning: command-line option '-Wsuggest-override' is valid for C++/ObjC++ but not for C
/home/debix/gocv-buildopencv/opencv-4.10.0/build/CMakeFiles/CMakeTmp/src.c:1: warning: ignoring '#pragma  ' [-Wunknown-pragmas]
    1 | #pragma
      | 
/usr/bin/cmake: /usr/lib/libcurl.so.4: no version information available (required by /usr/bin/cmake)
Linking C executable cmTC_32f17
/usr/bin/cmake -E cmake_link_script CMakeFiles/cmTC_32f17.dir/link.txt --verbose=1
/usr/bin/cmake: /usr/lib/libcurl.so.4: no version information available (required by /usr/bin/cmake)
/usr/bin/cc -O3 -DNDEBUG CMakeFiles/cmTC_32f17.dir/src.c.o -o cmTC_32f17 
gmake[2]: Leaving directory '/home/debix/gocv-buildopencv/opencv-4.10.0/build/CMakeFiles/CMakeTmp'
gmake[1]: Leaving directory '/home/debix/gocv-buildopencv/opencv-4.10.0/build/CMakeFiles/CMakeTmp'


===== END =====

Build output check failed:
    Regex: 'command[- ]line option .* is valid for .* but not for C'
    Output line: 'cc1: warning: command-line option '-Wno-delete-non-virtual-dtor' is valid for C++/ObjC++ but not for C'
Compilation failed:
    source file: '/home/debix/gocv-buildopencv/opencv-4.10.0/build/CMakeFiles/CMakeTmp/src.c'
    check option: ' -fsigned-char -W -Wall -Wreturn-type -Waddress -Wsequence-point -Wformat -Wformat-security -Wmissing-declarations -Wmissing-prototypes -Wstrict-prototypes -Wundef -Winit-self -Wpointer-arith -Wshadow -Wuninitialized  -Wno-delete-non-virtual-dtor'
===== BUILD LOG =====
Change Dir: /home/debix/gocv-buildopencv/opencv-4.10.0/build/CMakeFiles/CMakeTmp

Run Build Command(s):/usr/bin/gmake -f Makefile cmTC_29d9a/fast && gmake[1]: Entering directory '/home/debix/gocv-buildopencv/opencv-4.10.0/build/CMakeFiles/CMakeTmp'
/usr/bin/gmake  -f CMakeFiles/cmTC_29d9a.dir/build.make CMakeFiles/cmTC_29d9a.dir/build
gmake[2]: Entering directory '/home/debix/gocv-buildopencv/opencv-4.10.0/build/CMakeFiles/CMakeTmp'
/usr/bin/cmake: /usr/lib/libcurl.so.4: no version information available (required by /usr/bin/cmake)
Building C object CMakeFiles/cmTC_29d9a.dir/src.c.o
/usr/bin/cc   -O3 -DNDEBUG -fPIE    -fsigned-char -W -Wall -Wreturn-type -Waddress -Wsequence-point -Wformat -Wformat-security -Wmissing-declarations -Wmissing-prototypes -Wstrict-prototypes -Wundef -Winit-self -Wpointer-arith -Wshadow -Wuninitialized  -Wno-delete-non-virtual-dtor -o CMakeFiles/cmTC_29d9a.dir/src.c.o -c /home/debix/gocv-buildopencv/opencv-4.10.0/build/CMakeFiles/CMakeTmp/src.c
cc1: warning: command-line option '-Wno-delete-non-virtual-dtor' is valid for C++/ObjC++ but not for C
/home/debix/gocv-buildopencv/opencv-4.10.0/build/CMakeFiles/CMakeTmp/src.c:1: warning: ignoring '#pragma  ' [-Wunknown-pragmas]
    1 | #pragma
      | 
/usr/bin/cmake: /usr/lib/libcurl.so.4: no version information available (required by /usr/bin/cmake)
Linking C executable cmTC_29d9a
/usr/bin/cmake -E cmake_link_script CMakeFiles/cmTC_29d9a.dir/link.txt --verbose=1
/usr/bin/cmake: /usr/lib/libcurl.so.4: no version information available (required by /usr/bin/cmake)
/usr/bin/cc -O3 -DNDEBUG CMakeFiles/cmTC_29d9a.dir/src.c.o -o cmTC_29d9a 
gmake[2]: Leaving directory '/home/debix/gocv-buildopencv/opencv-4.10.0/build/CMakeFiles/CMakeTmp'
gmake[1]: Leaving directory '/home/debix/gocv-buildopencv/opencv-4.10.0/build/CMakeFiles/CMakeTmp'


===== END =====

Build output check failed:
    Regex: 'unrecognized .*option'
    Output line: 'cc1plus: note: unrecognized command-line option '-Wno-unnamed-type-template-args' may have been intended to silence earlier diagnostics'
Compilation failed:
    source file: '/home/debix/gocv-buildopencv/opencv-4.10.0/build/CMakeFiles/CMakeTmp/src.cxx'
    check option: ' -fsigned-char -W -Wall -Wreturn-type -Wnon-virtual-dtor -Waddress -Wsequence-point -Wformat -Wformat-security -Wmissing-declarations -Wundef -Winit-self -Wpointer-arith -Wshadow -Wsign-promo -Wuninitialized -Wsuggest-override -Wno-delete-non-virtual-dtor  -Wno-unnamed-type-template-args'
===== BUILD LOG =====
Change Dir: /home/debix/gocv-buildopencv/opencv-4.10.0/build/CMakeFiles/CMakeTmp

Run Build Command(s):/usr/bin/gmake -f Makefile cmTC_28268/fast && gmake[1]: Entering directory '/home/debix/gocv-buildopencv/opencv-4.10.0/build/CMakeFiles/CMakeTmp'
/usr/bin/gmake  -f CMakeFiles/cmTC_28268.dir/build.make CMakeFiles/cmTC_28268.dir/build
gmake[2]: Entering directory '/home/debix/gocv-buildopencv/opencv-4.10.0/build/CMakeFiles/CMakeTmp'
/usr/bin/cmake: /usr/lib/libcurl.so.4: no version information available (required by /usr/bin/cmake)
Building CXX object CMakeFiles/cmTC_28268.dir/src.cxx.o
/usr/bin/c++   -O3 -DNDEBUG -fPIE    -fsigned-char -W -Wall -Wreturn-type -Wnon-virtual-dtor -Waddress -Wsequence-point -Wformat -Wformat-security -Wmissing-declarations -Wundef -Winit-self -Wpointer-arith -Wshadow -Wsign-promo -Wuninitialized -Wsuggest-override -Wno-delete-non-virtual-dtor  -Wno-unnamed-type-template-args -std=c++11 -o CMakeFiles/cmTC_28268.dir/src.cxx.o -c /home/debix/gocv-buildopencv/opencv-4.10.0/build/CMakeFiles/CMakeTmp/src.cxx
/home/debix/gocv-buildopencv/opencv-4.10.0/build/CMakeFiles/CMakeTmp/src.cxx:1: warning: ignoring '#pragma  ' [-Wunknown-pragmas]
    1 | #pragma
      | 
cc1plus: note: unrecognized command-line option '-Wno-unnamed-type-template-args' may have been intended to silence earlier diagnostics
/usr/bin/cmake: /usr/lib/libcurl.so.4: no version information available (required by /usr/bin/cmake)
Linking CXX executable cmTC_28268
/usr/bin/cmake -E cmake_link_script CMakeFiles/cmTC_28268.dir/link.txt --verbose=1
/usr/bin/cmake: /usr/lib/libcurl.so.4: no version information available (required by /usr/bin/cmake)
/usr/bin/c++ -O3 -DNDEBUG CMakeFiles/cmTC_28268.dir/src.cxx.o -o cmTC_28268 
gmake[2]: Leaving directory '/home/debix/gocv-buildopencv/opencv-4.10.0/build/CMakeFiles/CMakeTmp'
gmake[1]: Leaving directory '/home/debix/gocv-buildopencv/opencv-4.10.0/build/CMakeFiles/CMakeTmp'


===== END =====

Build output check failed:
    Regex: 'unrecognized .*option'
    Output line: 'cc1: note: unrecognized command-line option '-Wno-unnamed-type-template-args' may have been intended to silence earlier diagnostics'
Compilation failed:
    source file: '/home/debix/gocv-buildopencv/opencv-4.10.0/build/CMakeFiles/CMakeTmp/src.c'
    check option: ' -fsigned-char -W -Wall -Wreturn-type -Waddress -Wsequence-point -Wformat -Wformat-security -Wmissing-declarations -Wmissing-prototypes -Wstrict-prototypes -Wundef -Winit-self -Wpointer-arith -Wshadow -Wuninitialized  -Wno-unnamed-type-template-args'
===== BUILD LOG =====
Change Dir: /home/debix/gocv-buildopencv/opencv-4.10.0/build/CMakeFiles/CMakeTmp

Run Build Command(s):/usr/bin/gmake -f Makefile cmTC_f90a9/fast && gmake[1]: Entering directory '/home/debix/gocv-buildopencv/opencv-4.10.0/build/CMakeFiles/CMakeTmp'
/usr/bin/gmake  -f CMakeFiles/cmTC_f90a9.dir/build.make CMakeFiles/cmTC_f90a9.dir/build
gmake[2]: Entering directory '/home/debix/gocv-buildopencv/opencv-4.10.0/build/CMakeFiles/CMakeTmp'
/usr/bin/cmake: /usr/lib/libcurl.so.4: no version information available (required by /usr/bin/cmake)
Building C object CMakeFiles/cmTC_f90a9.dir/src.c.o
/usr/bin/cc   -O3 -DNDEBUG -fPIE    -fsigned-char -W -Wall -Wreturn-type -Waddress -Wsequence-point -Wformat -Wformat-security -Wmissing-declarations -Wmissing-prototypes -Wstrict-prototypes -Wundef -Winit-self -Wpointer-arith -Wshadow -Wuninitialized  -Wno-unnamed-type-template-args -o CMakeFiles/cmTC_f90a9.dir/src.c.o -c /home/debix/gocv-buildopencv/opencv-4.10.0/build/CMakeFiles/CMakeTmp/src.c
/home/debix/gocv-buildopencv/opencv-4.10.0/build/CMakeFiles/CMakeTmp/src.c:1: warning: ignoring '#pragma  ' [-Wunknown-pragmas]
    1 | #pragma
      | 
cc1: note: unrecognized command-line option '-Wno-unnamed-type-template-args' may have been intended to silence earlier diagnostics
/usr/bin/cmake: /usr/lib/libcurl.so.4: no version information available (required by /usr/bin/cmake)
Linking C executable cmTC_f90a9
/usr/bin/cmake -E cmake_link_script CMakeFiles/cmTC_f90a9.dir/link.txt --verbose=1
/usr/bin/cmake: /usr/lib/libcurl.so.4: no version information available (required by /usr/bin/cmake)
/usr/bin/cc -O3 -DNDEBUG CMakeFiles/cmTC_f90a9.dir/src.c.o -o cmTC_f90a9 
gmake[2]: Leaving directory '/home/debix/gocv-buildopencv/opencv-4.10.0/build/CMakeFiles/CMakeTmp'
gmake[1]: Leaving directory '/home/debix/gocv-buildopencv/opencv-4.10.0/build/CMakeFiles/CMakeTmp'


===== END =====

Build output check failed:
    Regex: 'command[- ]line option .* is valid for .* but not for C'
    Output line: 'cc1: warning: command-line option '-fvisibility-inlines-hidden' is valid for C++/ObjC++ but not for C'
Compilation failed:
    source file: '/home/debix/gocv-buildopencv/opencv-4.10.0/build/CMakeFiles/CMakeTmp/src.c'
    check option: ' -fsigned-char -W -Wall -Wreturn-type -Waddress -Wsequence-point -Wformat -Wformat-security -Wmissing-declarations -Wmissing-prototypes -Wstrict-prototypes -Wundef -Winit-self -Wpointer-arith -Wshadow -Wuninitialized -Wno-comment -Wimplicit-fallthrough=3 -Wno-strict-overflow -fdiagnostics-show-option -pthread -fomit-frame-pointer -ffunction-sections -fdata-sections    -fvisibility=hidden  -fvisibility-inlines-hidden'
===== BUILD LOG =====
Change Dir: /home/debix/gocv-buildopencv/opencv-4.10.0/build/CMakeFiles/CMakeTmp

Run Build Command(s):/usr/bin/gmake -f Makefile cmTC_b5e0a/fast && gmake[1]: Entering directory '/home/debix/gocv-buildopencv/opencv-4.10.0/build/CMakeFiles/CMakeTmp'
/usr/bin/gmake  -f CMakeFiles/cmTC_b5e0a.dir/build.make CMakeFiles/cmTC_b5e0a.dir/build
gmake[2]: Entering directory '/home/debix/gocv-buildopencv/opencv-4.10.0/build/CMakeFiles/CMakeTmp'
/usr/bin/cmake: /usr/lib/libcurl.so.4: no version information available (required by /usr/bin/cmake)
Building C object CMakeFiles/cmTC_b5e0a.dir/src.c.o
/usr/bin/cc   -O3 -DNDEBUG -fPIE    -fsigned-char -W -Wall -Wreturn-type -Waddress -Wsequence-point -Wformat -Wformat-security -Wmissing-declarations -Wmissing-prototypes -Wstrict-prototypes -Wundef -Winit-self -Wpointer-arith -Wshadow -Wuninitialized -Wno-comment -Wimplicit-fallthrough=3 -Wno-strict-overflow -fdiagnostics-show-option -pthread -fomit-frame-pointer -ffunction-sections -fdata-sections    -fvisibility=hidden  -fvisibility-inlines-hidden -o CMakeFiles/cmTC_b5e0a.dir/src.c.o -c /home/debix/gocv-buildopencv/opencv-4.10.0/build/CMakeFiles/CMakeTmp/src.c
cc1: warning: command-line option '-fvisibility-inlines-hidden' is valid for C++/ObjC++ but not for C
/home/debix/gocv-buildopencv/opencv-4.10.0/build/CMakeFiles/CMakeTmp/src.c:1: warning: ignoring '#pragma  ' [-Wunknown-pragmas]
    1 | #pragma
      | 
/usr/bin/cmake: /usr/lib/libcurl.so.4: no version information available (required by /usr/bin/cmake)
Linking C executable cmTC_b5e0a
/usr/bin/cmake -E cmake_link_script CMakeFiles/cmTC_b5e0a.dir/link.txt --verbose=1
/usr/bin/cmake: /usr/lib/libcurl.so.4: no version information available (required by /usr/bin/cmake)
/usr/bin/cc -O3 -DNDEBUG CMakeFiles/cmTC_b5e0a.dir/src.c.o -o cmTC_b5e0a 
gmake[2]: Leaving directory '/home/debix/gocv-buildopencv/opencv-4.10.0/build/CMakeFiles/CMakeTmp'
gmake[1]: Leaving directory '/home/debix/gocv-buildopencv/opencv-4.10.0/build/CMakeFiles/CMakeTmp'


===== END =====

Build output check failed:
    Regex: 'unrecognized .*option'
    Output line: 'cc1: note: unrecognized command-line option '-Wno-implicit-const-int-float-conversion' may have been intended to silence earlier diagnostics'
Compilation failed:
    source file: '/home/debix/gocv-buildopencv/opencv-4.10.0/build/CMakeFiles/CMakeTmp/src.c'
    check option: ' -Wno-implicit-const-int-float-conversion'
===== BUILD LOG =====
Change Dir: /home/debix/gocv-buildopencv/opencv-4.10.0/build/CMakeFiles/CMakeTmp

Run Build Command(s):/usr/bin/gmake -f Makefile cmTC_06e47/fast && gmake[1]: Entering directory '/home/debix/gocv-buildopencv/opencv-4.10.0/build/CMakeFiles/CMakeTmp'
/usr/bin/gmake  -f CMakeFiles/cmTC_06e47.dir/build.make CMakeFiles/cmTC_06e47.dir/build
gmake[2]: Entering directory '/home/debix/gocv-buildopencv/opencv-4.10.0/build/CMakeFiles/CMakeTmp'
/usr/bin/cmake: /usr/lib/libcurl.so.4: no version information available (required by /usr/bin/cmake)
Building C object CMakeFiles/cmTC_06e47.dir/src.c.o
/usr/bin/cc   -fsigned-char -W -Wall -Wreturn-type -Waddress -Wsequence-point -Wformat -Wformat-security -Wmissing-declarations -Wmissing-prototypes -Wstrict-prototypes -Wundef -Winit-self -Wpointer-arith -Wshadow -Wuninitialized -Wno-comment -Wimplicit-fallthrough=3 -Wno-strict-overflow -fdiagnostics-show-option -pthread -fomit-frame-pointer -ffunction-sections -fdata-sections    -fvisibility=hidden  -O3 -DNDEBUG  -DNDEBUG -fPIE    -Wno-implicit-const-int-float-conversion -o CMakeFiles/cmTC_06e47.dir/src.c.o -c /home/debix/gocv-buildopencv/opencv-4.10.0/build/CMakeFiles/CMakeTmp/src.c
/home/debix/gocv-buildopencv/opencv-4.10.0/build/CMakeFiles/CMakeTmp/src.c:1: warning: ignoring '#pragma  ' [-Wunknown-pragmas]
    1 | #pragma
      | 
cc1: note: unrecognized command-line option '-Wno-implicit-const-int-float-conversion' may have been intended to silence earlier diagnostics
/usr/bin/cmake: /usr/lib/libcurl.so.4: no version information available (required by /usr/bin/cmake)
Linking C executable cmTC_06e47
/usr/bin/cmake -E cmake_link_script CMakeFiles/cmTC_06e47.dir/link.txt --verbose=1
/usr/bin/cmake: /usr/lib/libcurl.so.4: no version information available (required by /usr/bin/cmake)
/usr/bin/cc    -fsigned-char -W -Wall -Wreturn-type -Waddress -Wsequence-point -Wformat -Wformat-security -Wmissing-declarations -Wmissing-prototypes -Wstrict-prototypes -Wundef -Winit-self -Wpointer-arith -Wshadow -Wuninitialized -Wno-comment -Wimplicit-fallthrough=3 -Wno-strict-overflow -fdiagnostics-show-option -pthread -fomit-frame-pointer -ffunction-sections -fdata-sections    -fvisibility=hidden  -O3 -DNDEBUG  -DNDEBUG   -Wl,--gc-sections -Wl,--as-needed -Wl,--no-undefined  CMakeFiles/cmTC_06e47.dir/src.c.o -o cmTC_06e47 
gmake[2]: Leaving directory '/home/debix/gocv-buildopencv/opencv-4.10.0/build/CMakeFiles/CMakeTmp'
gmake[1]: Leaving directory '/home/debix/gocv-buildopencv/opencv-4.10.0/build/CMakeFiles/CMakeTmp'


===== END =====

Build output check failed:
    Regex: 'unrecognized .*option'
    Output line: 'cc1: note: unrecognized command-line option '-Wno-documentation' may have been intended to silence earlier diagnostics'
Compilation failed:
    source file: '/home/debix/gocv-buildopencv/opencv-4.10.0/build/CMakeFiles/CMakeTmp/src.c'
    check option: ' -Wno-documentation'
===== BUILD LOG =====
Change Dir: /home/debix/gocv-buildopencv/opencv-4.10.0/build/CMakeFiles/CMakeTmp

Run Build Command(s):/usr/bin/gmake -f Makefile cmTC_81911/fast && gmake[1]: Entering directory '/home/debix/gocv-buildopencv/opencv-4.10.0/build/CMakeFiles/CMakeTmp'
/usr/bin/gmake  -f CMakeFiles/cmTC_81911.dir/build.make CMakeFiles/cmTC_81911.dir/build
gmake[2]: Entering directory '/home/debix/gocv-buildopencv/opencv-4.10.0/build/CMakeFiles/CMakeTmp'
/usr/bin/cmake: /usr/lib/libcurl.so.4: no version information available (required by /usr/bin/cmake)
Building C object CMakeFiles/cmTC_81911.dir/src.c.o
/usr/bin/cc   -fsigned-char -W -Wall -Wreturn-type -Waddress -Wsequence-point -Wformat -Wformat-security -Wstrict-prototypes -Wundef -Winit-self -Wpointer-arith -Wshadow -Wuninitialized -Wno-comment -Wimplicit-fallthrough=3 -Wno-strict-overflow -fdiagnostics-show-option -pthread -fomit-frame-pointer -ffunction-sections -fdata-sections    -fvisibility=hidden -Wno-unused-but-set-variable -Wno-missing-prototypes -Wno-missing-declarations  -O3 -DNDEBUG  -DNDEBUG -fPIE    -Wno-documentation -o CMakeFiles/cmTC_81911.dir/src.c.o -c /home/debix/gocv-buildopencv/opencv-4.10.0/build/CMakeFiles/CMakeTmp/src.c
/home/debix/gocv-buildopencv/opencv-4.10.0/build/CMakeFiles/CMakeTmp/src.c:1: warning: ignoring '#pragma  ' [-Wunknown-pragmas]
    1 | #pragma
      | 
cc1: note: unrecognized command-line option '-Wno-documentation' may have been intended to silence earlier diagnostics
/usr/bin/cmake: /usr/lib/libcurl.so.4: no version information available (required by /usr/bin/cmake)
Linking C executable cmTC_81911
/usr/bin/cmake -E cmake_link_script CMakeFiles/cmTC_81911.dir/link.txt --verbose=1
/usr/bin/cmake: /usr/lib/libcurl.so.4: no version information available (required by /usr/bin/cmake)
/usr/bin/cc    -fsigned-char -W -Wall -Wreturn-type -Waddress -Wsequence-point -Wformat -Wformat-security -Wstrict-prototypes -Wundef -Winit-self -Wpointer-arith -Wshadow -Wuninitialized -Wno-comment -Wimplicit-fallthrough=3 -Wno-strict-overflow -fdiagnostics-show-option -pthread -fomit-frame-pointer -ffunction-sections -fdata-sections    -fvisibility=hidden -Wno-unused-but-set-variable -Wno-missing-prototypes -Wno-missing-declarations  -O3 -DNDEBUG  -DNDEBUG   -Wl,--gc-sections -Wl,--as-needed -Wl,--no-undefined  CMakeFiles/cmTC_81911.dir/src.c.o -o cmTC_81911 
gmake[2]: Leaving directory '/home/debix/gocv-buildopencv/opencv-4.10.0/build/CMakeFiles/CMakeTmp'
gmake[1]: Leaving directory '/home/debix/gocv-buildopencv/opencv-4.10.0/build/CMakeFiles/CMakeTmp'


===== END =====

Determining if the _aligned_malloc exist failed with the following output:
Change Dir: /home/debix/gocv-buildopencv/opencv-4.10.0/build/CMakeFiles/CMakeTmp

Run Build Command(s):/usr/bin/gmake -f Makefile cmTC_216ca/fast && gmake[1]: Entering directory '/home/debix/gocv-buildopencv/opencv-4.10.0/build/CMakeFiles/CMakeTmp'
/usr/bin/gmake  -f CMakeFiles/cmTC_216ca.dir/build.make CMakeFiles/cmTC_216ca.dir/build
gmake[2]: Entering directory '/home/debix/gocv-buildopencv/opencv-4.10.0/build/CMakeFiles/CMakeTmp'
/usr/bin/cmake: /usr/lib/libcurl.so.4: no version information available (required by /usr/bin/cmake)
Building C object CMakeFiles/cmTC_216ca.dir/CheckSymbolExists.c.o
/usr/bin/cc   -fsigned-char -W -Wall -Wreturn-type -Waddress -Wsequence-point -Wformat -Wformat-security -Wstrict-prototypes -Wundef -Winit-self -Wpointer-arith -Wshadow -Wuninitialized -Wno-comment -Wimplicit-fallthrough=3 -Wno-strict-overflow -fdiagnostics-show-option -pthread -fomit-frame-pointer -ffunction-sections -fdata-sections    -fvisibility=hidden -Wno-unused-but-set-variable -Wno-missing-prototypes -Wno-missing-declarations  -O3 -DNDEBUG  -DNDEBUG -fPIE -o CMakeFiles/cmTC_216ca.dir/CheckSymbolExists.c.o -c /home/debix/gocv-buildopencv/opencv-4.10.0/build/CMakeFiles/CMakeTmp/CheckSymbolExists.c
/home/debix/gocv-buildopencv/opencv-4.10.0/build/CMakeFiles/CMakeTmp/CheckSymbolExists.c: In function 'main':
/home/debix/gocv-buildopencv/opencv-4.10.0/build/CMakeFiles/CMakeTmp/CheckSymbolExists.c:8:19: error: '_aligned_malloc' undeclared (first use in this function)
    8 |   return ((int*)(&_aligned_malloc))[argc];
      |                   ^~~~~~~~~~~~~~~
/home/debix/gocv-buildopencv/opencv-4.10.0/build/CMakeFiles/CMakeTmp/CheckSymbolExists.c:8:19: note: each undeclared identifier is reported only once for each function it appears in
/home/debix/gocv-buildopencv/opencv-4.10.0/build/CMakeFiles/CMakeTmp/CheckSymbolExists.c:4:14: warning: parameter 'argc' set but not used [-Wunused-but-set-parameter]
    4 | int main(int argc, char** argv)
      |          ~~~~^~~~
gmake[2]: *** [CMakeFiles/cmTC_216ca.dir/build.make:78: CMakeFiles/cmTC_216ca.dir/CheckSymbolExists.c.o] Error 1
gmake[2]: Leaving directory '/home/debix/gocv-buildopencv/opencv-4.10.0/build/CMakeFiles/CMakeTmp'
gmake[1]: *** [Makefile:127: cmTC_216ca/fast] Error 2
gmake[1]: Leaving directory '/home/debix/gocv-buildopencv/opencv-4.10.0/build/CMakeFiles/CMakeTmp'


File /home/debix/gocv-buildopencv/opencv-4.10.0/build/CMakeFiles/CMakeTmp/CheckSymbolExists.c:
/* */
#include <malloc.h>

int main(int argc, char** argv)
{
  (void)argv;
#ifndef _aligned_malloc
  return ((int*)(&_aligned_malloc))[argc];
#else
  (void)argc;
  return 0;
#endif
}
Build output check failed:
    Regex: 'unrecognized .*option'
    Output line: 'cc1plus: note: unrecognized command-line option '-Wno-inconsistent-missing-override' may have been intended to silence earlier diagnostics'
Compilation failed:
    source file: '/home/debix/gocv-buildopencv/opencv-4.10.0/build/CMakeFiles/CMakeTmp/src.cxx'
    check option: ' -Wno-inconsistent-missing-override'
===== BUILD LOG =====
Change Dir: /home/debix/gocv-buildopencv/opencv-4.10.0/build/CMakeFiles/CMakeTmp

Run Build Command(s):/usr/bin/gmake -f Makefile cmTC_e3136/fast && gmake[1]: Entering directory '/home/debix/gocv-buildopencv/opencv-4.10.0/build/CMakeFiles/CMakeTmp'
/usr/bin/gmake  -f CMakeFiles/cmTC_e3136.dir/build.make CMakeFiles/cmTC_e3136.dir/build
gmake[2]: Entering directory '/home/debix/gocv-buildopencv/opencv-4.10.0/build/CMakeFiles/CMakeTmp'
/usr/bin/cmake: /usr/lib/libcurl.so.4: no version information available (required by /usr/bin/cmake)
Building CXX object CMakeFiles/cmTC_e3136.dir/src.cxx.o
/usr/bin/c++   -fsigned-char -W -Wall -Wreturn-type -Wnon-virtual-dtor -Waddress -Wsequence-point -Wformat -Wformat-security -Winit-self -Wpointer-arith -Wsign-promo -Wno-delete-non-virtual-dtor -Wno-comment -Wimplicit-fallthrough=3 -Wno-strict-overflow -fdiagnostics-show-option -pthread -fomit-frame-pointer -ffunction-sections -fdata-sections    -fvisibility=hidden -fvisibility-inlines-hidden -Wno-shadow -Wno-unused -Wno-sign-compare -Wno-undef -Wno-missing-declarations -Wno-uninitialized -Wno-switch -Wno-parentheses -Wno-array-bounds -Wno-extra -Wno-deprecated-declarations -Wno-misleading-indentation -Wno-deprecated -Wno-suggest-override  -O3 -DNDEBUG  -DNDEBUG -fPIE    -Wno-inconsistent-missing-override -std=c++11 -o CMakeFiles/cmTC_e3136.dir/src.cxx.o -c /home/debix/gocv-buildopencv/opencv-4.10.0/build/CMakeFiles/CMakeTmp/src.cxx
/home/debix/gocv-buildopencv/opencv-4.10.0/build/CMakeFiles/CMakeTmp/src.cxx:1: warning: ignoring '#pragma  ' [-Wunknown-pragmas]
    1 | #pragma
      | 
cc1plus: note: unrecognized command-line option '-Wno-inconsistent-missing-override' may have been intended to silence earlier diagnostics
/usr/bin/cmake: /usr/lib/libcurl.so.4: no version information available (required by /usr/bin/cmake)
Linking CXX executable cmTC_e3136
/usr/bin/cmake -E cmake_link_script CMakeFiles/cmTC_e3136.dir/link.txt --verbose=1
/usr/bin/cmake: /usr/lib/libcurl.so.4: no version information available (required by /usr/bin/cmake)
/usr/bin/c++    -fsigned-char -W -Wall -Wreturn-type -Wnon-virtual-dtor -Waddress -Wsequence-point -Wformat -Wformat-security -Winit-self -Wpointer-arith -Wsign-promo -Wno-delete-non-virtual-dtor -Wno-comment -Wimplicit-fallthrough=3 -Wno-strict-overflow -fdiagnostics-show-option -pthread -fomit-frame-pointer -ffunction-sections -fdata-sections    -fvisibility=hidden -fvisibility-inlines-hidden -Wno-shadow -Wno-unused -Wno-sign-compare -Wno-undef -Wno-missing-declarations -Wno-uninitialized -Wno-switch -Wno-parentheses -Wno-array-bounds -Wno-extra -Wno-deprecated-declarations -Wno-misleading-indentation -Wno-deprecated -Wno-suggest-override  -O3 -DNDEBUG  -DNDEBUG   -Wl,--gc-sections -Wl,--as-needed -Wl,--no-undefined  CMakeFiles/cmTC_e3136.dir/src.cxx.o -o cmTC_e3136 
gmake[2]: Leaving directory '/home/debix/gocv-buildopencv/opencv-4.10.0/build/CMakeFiles/CMakeTmp'
gmake[1]: Leaving directory '/home/debix/gocv-buildopencv/opencv-4.10.0/build/CMakeFiles/CMakeTmp'


===== END =====

Build output check failed:
    Regex: 'command[- ]line option .* is valid for .* but not for C\+\+'
    Output line: 'cc1plus: warning: command-line option '-Wno-missing-prototypes' is valid for C/ObjC but not for C++'
Compilation failed:
    source file: '/home/debix/gocv-buildopencv/opencv-4.10.0/build/CMakeFiles/CMakeTmp/src.cxx'
    check option: ' -Wno-missing-prototypes'
===== BUILD LOG =====
Change Dir: /home/debix/gocv-buildopencv/opencv-4.10.0/build/CMakeFiles/CMakeTmp

Run Build Command(s):/usr/bin/gmake -f Makefile cmTC_6853c/fast && gmake[1]: Entering directory '/home/debix/gocv-buildopencv/opencv-4.10.0/build/CMakeFiles/CMakeTmp'
/usr/bin/gmake  -f CMakeFiles/cmTC_6853c.dir/build.make CMakeFiles/cmTC_6853c.dir/build
gmake[2]: Entering directory '/home/debix/gocv-buildopencv/opencv-4.10.0/build/CMakeFiles/CMakeTmp'
/usr/bin/cmake: /usr/lib/libcurl.so.4: no version information available (required by /usr/bin/cmake)
Building CXX object CMakeFiles/cmTC_6853c.dir/src.cxx.o
/usr/bin/c++   -fsigned-char -W -Wall -Wreturn-type -Wnon-virtual-dtor -Waddress -Wsequence-point -Wformat -Wformat-security -Winit-self -Wpointer-arith -Wsign-promo -Wno-delete-non-virtual-dtor -Wno-comment -Wno-strict-overflow -fdiagnostics-show-option -pthread -fomit-frame-pointer -ffunction-sections -fdata-sections    -fvisibility=hidden -fvisibility-inlines-hidden -Wno-shadow -Wno-unused -Wno-sign-compare -Wno-undef -Wno-missing-declarations -Wno-uninitialized -Wno-switch -Wno-parentheses -Wno-array-bounds -Wno-extra -Wno-deprecated-declarations -Wno-misleading-indentation -Wno-deprecated -Wno-suggest-override -Wno-implicit-fallthrough -Wno-tautological-compare  -O3 -DNDEBUG  -DNDEBUG -fPIE    -Wno-missing-prototypes -std=c++11 -o CMakeFiles/cmTC_6853c.dir/src.cxx.o -c /home/debix/gocv-buildopencv/opencv-4.10.0/build/CMakeFiles/CMakeTmp/src.cxx
cc1plus: warning: command-line option '-Wno-missing-prototypes' is valid for C/ObjC but not for C++
/home/debix/gocv-buildopencv/opencv-4.10.0/build/CMakeFiles/CMakeTmp/src.cxx:1: warning: ignoring '#pragma  ' [-Wunknown-pragmas]
    1 | #pragma
      | 
/usr/bin/cmake: /usr/lib/libcurl.so.4: no version information available (required by /usr/bin/cmake)
Linking CXX executable cmTC_6853c
/usr/bin/cmake -E cmake_link_script CMakeFiles/cmTC_6853c.dir/link.txt --verbose=1
/usr/bin/cmake: /usr/lib/libcurl.so.4: no version information available (required by /usr/bin/cmake)
/usr/bin/c++    -fsigned-char -W -Wall -Wreturn-type -Wnon-virtual-dtor -Waddress -Wsequence-point -Wformat -Wformat-security -Winit-self -Wpointer-arith -Wsign-promo -Wno-delete-non-virtual-dtor -Wno-comment -Wno-strict-overflow -fdiagnostics-show-option -pthread -fomit-frame-pointer -ffunction-sections -fdata-sections    -fvisibility=hidden -fvisibility-inlines-hidden -Wno-shadow -Wno-unused -Wno-sign-compare -Wno-undef -Wno-missing-declarations -Wno-uninitialized -Wno-switch -Wno-parentheses -Wno-array-bounds -Wno-extra -Wno-deprecated-declarations -Wno-misleading-indentation -Wno-deprecated -Wno-suggest-override -Wno-implicit-fallthrough -Wno-tautological-compare  -O3 -DNDEBUG  -DNDEBUG   -Wl,--gc-sections -Wl,--as-needed -Wl,--no-undefined  CMakeFiles/cmTC_6853c.dir/src.cxx.o -o cmTC_6853c 
gmake[2]: Leaving directory '/home/debix/gocv-buildopencv/opencv-4.10.0/build/CMakeFiles/CMakeTmp'
gmake[1]: Leaving directory '/home/debix/gocv-buildopencv/opencv-4.10.0/build/CMakeFiles/CMakeTmp'


===== END =====

Build output check failed:
    Regex: 'unrecognized .*option'
    Output line: 'cc1plus: note: unrecognized command-line option '-Wno-implicit-const-int-float-conversion' may have been intended to silence earlier diagnostics'
Compilation failed:
    source file: '/home/debix/gocv-buildopencv/opencv-4.10.0/build/CMakeFiles/CMakeTmp/src.cxx'
    check option: ' -Wno-implicit-const-int-float-conversion'
===== BUILD LOG =====
Change Dir: /home/debix/gocv-buildopencv/opencv-4.10.0/build/CMakeFiles/CMakeTmp

Run Build Command(s):/usr/bin/gmake -f Makefile cmTC_7b32c/fast && gmake[1]: Entering directory '/home/debix/gocv-buildopencv/opencv-4.10.0/build/CMakeFiles/CMakeTmp'
/usr/bin/gmake  -f CMakeFiles/cmTC_7b32c.dir/build.make CMakeFiles/cmTC_7b32c.dir/build
gmake[2]: Entering directory '/home/debix/gocv-buildopencv/opencv-4.10.0/build/CMakeFiles/CMakeTmp'
/usr/bin/cmake: /usr/lib/libcurl.so.4: no version information available (required by /usr/bin/cmake)
Building CXX object CMakeFiles/cmTC_7b32c.dir/src.cxx.o
/usr/bin/c++   -fsigned-char -W -Wall -Wreturn-type -Wnon-virtual-dtor -Waddress -Wsequence-point -Wformat -Wformat-security -Winit-self -Wpointer-arith -Wsign-promo -Wno-delete-non-virtual-dtor -Wno-comment -Wno-strict-overflow -fdiagnostics-show-option -pthread -fomit-frame-pointer -ffunction-sections -fdata-sections    -fvisibility=hidden -fvisibility-inlines-hidden -Wno-shadow -Wno-unused -Wno-sign-compare -Wno-undef -Wno-missing-declarations -Wno-uninitialized -Wno-switch -Wno-parentheses -Wno-array-bounds -Wno-extra -Wno-deprecated-declarations -Wno-misleading-indentation -Wno-deprecated -Wno-suggest-override -Wno-implicit-fallthrough -Wno-tautological-compare -Wno-reorder -Wno-unused-result  -O3 -DNDEBUG  -DNDEBUG -fPIE    -Wno-implicit-const-int-float-conversion -std=c++11 -o CMakeFiles/cmTC_7b32c.dir/src.cxx.o -c /home/debix/gocv-buildopencv/opencv-4.10.0/build/CMakeFiles/CMakeTmp/src.cxx
/home/debix/gocv-buildopencv/opencv-4.10.0/build/CMakeFiles/CMakeTmp/src.cxx:1: warning: ignoring '#pragma  ' [-Wunknown-pragmas]
    1 | #pragma
      | 
cc1plus: note: unrecognized command-line option '-Wno-implicit-const-int-float-conversion' may have been intended to silence earlier diagnostics
/usr/bin/cmake: /usr/lib/libcurl.so.4: no version information available (required by /usr/bin/cmake)
Linking CXX executable cmTC_7b32c
/usr/bin/cmake -E cmake_link_script CMakeFiles/cmTC_7b32c.dir/link.txt --verbose=1
/usr/bin/cmake: /usr/lib/libcurl.so.4: no version information available (required by /usr/bin/cmake)
/usr/bin/c++    -fsigned-char -W -Wall -Wreturn-type -Wnon-virtual-dtor -Waddress -Wsequence-point -Wformat -Wformat-security -Winit-self -Wpointer-arith -Wsign-promo -Wno-delete-non-virtual-dtor -Wno-comment -Wno-strict-overflow -fdiagnostics-show-option -pthread -fomit-frame-pointer -ffunction-sections -fdata-sections    -fvisibility=hidden -fvisibility-inlines-hidden -Wno-shadow -Wno-unused -Wno-sign-compare -Wno-undef -Wno-missing-declarations -Wno-uninitialized -Wno-switch -Wno-parentheses -Wno-array-bounds -Wno-extra -Wno-deprecated-declarations -Wno-misleading-indentation -Wno-deprecated -Wno-suggest-override -Wno-implicit-fallthrough -Wno-tautological-compare -Wno-reorder -Wno-unused-result  -O3 -DNDEBUG  -DNDEBUG   -Wl,--gc-sections -Wl,--as-needed -Wl,--no-undefined  CMakeFiles/cmTC_7b32c.dir/src.cxx.o -o cmTC_7b32c 
gmake[2]: Leaving directory '/home/debix/gocv-buildopencv/opencv-4.10.0/build/CMakeFiles/CMakeTmp'
gmake[1]: Leaving directory '/home/debix/gocv-buildopencv/opencv-4.10.0/build/CMakeFiles/CMakeTmp'


===== END =====

Determining if the function sgemm_ exists failed with the following output:
Change Dir: /home/debix/gocv-buildopencv/opencv-4.10.0/build/CMakeFiles/CMakeTmp

Run Build Command(s):/usr/bin/gmake -f Makefile cmTC_2c89c/fast && gmake[1]: Entering directory '/home/debix/gocv-buildopencv/opencv-4.10.0/build/CMakeFiles/CMakeTmp'
/usr/bin/gmake  -f CMakeFiles/cmTC_2c89c.dir/build.make CMakeFiles/cmTC_2c89c.dir/build
gmake[2]: Entering directory '/home/debix/gocv-buildopencv/opencv-4.10.0/build/CMakeFiles/CMakeTmp'
/usr/bin/cmake: /usr/lib/libcurl.so.4: no version information available (required by /usr/bin/cmake)
Building C object CMakeFiles/cmTC_2c89c.dir/CheckFunctionExists.c.o
/usr/bin/cc   -fsigned-char -W -Wall -Wreturn-type -Waddress -Wsequence-point -Wformat -Wformat-security -Wmissing-declarations -Wmissing-prototypes -Wstrict-prototypes -Wundef -Winit-self -Wpointer-arith -Wshadow -Wuninitialized -Wno-comment -Wimplicit-fallthrough=3 -Wno-strict-overflow -fdiagnostics-show-option -pthread -fomit-frame-pointer -ffunction-sections -fdata-sections    -fvisibility=hidden -DCHECK_FUNCTION_EXISTS=sgemm_ -O3 -DNDEBUG  -DNDEBUG -fPIE -o CMakeFiles/cmTC_2c89c.dir/CheckFunctionExists.c.o -c /usr/share/cmake-3.22/Modules/CheckFunctionExists.c
/usr/bin/cmake: /usr/lib/libcurl.so.4: no version information available (required by /usr/bin/cmake)
Linking C executable cmTC_2c89c
/usr/bin/cmake -E cmake_link_script CMakeFiles/cmTC_2c89c.dir/link.txt --verbose=1
/usr/bin/cmake: /usr/lib/libcurl.so.4: no version information available (required by /usr/bin/cmake)
/usr/bin/cc    -fsigned-char -W -Wall -Wreturn-type -Waddress -Wsequence-point -Wformat -Wformat-security -Wmissing-declarations -Wmissing-prototypes -Wstrict-prototypes -Wundef -Winit-self -Wpointer-arith -Wshadow -Wuninitialized -Wno-comment -Wimplicit-fallthrough=3 -Wno-strict-overflow -fdiagnostics-show-option -pthread -fomit-frame-pointer -ffunction-sections -fdata-sections    -fvisibility=hidden -DCHECK_FUNCTION_EXISTS=sgemm_ -O3 -DNDEBUG  -DNDEBUG   -Wl,--gc-sections -Wl,--as-needed -Wl,--no-undefined  CMakeFiles/cmTC_2c89c.dir/CheckFunctionExists.c.o -o cmTC_2c89c 
/usr/bin/ld: CMakeFiles/cmTC_2c89c.dir/CheckFunctionExists.c.o: in function `main':
CheckFunctionExists.c:(.text.startup.main+0x10): undefined reference to `sgemm_'
collect2: error: ld returned 1 exit status
gmake[2]: *** [CMakeFiles/cmTC_2c89c.dir/build.make:99: cmTC_2c89c] Error 1
gmake[2]: Leaving directory '/home/debix/gocv-buildopencv/opencv-4.10.0/build/CMakeFiles/CMakeTmp'
gmake[1]: *** [Makefile:127: cmTC_2c89c/fast] Error 2
gmake[1]: Leaving directory '/home/debix/gocv-buildopencv/opencv-4.10.0/build/CMakeFiles/CMakeTmp'



Build output check failed:
    Regex: 'unrecognized .*option'
    Output line: 'cc1plus: note: unrecognized command-line option '-Wno-tautological-undefined-compare' may have been intended to silence earlier diagnostics'
Compilation failed:
    source file: '/home/debix/gocv-buildopencv/opencv-4.10.0/build/CMakeFiles/CMakeTmp/src.cxx'
    check option: ' -Wno-tautological-undefined-compare'
===== BUILD LOG =====
Change Dir: /home/debix/gocv-buildopencv/opencv-4.10.0/build/CMakeFiles/CMakeTmp

Run Build Command(s):/usr/bin/gmake -f Makefile cmTC_35cca/fast && gmake[1]: Entering directory '/home/debix/gocv-buildopencv/opencv-4.10.0/build/CMakeFiles/CMakeTmp'
/usr/bin/gmake  -f CMakeFiles/cmTC_35cca.dir/build.make CMakeFiles/cmTC_35cca.dir/build
gmake[2]: Entering directory '/home/debix/gocv-buildopencv/opencv-4.10.0/build/CMakeFiles/CMakeTmp'
/usr/bin/cmake: /usr/lib/libcurl.so.4: no version information available (required by /usr/bin/cmake)
Building CXX object CMakeFiles/cmTC_35cca.dir/src.cxx.o
/usr/bin/c++   -fsigned-char -W -Wall -Wreturn-type -Wnon-virtual-dtor -Waddress -Wsequence-point -Wformat -Wformat-security -Winit-self -Wpointer-arith -Wuninitialized -Wsuggest-override -Wno-delete-non-virtual-dtor -Wno-comment -Wimplicit-fallthrough=3 -Wno-strict-overflow -fdiagnostics-show-option -pthread -fomit-frame-pointer -ffunction-sections -fdata-sections    -fvisibility=hidden -fvisibility-inlines-hidden -Wno-deprecated -Wno-missing-declarations -Wno-shadow -Wno-unused-parameter -Wno-unused-local-typedefs -Wno-sign-compare -Wno-sign-promo -Wno-undef  -O3 -DNDEBUG  -DNDEBUG -fPIE    -Wno-tautological-undefined-compare -std=c++11 -o CMakeFiles/cmTC_35cca.dir/src.cxx.o -c /home/debix/gocv-buildopencv/opencv-4.10.0/build/CMakeFiles/CMakeTmp/src.cxx
/home/debix/gocv-buildopencv/opencv-4.10.0/build/CMakeFiles/CMakeTmp/src.cxx:1: warning: ignoring '#pragma  ' [-Wunknown-pragmas]
    1 | #pragma
      | 
cc1plus: note: unrecognized command-line option '-Wno-tautological-undefined-compare' may have been intended to silence earlier diagnostics
/usr/bin/cmake: /usr/lib/libcurl.so.4: no version information available (required by /usr/bin/cmake)
Linking CXX executable cmTC_35cca
/usr/bin/cmake -E cmake_link_script CMakeFiles/cmTC_35cca.dir/link.txt --verbose=1
/usr/bin/cmake: /usr/lib/libcurl.so.4: no version information available (required by /usr/bin/cmake)
/usr/bin/c++    -fsigned-char -W -Wall -Wreturn-type -Wnon-virtual-dtor -Waddress -Wsequence-point -Wformat -Wformat-security -Winit-self -Wpointer-arith -Wuninitialized -Wsuggest-override -Wno-delete-non-virtual-dtor -Wno-comment -Wimplicit-fallthrough=3 -Wno-strict-overflow -fdiagnostics-show-option -pthread -fomit-frame-pointer -ffunction-sections -fdata-sections    -fvisibility=hidden -fvisibility-inlines-hidden -Wno-deprecated -Wno-missing-declarations -Wno-shadow -Wno-unused-parameter -Wno-unused-local-typedefs -Wno-sign-compare -Wno-sign-promo -Wno-undef  -O3 -DNDEBUG  -DNDEBUG   -Wl,--gc-sections -Wl,--as-needed -Wl,--no-undefined  CMakeFiles/cmTC_35cca.dir/src.cxx.o -o cmTC_35cca 
gmake[2]: Leaving directory '/home/debix/gocv-buildopencv/opencv-4.10.0/build/CMakeFiles/CMakeTmp'
gmake[1]: Leaving directory '/home/debix/gocv-buildopencv/opencv-4.10.0/build/CMakeFiles/CMakeTmp'


===== END =====

Build output check failed:
    Regex: 'unrecognized .*option'
    Output line: 'cc1plus: note: unrecognized command-line option '-Wno-shorten-64-to-32' may have been intended to silence earlier diagnostics'
Compilation failed:
    source file: '/home/debix/gocv-buildopencv/opencv-4.10.0/build/CMakeFiles/CMakeTmp/src.cxx'
    check option: ' -Wno-shorten-64-to-32'
===== BUILD LOG =====
Change Dir: /home/debix/gocv-buildopencv/opencv-4.10.0/build/CMakeFiles/CMakeTmp

Run Build Command(s):/usr/bin/gmake -f Makefile cmTC_19b56/fast && gmake[1]: Entering directory '/home/debix/gocv-buildopencv/opencv-4.10.0/build/CMakeFiles/CMakeTmp'
/usr/bin/gmake  -f CMakeFiles/cmTC_19b56.dir/build.make CMakeFiles/cmTC_19b56.dir/build
gmake[2]: Entering directory '/home/debix/gocv-buildopencv/opencv-4.10.0/build/CMakeFiles/CMakeTmp'
/usr/bin/cmake: /usr/lib/libcurl.so.4: no version information available (required by /usr/bin/cmake)
Building CXX object CMakeFiles/cmTC_19b56.dir/src.cxx.o
/usr/bin/c++   -fsigned-char -W -Wall -Wreturn-type -Wnon-virtual-dtor -Waddress -Wsequence-point -Wformat -Wformat-security -Winit-self -Wpointer-arith -Wuninitialized -Wsuggest-override -Wno-delete-non-virtual-dtor -Wno-comment -Wimplicit-fallthrough=3 -Wno-strict-overflow -fdiagnostics-show-option -pthread -fomit-frame-pointer -ffunction-sections -fdata-sections    -fvisibility=hidden -fvisibility-inlines-hidden -Wno-deprecated -Wno-missing-declarations -Wno-shadow -Wno-unused-parameter -Wno-unused-local-typedefs -Wno-sign-compare -Wno-sign-promo -Wno-undef -Wno-ignored-qualifiers -Wno-extra -Wno-unused-function -Wno-unused-const-variable  -O3 -DNDEBUG  -DNDEBUG -fPIE    -Wno-shorten-64-to-32 -std=c++11 -o CMakeFiles/cmTC_19b56.dir/src.cxx.o -c /home/debix/gocv-buildopencv/opencv-4.10.0/build/CMakeFiles/CMakeTmp/src.cxx
/home/debix/gocv-buildopencv/opencv-4.10.0/build/CMakeFiles/CMakeTmp/src.cxx:1: warning: ignoring '#pragma  ' [-Wunknown-pragmas]
    1 | #pragma
      | 
cc1plus: note: unrecognized command-line option '-Wno-shorten-64-to-32' may have been intended to silence earlier diagnostics
/usr/bin/cmake: /usr/lib/libcurl.so.4: no version information available (required by /usr/bin/cmake)
Linking CXX executable cmTC_19b56
/usr/bin/cmake -E cmake_link_script CMakeFiles/cmTC_19b56.dir/link.txt --verbose=1
/usr/bin/cmake: /usr/lib/libcurl.so.4: no version information available (required by /usr/bin/cmake)
/usr/bin/c++    -fsigned-char -W -Wall -Wreturn-type -Wnon-virtual-dtor -Waddress -Wsequence-point -Wformat -Wformat-security -Winit-self -Wpointer-arith -Wuninitialized -Wsuggest-override -Wno-delete-non-virtual-dtor -Wno-comment -Wimplicit-fallthrough=3 -Wno-strict-overflow -fdiagnostics-show-option -pthread -fomit-frame-pointer -ffunction-sections -fdata-sections    -fvisibility=hidden -fvisibility-inlines-hidden -Wno-deprecated -Wno-missing-declarations -Wno-shadow -Wno-unused-parameter -Wno-unused-local-typedefs -Wno-sign-compare -Wno-sign-promo -Wno-undef -Wno-ignored-qualifiers -Wno-extra -Wno-unused-function -Wno-unused-const-variable  -O3 -DNDEBUG  -DNDEBUG   -Wl,--gc-sections -Wl,--as-needed -Wl,--no-undefined  CMakeFiles/cmTC_19b56.dir/src.cxx.o -o cmTC_19b56 
gmake[2]: Leaving directory '/home/debix/gocv-buildopencv/opencv-4.10.0/build/CMakeFiles/CMakeTmp'
gmake[1]: Leaving directory '/home/debix/gocv-buildopencv/opencv-4.10.0/build/CMakeFiles/CMakeTmp'


===== END =====

Build output check failed:
    Regex: 'unrecognized .*option'
    Output line: 'cc1plus: note: unrecognized command-line option '-Wno-enum-compare-switch' may have been intended to silence earlier diagnostics'
Compilation failed:
    source file: '/home/debix/gocv-buildopencv/opencv-4.10.0/build/CMakeFiles/CMakeTmp/src.cxx'
    check option: ' -Wno-enum-compare-switch'
===== BUILD LOG =====
Change Dir: /home/debix/gocv-buildopencv/opencv-4.10.0/build/CMakeFiles/CMakeTmp

Run Build Command(s):/usr/bin/gmake -f Makefile cmTC_bae47/fast && gmake[1]: Entering directory '/home/debix/gocv-buildopencv/opencv-4.10.0/build/CMakeFiles/CMakeTmp'
/usr/bin/gmake  -f CMakeFiles/cmTC_bae47.dir/build.make CMakeFiles/cmTC_bae47.dir/build
gmake[2]: Entering directory '/home/debix/gocv-buildopencv/opencv-4.10.0/build/CMakeFiles/CMakeTmp'
/usr/bin/cmake: /usr/lib/libcurl.so.4: no version information available (required by /usr/bin/cmake)
Building CXX object CMakeFiles/cmTC_bae47.dir/src.cxx.o
/usr/bin/c++   -fsigned-char -W -Wall -Wreturn-type -Wnon-virtual-dtor -Waddress -Wsequence-point -Wformat -Wformat-security -Winit-self -Wpointer-arith -Wuninitialized -Wsuggest-override -Wno-delete-non-virtual-dtor -Wno-comment -Wimplicit-fallthrough=3 -Wno-strict-overflow -fdiagnostics-show-option -pthread -fomit-frame-pointer -ffunction-sections -fdata-sections    -fvisibility=hidden -fvisibility-inlines-hidden -Wno-deprecated -Wno-missing-declarations -Wno-shadow -Wno-unused-parameter -Wno-unused-local-typedefs -Wno-sign-compare -Wno-sign-promo -Wno-undef -Wno-ignored-qualifiers -Wno-extra -Wno-unused-function -Wno-unused-const-variable -Wno-invalid-offsetof  -O3 -DNDEBUG  -DNDEBUG -fPIE    -Wno-enum-compare-switch -std=c++11 -o CMakeFiles/cmTC_bae47.dir/src.cxx.o -c /home/debix/gocv-buildopencv/opencv-4.10.0/build/CMakeFiles/CMakeTmp/src.cxx
/home/debix/gocv-buildopencv/opencv-4.10.0/build/CMakeFiles/CMakeTmp/src.cxx:1: warning: ignoring '#pragma  ' [-Wunknown-pragmas]
    1 | #pragma
      | 
cc1plus: note: unrecognized command-line option '-Wno-enum-compare-switch' may have been intended to silence earlier diagnostics
/usr/bin/cmake: /usr/lib/libcurl.so.4: no version information available (required by /usr/bin/cmake)
Linking CXX executable cmTC_bae47
/usr/bin/cmake -E cmake_link_script CMakeFiles/cmTC_bae47.dir/link.txt --verbose=1
/usr/bin/cmake: /usr/lib/libcurl.so.4: no version information available (required by /usr/bin/cmake)
/usr/bin/c++    -fsigned-char -W -Wall -Wreturn-type -Wnon-virtual-dtor -Waddress -Wsequence-point -Wformat -Wformat-security -Winit-self -Wpointer-arith -Wuninitialized -Wsuggest-override -Wno-delete-non-virtual-dtor -Wno-comment -Wimplicit-fallthrough=3 -Wno-strict-overflow -fdiagnostics-show-option -pthread -fomit-frame-pointer -ffunction-sections -fdata-sections    -fvisibility=hidden -fvisibility-inlines-hidden -Wno-deprecated -Wno-missing-declarations -Wno-shadow -Wno-unused-parameter -Wno-unused-local-typedefs -Wno-sign-compare -Wno-sign-promo -Wno-undef -Wno-ignored-qualifiers -Wno-extra -Wno-unused-function -Wno-unused-const-variable -Wno-invalid-offsetof  -O3 -DNDEBUG  -DNDEBUG   -Wl,--gc-sections -Wl,--as-needed -Wl,--no-undefined  CMakeFiles/cmTC_bae47.dir/src.cxx.o -o cmTC_bae47 
gmake[2]: Leaving directory '/home/debix/gocv-buildopencv/opencv-4.10.0/build/CMakeFiles/CMakeTmp'
gmake[1]: Leaving directory '/home/debix/gocv-buildopencv/opencv-4.10.0/build/CMakeFiles/CMakeTmp'


===== END =====

Build output check failed:
    Regex: 'unrecognized .*option'
    Output line: 'cc1plus: note: unrecognized command-line option '-Wno-comma' may have been intended to silence earlier diagnostics'
Compilation failed:
    source file: '/home/debix/gocv-buildopencv/opencv-4.10.0/build/CMakeFiles/CMakeTmp/src.cxx'
    check option: ' -Wno-comma'
===== BUILD LOG =====
Change Dir: /home/debix/gocv-buildopencv/opencv-4.10.0/build/CMakeFiles/CMakeTmp

Run Build Command(s):/usr/bin/gmake -f Makefile cmTC_db91d/fast && gmake[1]: Entering directory '/home/debix/gocv-buildopencv/opencv-4.10.0/build/CMakeFiles/CMakeTmp'
/usr/bin/gmake  -f CMakeFiles/cmTC_db91d.dir/build.make CMakeFiles/cmTC_db91d.dir/build
gmake[2]: Entering directory '/home/debix/gocv-buildopencv/opencv-4.10.0/build/CMakeFiles/CMakeTmp'
/usr/bin/cmake: /usr/lib/libcurl.so.4: no version information available (required by /usr/bin/cmake)
Building CXX object CMakeFiles/cmTC_db91d.dir/src.cxx.o
/usr/bin/c++   -fsigned-char -W -Wall -Wreturn-type -Wnon-virtual-dtor -Waddress -Wsequence-point -Wformat -Wformat-security -Winit-self -Wpointer-arith -Wuninitialized -Wno-delete-non-virtual-dtor -Wno-comment -Wno-strict-overflow -fdiagnostics-show-option -pthread -fomit-frame-pointer -ffunction-sections -fdata-sections    -fvisibility=hidden -fvisibility-inlines-hidden -Wno-deprecated -Wno-missing-declarations -Wno-shadow -Wno-unused-parameter -Wno-unused-local-typedefs -Wno-sign-compare -Wno-sign-promo -Wno-undef -Wno-ignored-qualifiers -Wno-extra -Wno-unused-function -Wno-unused-const-variable -Wno-invalid-offsetof -Wno-suggest-override -Wno-implicit-fallthrough -Wno-array-bounds -Wno-stringop-overflow -Wno-stringop-overread -Wno-extra-semi  -O3 -DNDEBUG  -DNDEBUG -fPIE    -Wno-comma -std=c++11 -o CMakeFiles/cmTC_db91d.dir/src.cxx.o -c /home/debix/gocv-buildopencv/opencv-4.10.0/build/CMakeFiles/CMakeTmp/src.cxx
/home/debix/gocv-buildopencv/opencv-4.10.0/build/CMakeFiles/CMakeTmp/src.cxx:1: warning: ignoring '#pragma  ' [-Wunknown-pragmas]
    1 | #pragma
      | 
cc1plus: note: unrecognized command-line option '-Wno-comma' may have been intended to silence earlier diagnostics
/usr/bin/cmake: /usr/lib/libcurl.so.4: no version information available (required by /usr/bin/cmake)
Linking CXX executable cmTC_db91d
/usr/bin/cmake -E cmake_link_script CMakeFiles/cmTC_db91d.dir/link.txt --verbose=1
/usr/bin/cmake: /usr/lib/libcurl.so.4: no version information available (required by /usr/bin/cmake)
/usr/bin/c++    -fsigned-char -W -Wall -Wreturn-type -Wnon-virtual-dtor -Waddress -Wsequence-point -Wformat -Wformat-security -Winit-self -Wpointer-arith -Wuninitialized -Wno-delete-non-virtual-dtor -Wno-comment -Wno-strict-overflow -fdiagnostics-show-option -pthread -fomit-frame-pointer -ffunction-sections -fdata-sections    -fvisibility=hidden -fvisibility-inlines-hidden -Wno-deprecated -Wno-missing-declarations -Wno-shadow -Wno-unused-parameter -Wno-unused-local-typedefs -Wno-sign-compare -Wno-sign-promo -Wno-undef -Wno-ignored-qualifiers -Wno-extra -Wno-unused-function -Wno-unused-const-variable -Wno-invalid-offsetof -Wno-suggest-override -Wno-implicit-fallthrough -Wno-array-bounds -Wno-stringop-overflow -Wno-stringop-overread -Wno-extra-semi  -O3 -DNDEBUG  -DNDEBUG   -Wl,--gc-sections -Wl,--as-needed -Wl,--no-undefined  CMakeFiles/cmTC_db91d.dir/src.cxx.o -o cmTC_db91d 
gmake[2]: Leaving directory '/home/debix/gocv-buildopencv/opencv-4.10.0/build/CMakeFiles/CMakeTmp'
gmake[1]: Leaving directory '/home/debix/gocv-buildopencv/opencv-4.10.0/build/CMakeFiles/CMakeTmp'


===== END =====

Determining if the include file sys/videoio.h exists failed with the following output:
Change Dir: /home/debix/gocv-buildopencv/opencv-4.10.0/build/CMakeFiles/CMakeTmp

Run Build Command(s):/usr/bin/gmake -f Makefile cmTC_9ea60/fast && gmake[1]: Entering directory '/home/debix/gocv-buildopencv/opencv-4.10.0/build/CMakeFiles/CMakeTmp'
/usr/bin/gmake  -f CMakeFiles/cmTC_9ea60.dir/build.make CMakeFiles/cmTC_9ea60.dir/build
gmake[2]: Entering directory '/home/debix/gocv-buildopencv/opencv-4.10.0/build/CMakeFiles/CMakeTmp'
/usr/bin/cmake: /usr/lib/libcurl.so.4: no version information available (required by /usr/bin/cmake)
Building C object CMakeFiles/cmTC_9ea60.dir/CheckIncludeFile.c.o
/usr/bin/cc   -fsigned-char -W -Wall -Wreturn-type -Waddress -Wsequence-point -Wformat -Wformat-security -Wmissing-declarations -Wmissing-prototypes -Wstrict-prototypes -Wundef -Winit-self -Wpointer-arith -Wshadow -Wuninitialized -Wno-comment -Wimplicit-fallthrough=3 -Wno-strict-overflow -fdiagnostics-show-option -pthread -fomit-frame-pointer -ffunction-sections -fdata-sections    -fvisibility=hidden  -O3 -DNDEBUG  -DNDEBUG -fPIE -o CMakeFiles/cmTC_9ea60.dir/CheckIncludeFile.c.o -c /home/debix/gocv-buildopencv/opencv-4.10.0/build/CMakeFiles/CMakeTmp/CheckIncludeFile.c
/home/debix/gocv-buildopencv/opencv-4.10.0/build/CMakeFiles/CMakeTmp/CheckIncludeFile.c:1:10: fatal error: sys/videoio.h: No such file or directory
    1 | #include <sys/videoio.h>
      |          ^~~~~~~~~~~~~~~
compilation terminated.
gmake[2]: *** [CMakeFiles/cmTC_9ea60.dir/build.make:78: CMakeFiles/cmTC_9ea60.dir/CheckIncludeFile.c.o] Error 1
gmake[2]: Leaving directory '/home/debix/gocv-buildopencv/opencv-4.10.0/build/CMakeFiles/CMakeTmp'
gmake[1]: *** [Makefile:127: cmTC_9ea60/fast] Error 2
gmake[1]: Leaving directory '/home/debix/gocv-buildopencv/opencv-4.10.0/build/CMakeFiles/CMakeTmp'



